MMM brand data.csv
Week,Price,Promotion,Sales,TV_Spend,Radio_Spend,Print_Spend,Search_Spend,YouTube_Spend,Social Media_Spend
1,14.685360026743076,1,167.48171211983308,2185.430534813131,3527.163473940041,3417.156293350199,4611.101051312127,3444.378446903252,2748.5160967807406
2,11.03627741385473,0,442.9442304599727,4778.214378844623,4085.0662873611755,1275.738629473248,2864.122168187741,860.1465639467149,3860.360476306674
3,12.078636648718813,1,506.8865409211461,3793.972738151323,1627.1055445662455,4425.775535096667,3762.0962232623797,1590.4841515418254,3032.0005129534993
4,15.750871740221758,0,270.70835502257523,3193.9631788866645,3311.9334482314953,3259.0230758115868,2462.2173408766453,3981.5570591566284,874.8616240030838
5,18.14459044500191,0,116.71834840193418,1202.0838819909643,3072.856924146869,1207.4174760062942,3335.1555989409717,2879.0863415546887,1335.1110655259993
6,9.083282012596635,0,564.1660545159165,1201.9753415129119,4247.736696,4830.521258665431,2032.5917183950341,4675.860778041701,1486.9768281391362
7,10.131151939566061,1,502.7797999,761.3762547568977,4577.391772165673,2832.6445850089426,1855.215589034504,2429.381337536094,1660.389141401802
8,18.96109094543619,0,133.88877475981073,4397.7926559872085,554.7054716482406,828.0430334224475,3102.0340377628117,4414.155646162653,3044.315263777269
9,13.67767688614168,0,426.9152133,3205.0175528444397,3533.089635764567,3320.7480698678023,2741.5835338279117,2520.2994686520688,2767.8460092142705
10,7.684427257025016,0,583.4282614652624,3686.3266000822045,733.2610960387806,1639.395081557646,3107.913661174915,4906.617254158934,1414.2201726389403
11,14.955427083685741,0,240.42903102712452,592.6302243,2969.8639928481016,4116.620533447861,1789.9726157916034,4819.254716294946,803.9967955505919
12,19.861432333090697,0,31.511498479006768,4864.594334728975,1794.347280696552,4180.199331047857,2151.3102431764787,1981.1151750023614,1271.4449201362313
13,17.35180347,1,263.48965148397895,4245.991883601898,1880.4946978496355,4905.263101345979,877.5408228300919,4486.656516875614,4929.715906783715
14,16.186117048271043,0,185.90778481625287,1455.5259980522428,2088.313265535605,2758.4128896102666,735.2436752249257,4314.251183970422,2608.4612740616253
15,8.120699813994039,0,560.2130124315134,1318.2123524319527,3295.8160207232454,2547.305958774817,1640.5570835285732,1448.0617879740328,4403.054771159506
16,18.14209677026011,0,85.74491739549727,1325.3202943404522,2003.2248455094614,3890.6402245091626,834.1108669874559,3309.306803524714,4319.386100009795
17,12.886832653033196,0,256.8474840990382,1869.0900933179198,3797.145727656262,1096.1179535386696,966.9861888563331,827.0704201541669,2801.8380085829317
18,18.339350331079334,0,206.7502698643945,2861.4039423450704,2320.373235082414,2961.1198120690588,4158.177824272717,4265.198242625577,3680.094688072446
19,9.947417441,0,354.7602509508016,2443.752583889521,807.5894013948138,2958.114200588829,674.9316365751018,1285.4564757657345,1367.3840468572052
20,5.930765789531492,1,694.6722027034903,1810.5311308911887,4026.9192911784826,902.6290526467425,3465.2425727063423,818.6661562359403,3597.785172171087
21,12.139639529896192,0,360.4213748040735,3253.3380262507076,1785.9124606671771,2380.928384781111,1726.5098696693024,2300.98593,1725.7306066848028
22,9.047564072268166,1,715.6048023673576,1127.7223729341881,2447.4509581966818,4339.781593552409,4421.955563,3096.1496236983958,4244.279435393679
23,15.728439346644473,0,312.8445433567391,1814.6509184084816,3584.497474498557,4352.691298975971,2682.465280598748,4347.126313518969,876.7585989900947
24,19.356598292840488,0,52.34528455666664,2148.6282948216126,1996.052707169204,946.5694921385646,1875.0940669752158,4884.0913648478145,3979.124027983749
25,15.364612267273458,1,310.78922070789775,2552.3149289766616,754.6354526602203,908.2439723652388,2829.3752106024554,2477.7163065643863,949.7160795587879
26,18.304008945638053,1,205.11405769581526,4033.291826268561,2182.644711557661,1682.129646508709,2218.811086,772.0111534337159,4465.351566
27,11.795360204018095,0,469.4250315043952,1398.5320197126189,4750.018622124366,4436.447281,3039.354791014236,3871.020105616418,1868.9203316075168
28,16.574611057929523,0,191.9542302791895,2814.0549728612523,3387.804787843512,1080.061632830745,1015.397907468567,3043.2796530077185,3444.7701417375865
29,17.645651550075552,0,297.2142667486082,3165.865559879191,3521.656169002431,3739.985611823508,4986.4572626564795,2515.511051800084,2693.7602537912594
30,15.663134413753136,0,272.0927010225085,709.0268572399898,3345.2696913693794,955.2452882589645,2415.0014496352287,1891.7099545648534,2148.3641536805253
31,12.616659291043469,0,336.1284871961983,3233.9518335564726,1395.4646253174656,3304.1203418652144,2067.037878683159,2760.7933752959107,3404.488249325734
32,14.387991644230521,1,430.2722588284663,1267.358556592812,2382.5023884602606,2102.3028460361515,3695.944317423192,2024.0582200566391,4763.853412480571
33,15.507604935183204,0,263.9649655,792.7321684337578,3879.229092634932,4050.1128333464017,2137.547329228996,3906.553404863121,685.7138631857983
34,8.796266048321403,0,609.7546571744008,4769.984917639999,956.1780389892161,1551.6070197141362,4249.734372629409,2947.5216342168846,4634.837851473969
35,17.143688913724773,0,225.3585034634885,4845.344148835517,1750.3374924037053,3376.4082322548193,2544.2182596219136,4445.8149836935045,3240.867447594561
36,19.25486808,0,150.14151094452694,4137.7880665240755,1743.4359880963414,1560.5714055914823,3738.012859694457,2945.947615922489,4132.914353460736
37,11.97858972769904,0,394.8426585662994,1870.7619612801682,2444.0851741752767,3711.471274004692,983.5394739884895,1572.1808600296852,2227.437290454249
38,15.51600774664816,0,319.1129532704976,939.5245130287274,4911.659334239833,4431.551156,4307.536334998003,4329.91347,2623.293386769262
39,16.055388586855308,1,378.70545239377554,3579.048619304706,803.7614600771988,1070.6080960704203,3810.7309405014944,3007.4857021851976,4409.828383105238
40,14.933713212822205,0,290.27402644295546,2480.686221828206,2834.1544747126777,4399.680598679766,1452.7255030788456,1430.7846716460258,2366.815864144204
41,13.206726624929534,1,386.46616504633727,1049.1720568015048,1307.141069054947,3171.0886448643405,1153.7870438560399,3305.7851448029996,2905.9680503708823
42,18.224719318622157,0,64.96593378266935,2728.2960955007156,4868.044454343849,1071.9972089016078,1923.3155692653097,2109.725442240924,590.8771538794981
43,11.733900639033417,1,479.00324449232255,654.7483450184827,1009.865771273589,2423.938349118704,4892.317637143569,4299.825255314296,1213.6910262711904
44,5.9165443472990535,1,738.7208670576953,4591.941809354519,2316.2045106271607,1223.8713206829407,1655.742085551764,2539.8488239094427,3387.589285886599
45,17.668345635682403,1,307.9844469191691,1664.5099172000762,3820.4824317557277,3651.565499899563,2552.57244,3768.986111483375,3726.396054787447
46,15.10971908474826,1,346.45708435141574,3481.350279592919,3670.494926123504,3914.9066048807736,635.0910157280134,929.9129343630673,3121.7042155302474
47,17.7388794,0,120.26147932753447,1902.6998424023493,2402.278866022695,976.0843412275954,2287.5238830480466,2282.1095583605575,1144.8951632402482
48,7.078211636670415,1,736.1304251524191,2840.3060953001486,2059.358755787232,2777.6293371258994,3070.9400694489623,4924.586464125794,2504.3244286002564
49,5.461294107645745,1,872.2364771814805,2960.1962570447586,2289.2557034879173,4165.812752116627,4789.060756285843,4138.071302647168,2097.926448634354
50,19.01561810573752,0,183.21828491493085,1331.8450498648717,1689.2431842138767,4712.733686979484,2825.312202,1219.7336106511789,2730.4760481578974
51,7.2159245877586145,0,704.1554790197197,4863.130824940514,1423.9982241805992,2810.8304003379653,4185.982967799595,1749.9382226476478,4416.480655493424
52,17.144784981056777,0,300.6604427,3988.0977051250156,2673.678639015005,4776.256506251331,2962.0743915600524,1984.171139853625,3991.376473963933
53,17.348149132709537,0,148.58573288223215,4727.745237038851,1708.4019023042329,2910.600367052134,683.5325604598315,3426.6450222295057,877.9527562512153
54,15.630578008235045,0,255.61068524884652,4526.723077,1793.5774920376255,2273.857225699586,1917.5372383539832,3906.476418,4506.39139
55,6.9689331663930645,0,677.0979075832461,3190.549904649883,3455.402285635507,4316.914078488029,3089.9727852399647,3872.869739635594,2622.952180174206
56,15.010979368412114,0,403.9619241143681,4648.434057604026,4858.417992649515,2718.4221970614008,4777.6728466900595,2794.433253378813,3847.379651986993
57,18.336298749902987,1,356.9295572256136,898.2162592336377,3216.367402517188,2623.5612975403537,4366.086619,4148.69242,1130.1765406895847
58,11.382974672013248,0,473.4416981196635,1381.9228808861535,846.4076017923483,2706.4062023442275,1527.6002638048144,2466.851372408638,3518.2378656817164
59,11.202752815678984,1,422.44986382887123,703.5228000974213,840.1262623433014,4310.532508413854,1490.4942350862357,1057.4625438300286,1563.4670792425607
60,11.642874643691286,0,369.10295410212535,1963.9864884346896,4781.4044938050465,4243.736937596234,1405.2783520125536,3039.9882874421596,2472.714037134192
61,6.234078360143096,0,620.7429909,2249.047803602669,1837.8085563830014,2315.839966,4651.245033361264,4785.356231,575.8829153694699
62,18.380383535449603,0,127.17164147228291,1721.0706429825316,914.3014373711394,1999.8493694173626,4336.997688957743,4068.471431266301,1182.247870687142
63,18.037742959707657,0,143.01052453296379,4229.318791183682,3195.700642176717,2713.676108176082,3986.9754451382696,3104.1529146150906,914.3622191
64,19.968639826854293,0,50.179509059057295,2105.3899701211517,3306.4195023061975,3077.4762938169906,2267.308014009024,3410.625471570936,1578.848778222163
65,13.777747122476201,0,276.12894844832937,1764.2052935932134,3418.2716905340967,1572.5174478259862,2769.7131693444508,4687.529121660077,950.0814051094502
66,16.267874546770784,0,280.9309768707691,2942.132374212118,1703.309125358936,4072.7978812201577,2589.4928515781876,2427.5425749573224,3613.5951197880286
67,8.040078595,0,448.173813,1134.1590123864319,567.9980789651377,2689.172445795903,1640.2914840171768,1991.273625241868,630.6795599414871
68,15.012932273362543,0,311.96269841359276,4109.886413393178,4842.569162545124,2003.2049678898181,2772.626207669451,4897.587043,3279.832252812491
69,14.745992731360861,0,181.94241160425784,835.4778965589687,1629.0187056099612,980.6944683379577,637.2344653,4385.494100796501,1133.185238715084
70,18.518131037624187,0,84.4453336,4940.991214702328,3542.1182962364637,1574.8032218162311,1093.1466807385664,1953.6961307837107,4753.226557300536
71,17.46189084258611,0,344.6959872,3975.101461834958,3679.834414454193,4771.765272901926,4489.653182760259,2587.0126881241526,4698.923328994344
72,19.076996939266447,0,177.24169933067822,1394.2205669037758,3245.0333768576857,1872.9485906878697,3882.5589516414047,2367.8515805350958,1514.7639613443316
73,18.032502090524112,0,159.0536801003401,524.8495270562108,1908.083273961417,1259.866802151659,2402.9078407658917,1170.9305540214527,3264.895842003633
74,18.03040842348278,0,117.89127645796232,4169.576428046754,1719.9331419382959,2573.0275624474693,2827.1766302774477,4810.186957159666,626.0239376
75,5.955849900330774,0,673.2346131177457,3680.858047314277,3189.507272162164,1881.894845121119,2164.9949868198983,2319.405940488915,4693.048443730283
76,17.68942929043934,0,203.31966870745902,3780.5322561844428,4397.430351252611,658.2166262203737,3833.509402223026,4438.980871870586,2853.4428868626937
77,14.112175917546772,0,394.3210049133511,3970.7165600867556,4760.3017801552805,1954.1534777573777,4028.842306544358,1352.1030245629927,694.5041813800054
78,10.706666776489417,0,522.1538734423708,833.2009328034067,976.5761198169093,2948.4888077276087,3934.783355914216,2965.4186478674887,2041.2499685366183
79,5.847719365820935,0,631.5621884541888,2113.0957784492266,1196.7287566897394,2982.705674089851,3751.752761755023,607.8262330592142,845.8225783755539
80,15.16510662,0,241.66897041295672,1021.4107678630837,4751.313164523858,2104.515145295999,1420.269524117581,3938.9921772903886,2268.2499771801195
81,9.923026258064262,1,582.7198533882485,4383.965416440171,3814.4085275065668,2512.8624031367026,2020.8649065821546,3114.1125421082525,3514.668539725954
82,12.016643974790522,1,543.0672977244083,3304.8415707240106,4473.472211733979,4844.830632056449,2614.3044574265373,3315.153125613887,2614.5045861864783
83,15.225926555827014,0,308.4076073,1989.0411118369213,1411.846853609044,2198.068147536402,1988.5684614244503,732.7439714959405,2226.749786237545
84,18.676618205362143,1,254.7887232,786.0125762871064,3144.136419992308,1662.0206596699234,3897.2309007124804,1449.6724859387693,1036.2067049320917
85,17.381553734074977,0,99.42214326116375,1899.4204477204798,3655.1281748786314,1595.6016983004206,1982.090859124796,834.4889255911107,1602.2257056214535
86,11.758956936553997,0,239.85430695981168,1963.3249491203617,3560.503484511377,2559.940757168604,1122.044390534017,1800.114421117153,950.6447948
87,10.816747361695683,1,594.7612160012256,3783.227802521288,2336.6826089001415,3917.8406692262483,2295.6820342173683,3323.4755345696794,4133.744292454973
88,8.596696082660712,1,631.8317391628057,3369.008621098459,569.2770126108882,1426.9468288481294,4909.614947520711,3047.8369294281883,1108.5792259312516
89,10.586401267639523,0,493.3372551889674,4492.457341593469,3123.1672556191843,3691.8325721334563,1516.4663582010915,3254.6741972602563,3179.1801494700208
90,6.665695809378475,0,668.9837805972235,2624.967163228772,1638.9569263082394,595.1742050723733,3254.7139652445308,2971.6307212005245,2042.3318611498064
91,19.56658262547132,0,49.404618032238865,1038.1741067223577,2526.1441076430065,2385.198400927757,2448.3787242786784,1728.6295805413672,1516.9027309483258
92,13.608761659393684,0,324.41341797976906,3709.6015425034775,4809.114567877178,3991.392793412541,819.6105544219698,1600.2837380499136,3377.607977714467
93,6.917087641928194,0,616.9703766585081,3923.5327187760386,2295.6589293909565,2024.2983009849413,2695.4447269912675,1116.7685759146157,2556.5103921962327
94,10.292090138988588,0,547.5465402513355,3025.747389062733,4279.107229989921,3036.8169565042977,3659.739478917406,4320.818937065715,2300.654602780516
95,13.205587154309839,1,481.2747419582532,3969.3523097955244,1348.432726,1422.4065477165987,2809.4898912251842,3274.157113,3167.834022014997
96,12.993284549613044,0,432.5059350491131,2722.080183639758,3526.072241,3838.979260067775,4424.477286859615,1339.299556268269,2710.704328205003
97,5.532550530779485,1,768.4074973312526,2852.297732218973,4896.531294975246,735.2559647094183,1800.216574959122,1297.4422091955778,1865.6789384820236
98,19.26261551343667,0,36.314343841233615,2423.934582613473,958.5189539282155,4336.441901939752,888.1212708678422,4428.660206867615,3015.7757949436323
99,9.130635222,0,558.9757846519208,614.3860703484283,537.43974,1391.8837388975066,4714.545252461027,3842.2888869349367,3512.7435944781255
100,5.242770033978368,0,664.6131849288959,985.5114215,2451.1225668467646,4434.791142687489,2201.8835728769855,3467.295859574171,620.1192136408442
101,6.146660134254237,0,617.8702154434109,641.4313355903041,916.8146737311524,2086.381585852328,3093.824982,2330.8884839268494,2596.422780084539
102,13.702923548719655,0,288.53714238065635,3363.8468506870117,3867.729573543041,3752.0760851351897,4064.014067585882,1678.890039253329,759.5747806259469
103,7.066782810126453,0,610.4324406,1914.601915,4615.468987318515,1936.513840037848,1959.4114874401125,4907.528434007707,1338.824363
104,5.625871892802549,0,774.3015622689006,2788.5681102411627,2453.0943771894144,4576.602520555914,3722.7404217992503,4087.578087602601,3022.289303350879
105,10.69439699619067,0,468.8235180758882,4584.049132667418,1664.2023896994842,1069.8670648326847,1109.3848241802261,1858.006504113244,4397.850118695113
106,14.341417885102828,0,281.30306643884865,1621.8150311699374,2454.8149355297437,1303.3390517266942,1810.8218624247738,4314.041583253226,4472.625556348182
107,6.677597072624186,0,565.2842330650254,2346.723153660334,3755.5151803250046,2718.635563,1151.1978626143396,3915.1937687660666,814.7480456238407
108,9.699917482269733,0,505.28946156236293,3899.980123443719,540.7437271116694,868.7229756716577,4150.537513,1836.8624744509927,2385.972888
109,11.266410074368133,0,415.9165253,1529.591744712301,3152.542952681137,1381.9108311579287,1501.9215585205343,2419.4878440873786,3123.5291735204805
110,7.3919014668015075,0,593.2679311201955,846.4095942295685,3259.8125819932056,4746.9487199540645,3728.3159993234462,1336.7905042596199,1161.8145704765452
111,12.591108477000652,1,543.1788940127453,1803.8815381119562,3369.5971110317096,4894.203475165492,4744.842787605437,999.7359997014921,3944.4449753514727
112,6.278211303526564,0,669.8491591035782,1225.4957926430197,1589.0993599139474,2193.1669819868985,2874.9749408099465,3752.4291477786355,3849.0586629675745
113,5.697777445,0,744.1831828745013,4683.639435541579,3713.2372552015704,4654.787095,2930.1313651730948,1703.8033580923998,4565.034561680575
114,12.797530507327021,0,382.24320042138964,4136.5417080398765,911.2616884929938,2951.711040530443,2574.651056440154,4190.267145858141,538.1870543754936
115,8.718454591263134,0,494.7453863,3350.3169042969057,1396.7165141006035,1713.8410964319517,1966.5056452713923,4980.239201814918,1475.0790979505118
116,6.430607118470412,0,672.2227541105531,4421.5726558447295,4448.615209945168,3660.794244862694,2640.447639162127,844.7891627,4222.340214103948
117,11.358688812314483,0,584.3907210439066,4116.524346046015,3824.2541782695484,3465.0581295868574,3212.6338952004176,2628.658062876651,3517.6102287212093
118,18.72711109276092,1,398.6420361471795,1339.5652649871613,561.8549930510536,4951.063936,4936.962074767967,4109.281516898614,4524.754341643209
119,15.862886699812325,0,345.7577617295862,4516.515493,1617.6931716641009,1692.7127933417748,4719.940516932009,4050.279034435551,757.3084453861993
