MMM brand data.csv
Week,Price,Promotion,Sales,TV_Spend,Radio_Spend,Print_Spend,Search_Spend,YouTube_Spend,Social Media_Spend
120,17.234238730205412,0,322.77566670182125,2927.0400886204284,1464.8291734692407,3524.267761977809,4379.688312319047,3919.987212489358,3186.337845723993
121,18.07870983137955,0,253.6086000085251,4133.480698238282,1718.6284761663767,734.1068976,4501.087410671862,2070.477208858599,3060.709587021534
122,19.589416120946282,0,80.52797276742535,4532.41085,1614.0189662594887,1011.4071741352374,2605.3213248141933,2542.3396505827354,660.5348736223957
123,16.448698602712597,0,140.51853798603173,1931.0156373733873,781.3683308428058,517.6326872799197,3458.4994722985916,3177.357608036616,2810.8493461061757
124,14.126118829092196,1,494.68190093424084,995.2336603745455,2565.2323246856913,4997.573064768529,4527.800253212963,4882.732626079657,3242.8414008946593
125,10.481388204533708,1,582.8408763612409,1525.7082314387376,3797.3006365377432,4110.231637,2268.278442461089,1973.962719223218,1360.8192839094827
126,7.724648548365741,1,713.2238672802852,2421.9850488181537,3230.292761228464,4040.2535663009335,4827.931153,4654.147494725859,1729.9831240609833
127,15.299898109749414,0,297.73725588373054,4181.066446651219,3527.922508691359,2793.767338796809,2371.037279311324,1712.1061318122236,3381.5630583398165
128,19.924249791829126,1,263.5061880045107,4373.287624653545,865.1713034130762,1850.3018730744798,3204.871994,4950.8350946316705,2607.3542641998124
129,12.010380269283786,0,506.50037726020565,531.2845873903582,4781.708195795542,1180.6892800820417,3694.121209725674,3516.1865907241627,4361.0614590574705
130,15.855190521392114,1,412.96817131831136,2798.3628615990456,4273.213252293612,1781.0363248090864,4777.664058841722,2585.801661613479,2040.7179470413475
131,12.426386749897343,1,489.34179907727076,2378.3495141695057,4122.906433230482,2191.8704986811263,1600.7732332351973,3260.256926286222,1699.9684627469053
132,11.47900135045215,0,555.4070935319442,1499.485147118286,4203.427122687954,3903.3954364113233,3857.589402,1726.3902606809306,4931.896731551792
133,11.154584203398727,0,479.2582093481533,1039.3941530015727,4697.197286597426,2928.478050064186,2843.6701376483697,1733.7823588015997,4600.110965585375
134,12.569370243975463,0,327.8809250703218,2019.2682713163258,2949.1428475116395,848.6763194996721,1708.5071327928847,1010.9954472957222,630.4673524954094
135,10.503434927980624,1,547.2439009011831,4743.093667606337,1401.2690804043164,581.1305403151051,3994.7307790837576,1013.2263396742944,3968.2787688795465
136,16.231599827327116,0,205.5997865548619,1954.4131940933985,3275.526235336435,960.4948079032843,2985.0002607823094,2064.522836610101,996.5064822134134
137,18.11408039887275,1,220.6058403827143,2834.5577978451474,3842.966721505725,2347.244211638207,3474.382192923541,3932.8496505336725,623.6833767321693
138,18.243279599677763,0,153.10384265725122,3663.585315,3820.628270093114,4699.368126720582,1953.0548086005547,3235.8702541917314,1731.629822
139,8.415480701387388,0,534.3194651201453,2136.3332107068227,2846.5206087509605,3368.311165441497,2665.7327832242227,961.6305214895937,1712.0564557749694
140,18.438637080972363,0,220.94322337889554,4873.019372244323,808.0642370011012,4108.216549439818,3278.094129446302,4335.064362391599,4186.934430561341
141,10.123268477826576,1,641.3373796042089,4831.012827,2170.0082229355753,2598.6856752704684,2322.098664214298,3206.154321455299,3698.002606742758
142,9.639614982279465,0,556.9054457051069,1633.0203312141387,4643.449738085108,2127.4973743776927,1392.676429314656,4823.8500955315085,4917.242422994064
143,15.901340860973539,0,429.42454616815695,2737.6182765157346,3130.020093908417,987.8016772248022,4827.382215418868,3515.834603350434,3701.808051403183
144,9.570445101294341,0,659.5746895641498,1853.9523941754635,2922.4937446507106,4441.698599837922,2801.6039301917785,1288.2868866688145,2382.1499896522155
145,5.794496084145652,0,715.6924707225808,1781.7822246986043,1709.8408147198709,4024.220130625563,3802.641666294652,2632.02513,3645.1744742534756
146,10.60426658465462,0,427.3191177,665.9912630953976,2158.020139624605,1256.531439189763,2349.7123710022615,3418.2391889624187,4997.565802
147,15.821984005375235,0,296.57297033916825,3243.0395029095357,4529.057401189262,2805.172537443172,2098.0929381157234,627.1911547248997,3695.6384715313766
148,9.904376304052647,1,598.6555921798674,2762.0556045298767,3499.0837138707607,2693.186635645602,2332.2393431020623,567.0961886966355,3927.5661019114323
149,14.443385839927197,1,429.1289542105849,731.6543806249521,4043.2416203854978,3312.9119870893787,2341.384897035424,1082.3135026935556,4722.642568356167
150,14.901791663946955,0,281.04753614869077,1753.9090890647515,2544.554403804448,4757.841022960675,2948.810521738791,1632.4899577046185,1011.4306759025751
151,16.006040175895343,1,393.97918960954024,4587.196486849942,3336.1124875527107,3108.971487931158,2945.614414916134,2432.9710558430397,3671.529320514771
152,18.456956994664047,1,323.09518167299893,1578.028508001376,1617.726239344434,2930.9777005037836,2737.1921714729224,2693.482131919048,4328.6268108535205
153,11.488467489026473,0,408.3032718135151,1152.0269244105039,3674.573736275688,726.4531982059877,1106.5360321284716,1121.1242402205355,4794.703700994019
154,7.496481149936856,0,521.1408508865206,2702.5374212490337,2424.2060016650175,783.0836420811077,2732.3396532523902,3530.2621060212387,1449.3618037026472
155,9.783885731,0,423.64086757653865,4935.427043497703,2491.4548166663553,1343.060561,1260.9675518929316,3182.621277634407,2767.680534759099
156,11.482508827609788,0,331.44948923930133,1589.2487218017518,3421.9504605959673,646.1184726128672,1067.6110383309433,1825.0884447852209,3562.496814400168
157,15.708372039921697,0,303.58950513931575,3524.6099633264535,4713.262797,3845.0880300650556,4696.9057280352545,561.4694755,1613.6047827560185
158,5.196831883424503,1,785.8992821,3927.288268979229,788.0285597387942,3754.986367972834,3222.275059164669,849.4156190898084,3202.127884626233
159,9.736780751598184,1,622.6242479925287,1569.3689479657985,4211.344568061534,1112.2530549423932,3467.7052615606294,2262.6264897987776,1659.1045212409972
160,16.697638715289752,0,224.20944630790012,3776.973568753368,1815.723996854869,4262.355053578764,2308.071516500137,1192.8845802455776,2000.5565923924128
161,15.062865549960431,0,358.4240938295609,2155.0240972366396,2497.637545,1196.5371568075038,4590.414013616889,2195.688227665869,2486.834134298893
162,15.976099603784078,0,278.92909152538425,3345.3762376711074,598.6099794875403,1855.2901414881146,3370.6872031084945,3326.821720296598,2881.3554443595513
163,17.17716154158792,1,303.9775735381725,3350.883698424026,1854.7073502544085,1620.3960462261425,3961.2644128561437,2962.568425456776,2522.146422313178
164,16.748535783169434,0,218.11250889761874,2910.9860783364134,2761.840591835587,2175.381943578715,2158.5311106247123,1540.291474118274,2719.3798390456814
165,15.23274749229167,0,262.64773240725816,906.3039652448374,752.7923480634756,1645.9869465048284,4820.053463686065,2047.2012106643858,1843.649403297317
166,11.59492298555886,0,459.0586352040393,4258.861230151571,2709.930782224243,2700.2791689730343,4192.075805712418,3263.1403930189276,1215.3429231018376
167,19.75397493317231,0,127.1225903320917,1943.5102923728114,4671.997829862923,2333.3354660960845,4342.768083565446,4373.847626195519,713.0748979707774
168,13.536097933851106,0,341.97860390308256,1339.333296799344,974.2694814851235,4939.562708506969,1274.8742034158943,3889.4604743249474,1381.9042512125047
169,8.041538140532587,1,603.6896331129707,683.4881369964376,3939.9832763397694,751.6685755770155,1719.3344354204878,2990.300120750367,3118.746386776024
170,9.392192826571765,0,490.6062534163034,3159.018244347088,2343.519740191967,1139.8161937430823,1785.3196985760967,2130.3184924241878,4037.5195151140956
171,15.403436839557049,1,367.71155606384474,3549.0396282902707,3448.281715359521,737.7165225887112,1719.0915046109203,2142.7307489381246,1261.6141884930253
172,18.871093477991955,0,109.5165557987806,574.6452301753527,1671.0646909335321,3316.285377420691,4349.336729469296,4457.377896189782,988.4991099769181
173,7.680801938088463,0,478.70725661698737,2804.418762346764,1217.7151814361123,745.2917483617381,643.4815784386644,676.5960921824588,3871.8066224716263
174,6.235197436186795,0,483.78654906829667,1519.2309883907208,1222.0817642205188,4263.978818192555,842.4499504134844,4945.921899891175,1873.2124874178037
175,18.222965720630093,1,199.47732278371294,3403.2775568425245,817.2137553941509,2803.723838068675,1732.6169178345667,3489.689349,4781.747476523086
176,18.729169683692515,1,143.3212167,1284.6489305224613,1335.4101720555936,2871.5343106169016,1399.4283859224965,3565.1196458257573,3714.430867746679
177,9.14569018,0,506.22177298184465,3609.2198214610967,3488.987232450357,3027.175284704874,1543.3682624728176,670.9902678713397,1970.402212593639
178,10.659285865568599,1,606.3866181447999,2240.309058352418,4467.607753295786,1268.6616783779482,4090.744352,3224.881737010725,1802.9423650716722
179,14.902819962467875,0,316.87523912895267,4715.284949315305,4163.565585160228,1389.6063640151938,3034.069672514211,2681.5012704070114,2856.642738220891
180,9.948950312637123,0,396.9358471011302,1118.8442486569697,3583.1043944351786,1934.677952928521,525.9679758,976.0050810233015,856.1510072519425
181,18.157380624050795,0,62.414011162982845,2034.7985797261633,996.9433853,3170.7338711983316,2431.9524456688787,1750.6490484621158,1029.5443069038456
182,6.613680540707941,1,651.3807383510577,1010.6308455826509,1801.3435083317743,1445.5299917309653,2335.4821708266154,4506.415052961431,1291.3604659228663
183,5.569733314402928,0,548.2536647094751,4661.121282253533,1894.1309389511105,1023.4927720996756,1012.7537125004459,2974.9478713967883,3986.256169870521
184,8.127293101141841,0,610.3956553394992,4448.027090214415,1624.8062587892955,4865.525988882945,3542.638048706557,2360.3745882825892,2812.358116711051
185,9.291316673074535,0,507.8235603281327,1660.7373247182002,2817.525468693754,598.9181666433032,3659.4373477077097,827.0697012836492,547.5520524849933
186,6.693898869333125,0,680.0420362540182,3469.9282071538055,2909.9921669585265,4112.138324012098,3744.0194857344395,3713.5468733103753,3530.8243736244904
187,5.985356440109701,0,692.2213396946308,4177.499900905472,2105.9868882699957,4046.158173087599,3778.1192550136643,3662.8287052821465,2406.6058039722366
188,16.334115702526972,0,200.38977624638412,2998.4036521975804,2092.051214313962,1837.463512302932,500.2377211953356,3263.196231376536,2798.8356423370906
189,7.464148489,0,679.0946514327698,2883.4276026020293,4228.500190577366,1110.3197720329104,4792.643617,2796.1819079929214,1463.523095
190,18.70883298599456,1,334.2764490083863,1588.3353090520325,4051.8178174385853,1155.3289101744053,4163.939451745984,2452.029809933177,2983.020027773466
191,10.519994921721441,0,554.4600604917188,918.9624551265465,1885.0812425633553,3638.442277567366,4567.917634651783,3169.7199184459655,4906.189578881699
192,15.05908714582018,0,226.60949180645218,4537.470910789971,4612.047997429667,3392.6296598877816,570.3948288834536,1550.2795327778301,830.5011095259265
193,8.381031721532004,0,632.9510274951267,4551.881257234987,4787.667576511277,4022.3555341312403,4702.3645810358275,4735.665788799414,1777.6282984899378
194,8.604841527378003,0,605.7582741081046,3348.9565577297058,1970.3414391351837,4718.665275795971,4144.048379096472,3149.575381311033,1593.489167873734
195,13.62063804301363,1,503.89072932986164,2025.6340597191531,2094.912269568747,3613.673134699664,4267.486143314143,1900.3659995946944,1618.4718983803082
196,13.409643877189792,0,305.1593844,2071.443085756974,2775.3536903988147,1201.3319144814955,919.7932312488583,2523.5593289832077,2204.178609044198
197,16.530938420181222,1,389.4464558242959,3766.800554916077,4735.043656401531,1595.4917754443481,3824.5011301336895,4125.581549946015,4181.494031348753
198,16.36719958541399,1,502.9878120890795,4536.9961697865965,4443.437449140401,4289.871788929016,4819.625103,1227.2722732863385,4607.864104839743
199,15.060316469954916,1,450.5180683527846,4491.888909193028,961.5558316,1441.8773412539385,3553.4630363817228,1817.7603010711719,1409.9678935653799
200,11.736958488402365,0,475.70858086775263,4009.4399563593074,2267.288344721373,826.3504262951664,3067.526320810729,3557.786102314499,2943.2747207665075
201,18.35960579420926,0,203.14765892651573,3389.142407694295,2990.1703538739735,3664.7602431901273,4755.333549870486,1919.7014291700075,3366.0453747446613
202,14.338677353319481,0,308.63493410164506,878.6298424777198,2764.0961264819302,2311.368599705639,2493.217047804962,4066.2575683765967,2848.223634637302
203,19.85297735693536,1,177.26569857415643,1227.329213425762,1372.383805716017,4640.1802364565665,3196.8210483971543,1087.0406922981238,2453.343773886138
204,17.290547269015377,0,222.16184291230084,4543.493848371856,4364.675470256696,3426.147819921477,2643.5223207246477,3932.0877670457385,1363.8897763665702
205,5.664647168574893,0,736.3376071931214,3228.930768468155,3546.2335234857683,906.8854000624733,4697.807996121346,807.5827168,2696.9871163965736
206,9.808908606204767,0,367.61083669023776,541.3867322748334,4270.587686833116,4765.354552641474,842.3812704447827,556.6667570037265,2305.466725
207,13.578135747064275,0,424.65186654185317,956.6219428971444,4364.439257072625,1663.5076863811066,2755.0386537140666,4542.005834744729,4080.0351312602133
208,15.822043068072308,1,445.29774218825077,3485.757960986251,3867.601341495829,2017.456206828286,3591.2859862344726,3116.026476195344,3936.2196162334785
209,13.255047466429122,0,431.9356593608447,522.7771273079841,2476.4477056237283,2310.171861575939,4063.579422900066,2083.2210368906517,1102.9940654255183
210,16.791956336932728,0,128.0321925729437,1223.636231378744,3247.4603975694104,730.5093338194097,3123.5839134986136,1546.6758663373269,898.3357365
211,9.239834791,0,587.7676615663178,2969.3020521496373,1221.6443275388442,2734.319400037722,4590.129848546543,3275.9860246736725,4586.692744523763
212,7.7586807684923755,0,653.5608306483051,3613.5283896171195,3531.4043786370844,1054.933209838815,4738.961510977423,2790.509825915322,2909.7877503402397
213,5.808750256846552,1,788.8951294545284,3433.8256677617023,1306.6396508267635,2304.366470097583,789.4365043711259,4962.189989884933,4360.104217771658
214,13.599706168572832,1,437.9171538656241,1509.211892572519,3622.7731572957055,2078.1940459643793,2310.6674279361846,4924.471939941856,761.6800425488052
215,15.328992810132428,0,228.73570785961857,3704.8064960639113,1533.1917233928589,3977.780375419265,605.5655977,3357.610547637243,2869.320274347336
216,9.892245756790423,0,485.3773106422176,1567.6208937356002,1028.980851,4114.267302,1982.3749581849931,2492.9172774765075,2927.4193155930634
217,14.20376277283815,0,298.7136675624466,1964.2986417167047,1243.7802056433084,1190.3579707508961,2915.9069808677095,2710.134361105979,4373.159146439675
218,5.782358462799938,1,758.6383497,3859.211323031109,508.9646084858162,2149.4803432065182,4598.577187,3571.1557980658786,939.2449920336837
219,6.489400194452054,1,701.1945840854132,3423.348045712466,3734.328280340886,2180.0892246432427,4309.494451094313,957.0854490592162,1582.0050365415918
220,15.526321583877476,1,350.1275477134206,4321.5053472238005,3795.804720762706,1181.3469977123827,1073.7487700239358,1977.5843321482319,2329.422412491559
221,10.521045578259482,0,468.8658510224403,3459.258015351545,2817.2000746096674,4093.0407727303573,918.6366863340306,838.7250845162173,4396.286639
222,15.070010466545083,1,349.3790832584003,3057.3887150096225,1226.1326047492266,3682.527477509405,3151.7030244050015,830.1234178261379,4724.974917817552
223,17.47581680419877,1,255.30928269190258,921.5364552264161,875.9945187981039,1356.7180383366563,2894.530876064522,1381.276588524052,4967.260788171326
224,17.789336562141752,0,134.31745932707813,2154.721113767451,586.0803489677916,2150.248588672096,1698.6993864351073,2683.639645669521,4816.370689063347
225,7.582514681966765,0,560.1643511085709,1693.4106545677646,1245.8667963434932,976.1226119,4547.538880492259,4031.484445232552,526.7379012995949
226,12.294283585270197,1,520.3453773962759,1597.9533952058762,4508.849907424161,3326.929686918698,4673.148843,2684.7315102464263,714.6875365424241
227,16.008900854487297,0,183.54360825564163,4878.547496386005,1586.915787657568,1046.1736604687885,2311.751472530732,2009.6447475239138,1164.230686209149
228,16.609708944003657,0,209.33195284712062,2268.9397610004216,2094.2209724774702,4936.703759,4506.361507010841,870.5884565154116,2069.879435466229
229,16.770139710933165,0,232.07934386970794,4514.209498,974.0546801659993,4013.0693360953805,2227.770024183377,2976.329854324083,4234.631139441314
230,8.422510015708767,0,595.5045978,3340.123816987683,1500.6258713667662,2256.073473127978,3815.675743233651,1720.7086391742953,4516.952879009662
231,7.888022266,0,576.2111785274701,4076.650865937418,2836.510568510923,3103.537695257095,2641.739978964759,3267.2038006271637,1340.7548283256237
232,13.85018702410544,0,343.3042272593146,2761.8669189733646,3234.8870739304366,4601.038172973839,1051.6242042823235,4897.344826095882,3288.4886822886892
233,16.116286966073297,1,481.7490866,3096.067480818616,1604.0854137479498,2993.4467617812174,4675.703905566597,1000.9144466489757,4628.128932793745
234,9.787092733,1,581.7755281639991,2716.3296221848877,759.7947165130274,1285.2431887907983,2543.434670198915,1454.5642942487298,2586.7928116909434
235,6.570577352936323,1,685.5820413575824,1378.5934450912002,2259.647911073294,2204.165100115217,3805.1916814508163,2628.925421447186,965.9460737875279
236,15.751195743651163,0,261.9290199,3751.034518676774,1553.9151691685036,4294.151892633854,2152.2821649408147,4858.762169056683,2560.161425380812
237,9.495467470700067,0,394.17600899623983,1763.475630983851,1487.9926545341086,3398.9585719532806,584.9639536,3973.143993,2191.0770602962575
