MMM brand data.csv
Week,Price,Promotion,Sales,TV_Spend,Radio_Spend,Print_Spend,Search_Spend,YouTube_Spend,Social Media_Spend
238,7.495440864675827,0,488.56789306889084,609.4218489415423,4819.382612210548,3428.2597295021014,952.3866141132617,4542.031369232735,3099.4609822970315
239,7.215852925956975,0,632.5596549575649,3404.625331582255,3273.3521866657584,4400.696685598201,2732.987658,2001.7168181410682,2473.9640798319665
240,9.723643212900743,0,496.57063996174526,1296.9980573317202,3005.9529942744316,4522.8787585812715,3604.839607068631,4964.173132003675,578.0566708417307
241,13.890170988706183,1,464.4136916014036,4732.063629588114,2370.987965854949,4639.066573007463,2006.308969606756,962.7476722887083,4972.9898
242,10.376033580407249,0,527.8939873504479,4792.678596511643,2430.249500435649,926.8213696392024,3629.6980662994265,738.3780772074538,2945.931069787569
243,5.309927773901474,0,721.2393838346302,4616.889755992019,2934.0725172713637,2948.567008833954,3643.8601524438022,4350.211821743127,2631.338399680743
244,6.453626520167166,0,709.1248233759045,2165.7141511494997,3633.9341316624827,3832.2928454824337,3667.711582975239,4672.691915931438,4795.778171768243
245,9.357548707979287,0,586.2519848395098,569.5547743799034,3659.6574328182323,3906.170803071562,2716.348343092288,907.6341089574579,1201.371654141847
246,14.895567232206378,1,363.23488461059816,4677.433531644764,1272.622584674523,3230.2229088650174,4616.987675546768,1010.4234203562867,1351.569211453617
247,6.477726102028008,1,705.3021117838773,2426.8286674279143,2750.5073843448213,1250.5430083265337,2701.384331,649.2837099009821,4136.066370782526
248,13.409852802510228,0,271.4896605636927,4849.946685696513,2353.811427653459,4088.3924927374896,2526.1933707348717,970.2840318922584,1673.7398601125394
249,6.798288062360064,0,578.3783694024477,4836.289896901638,4417.371348212229,3740.5010008172558,1397.2136855478216,1442.389175601264,4096.521978311872
250,8.174229910240722,0,575.1694185,4338.54255,3341.3851454826936,887.6109719706633,1884.4478931035144,4865.344785095004,1721.9006730882616
251,7.582827913336441,1,584.0069121249817,1825.0200143131356,2896.268298871918,2587.144211034693,690.5052163323651,3505.371000078562,649.3443360125067
252,6.008429533562158,0,721.655862,2232.9397787086637,1019.2758898051281,1282.898297848116,3350.908821272766,4003.4886148334394,2826.566257490222
253,15.069947260798854,0,286.5911176409169,4330.115021825856,3225.3705019553513,2018.6467057083735,1618.410847671918,3992.6273166118494,1385.0889535708761
254,11.951053210790517,0,334.31618189809706,1926.1490232032495,1027.4175755610504,581.3649149255845,1868.698645184593,2907.831874006466,3910.3083181961197
255,17.465801613460073,0,200.57477516732894,1262.7173600874162,2017.4295900458842,2301.484407848412,3968.665347489445,4088.700399708577,3385.3983495446664
256,6.483362599734754,0,729.0591091485826,3005.6056810625755,1142.7888416644932,2974.446145202947,1972.4953242265424,3181.1338957548633,4656.212006
257,7.170994000071084,0,660.7883568117147,4712.696483723515,3614.331412,3288.121667721891,1589.8815140591398,1915.4574392151092,4023.4476076958117
258,9.59686597,0,481.7725452917299,3632.1340850373786,1428.1345122626867,3485.706553079195,1260.7598711016758,3024.995489457803,1313.4917967832707
259,16.487989804082122,0,311.6824643,3065.2752654021424,2263.367179346117,4263.310909,3986.8628098188015,2900.7886376053107,4100.712064991583
260,9.586382347335482,1,628.7949135085751,937.2942219684585,4530.536499284504,1469.5830827407851,1083.678160955121,4205.538741916943,3387.8167016631046
261,11.12628061248039,0,427.9448351934454,3267.532520146264,1419.4237252953662,1042.1682009731057,2541.891921126591,4917.7724782174655,3510.282387922812
262,9.524053494457469,0,595.7650587186404,4955.242325469185,2785.122787814506,4331.9172735406655,2781.185522347375,2349.6915443941875,4245.182987
263,6.203364377,1,821.2896125455527,1130.3780685643583,2386.7224752470993,1204.7576670169246,3593.2546070857156,3935.2580529861184,3082.2083113502313
264,19.09150434344281,1,233.8257180934714,2832.483435636815,581.5581847057838,4886.420366012879,3349.7756704984795,948.9335182,2597.015814588558
265,13.228084881067833,0,459.22636643949903,4448.178823675799,4067.4115110776575,4291.422032293866,4148.243028253286,3995.7411625172986,3364.884659114276
266,16.81749782278245,0,223.79736882025955,3833.45878,810.7065784156987,2753.9447265031963,701.3814526680717,2171.3761039695446,1840.8084303126159
267,14.87535638277944,0,227.6478056633086,3636.570834478706,2634.1475943962914,4916.3964121491135,1833.9832615072874,677.255733,1321.687089891947
268,12.713814185929627,1,508.2102078280902,3661.1783779419916,3023.052327225275,938.1952809860189,1760.6035344892089,2134.607803529798,3274.6452713206086
269,6.345173849890702,1,609.1485494,2117.710180488898,3327.9190547656417,1863.7959252879573,1157.076075164487,3247.8923791474017,1552.3176608846495
270,14.641003179054564,0,189.39160872551997,1821.1632991902202,3598.842332,3372.0098676827515,1801.3021423539942,1036.6257545665994,859.6179920597303
271,7.3305553390524825,0,440.21700228221385,4142.125199653312,1639.725725852218,2075.0309081293044,1893.9439136430653,4658.155215936145,502.49383063364263
272,11.21574754034415,0,374.06476976911404,4145.510276056313,544.9044949630222,4677.676483913563,2848.4800786736523,849.5258597277736,3237.437306300302
273,14.436697152206456,0,330.83660748015984,4401.8254336104665,3755.496480597104,795.3173968,3486.670155168152,4685.030239249248,2129.6695256610656
274,16.73343500708185,0,293.73990649095117,4609.582487,2910.4546970641036,2972.3532442743403,2214.9523112531633,3682.118830710589,3885.399368030552
275,15.275677635629293,0,373.6774463696597,2801.040795,4262.529664432619,3158.8982032780154,3737.6160409102154,1983.7047893639162,2188.293792408961
276,15.073002935819432,0,315.33495195959216,2756.823326092398,4196.247633053124,3437.2765569975086,2012.744024,2258.3765646909196,2687.0155170720204
277,7.235633137628112,0,557.3167288810008,4092.3283053504883,4294.967755045474,1650.498004993165,1806.2765479164216,3833.6421412973486,2331.882377669232
278,10.191928101073819,0,592.3010440493217,3424.8376884999434,2682.9259699079307,2140.548924,2935.3462513566096,3206.619953965433,3427.5865599920576
279,5.643684089902912,0,621.7716111229166,3658.850947659665,2001.3277812658955,4296.562383492399,606.7236213760577,3522.3931465472533,2102.6262290673567
280,15.792153397646969,0,192.87220952073835,4081.067012462455,4062.011911661165,1377.2424603657191,859.0510563530017,2251.240774,4836.954425
281,19.288789719761287,0,180.4857674,4505.024038179048,2530.823508631647,4220.905312280129,2380.8629461393716,2695.1606681341955,4712.661439693386
282,8.961655852686137,1,757.2076864990079,2020.978205831911,1325.4898838154554,3031.949403062341,4743.107201262904,4954.403678,4316.125561957766
283,6.3154506374346395,0,754.0449701939414,2190.123286879748,4347.383088026634,3929.8438003733695,3746.8030092954064,1462.6529172487296,4641.351217577367
284,12.133551151304804,1,524.9347982929304,922.9187292839106,4471.519445475563,3711.2331481856218,896.5695627525099,2380.3528393495912,2521.128598067259
285,17.85047334691353,0,211.11611408591492,3102.2606344827827,2598.3939026307658,1433.8017292319555,4308.431057513932,1813.204344082853,2913.9367855527144
286,13.279612929076695,1,539.8263361752776,661.7402320853394,840.6487728940435,3059.657313952428,3795.3534677368143,3943.0017969793244,3839.416667
287,5.7016572528516996,1,804.4840974926692,2595.1910815960705,2245.2174046261907,4404.754187622915,3249.2593656619392,3938.056815495743,3632.656662223435
288,19.61408360791919,0,193.42887298131228,2941.9008561840947,4115.919467581715,2444.5230656086824,4191.318322741297,1816.0045744882814,4508.053680224619
289,17.429748649439013,0,268.35328207656715,1789.4356345772799,4557.983128458029,4849.658466004926,2318.4943148433067,866.2564248484231,3723.4896226551286
290,6.973911155772653,0,617.9057001581555,3158.7496725605483,1415.6273412391813,2534.9679504577316,1496.7547288423375,551.4470450249182,4990.481187028073
291,18.826966347552634,1,235.0764807283125,637.2511247257224,801.3812541137219,1142.5353650054813,2804.105250989417,2423.527399591185,2068.276099
292,11.760324329077829,0,453.92299165464914,668.0668493714649,4448.077039097774,2252.4560603495293,2969.787900170632,2346.5191745109687,4248.48984
293,10.578469858624118,0,530.6271245268523,4201.702522968462,2252.3222254049388,4782.660828757417,2922.468674044604,4947.754453879384,3639.356702746989
294,11.915799957907822,0,432.9960235727285,2120.8578863506827,2937.924339204035,1938.743822029344,3042.8320616604738,2614.1093406395585,3611.2390034675836
295,17.518579353064208,1,408.0699017833493,1071.7723069334816,4856.296154228415,4406.441719401782,4769.172132076314,1653.882663089393,1966.2601768024952
296,14.892195174301786,0,434.8348843906352,2850.0946702466194,799.5412756140029,4465.628067568505,4560.105303933041,4510.532484641603,4035.2080659036014
297,5.888726785995913,0,757.5979957543377,3964.9709889437486,3417.431034,2075.8393594938248,4440.726664515227,2709.805773441103,4551.692100564196
298,19.364065566742564,0,182.37406022391843,1471.1946237357943,833.4744015869019,874.6594612278445,4106.375649088823,3196.2903584476003,1483.4680768425333
299,7.216762002174766,0,657.2184754378245,3303.007141185501,2189.6101780992517,3760.510591214682,4745.426482693784,930.5091969,3314.7357670251686
300,16.183519276030268,0,260.0258574490243,884.0635925,4117.1654533705105,1901.8053455629372,943.2258875573146,2223.1238329839834,2264.6067309624887
301,14.542047956421966,0,284.68886795122495,732.5677452587347,2450.6250474003546,4023.156264159076,1693.0546765058277,4749.006535,4952.966536826947
302,7.812920719198413,1,782.9699055,2891.095842056666,4987.3205925632765,2491.946817171949,2727.751755445632,3152.7742287894143,2654.7476712425673
303,7.560981141695745,1,773.4550769186696,2932.858047245479,3015.766782,2683.7003405417972,4309.405219055323,2050.2583481410775,1527.440782086242
304,18.05491390557038,1,366.9897585630472,3368.4345567419296,1945.2296868617907,4000.592330368416,2773.2457018522964,3315.502312842169,2218.3593134982466
305,11.295423852493958,0,500.82671073059157,3767.411001751977,1490.5009665713892,2220.6349897773252,3866.1563270371494,4596.849903101523,3442.272754174818
306,14.818647712612078,1,362.5259497652163,4891.334357581406,2077.342404287728,2494.0730539531155,1125.3195736201228,1732.9577021266552,842.4021710730933
307,12.561065057850099,0,326.6160090042908,2823.351567355379,2176.399731917979,2192.857109,1635.8621583945207,2773.025233118035,3216.208640995569
308,15.910302756139393,0,325.25349494481696,1953.3041282356069,809.2115497578244,2153.0323187477597,3792.9924276695256,4814.107942602899,4690.511416305041
309,12.188635625589958,1,525.3460133888784,4078.3378764591666,2163.083897420479,2866.7595960565673,1241.3030399947584,1275.782644843037,4326.632544460327
310,9.310698728833525,1,681.0726074804978,1718.745130679334,2589.073338826512,4139.597500255179,2081.1017059471706,3738.487665185202,804.5309149609252
311,10.450750564947446,0,507.0321343440566,2475.3713931753628,3752.3198850746207,2127.9574036515464,1691.8981601610715,3265.1645369134208,4970.254454325806
312,17.88616541675514,1,322.0798651510883,853.0537160401968,3455.282681247236,2859.1462424198153,2074.377624001153,3558.5380901328567,3644.271156667456
313,12.020520393840906,1,524.5914570341444,614.0783453695587,3689.445448531194,3518.2729644917035,3687.4582208508664,2080.4883380040637,1230.2637094131064
314,8.201739983669139,0,512.1335227446847,4831.917866050663,537.6365684458569,1712.4775083664476,2155.3123151426043,1912.4571806769422,555.8724012624057
315,19.01908082,0,63.05705055560127,4261.910542304926,1479.5032981124123,1748.8526220607666,2998.684951735731,3578.9435176476672,1270.771863314681
316,16.949006847475655,1,289.26360851561583,3631.8839274216407,3477.579297799354,4700.359071605547,949.6934467448434,1469.944782970454,4271.791643085824
317,5.834992190842987,0,677.7687843932941,2340.288249864215,2677.952156808862,3755.905579989899,4122.579619555825,2388.446351865523,597.3769622532368
318,19.98414442970777,0,-1.899075976,1279.824440318806,523.9106405075568,3097.340043,2164.498815416562,1346.7859072381311,1549.1628662813896
319,15.423900446601534,1,368.9733515104987,1203.9666920198872,4120.225891,3414.7402448927537,3418.403715650041,537.3717850549839,3907.875179006939
320,7.403998985608804,0,630.8035919543445,1626.093041740679,3977.6430798065185,631.8474939653827,3764.253207478247,4865.258120171312,3137.497411541608
321,8.557515219478947,0,554.6927651699589,2971.519991177542,2967.886233471032,3281.463345027636,1443.474149502652,2442.663403953886,4022.3106966208634
322,15.386682218623204,0,394.5890544454778,3715.6816521502806,799.0849659932246,2792.7899295089087,4481.037432290075,4862.0732648892135,3857.6772672205457
323,16.69641582918683,0,277.61369156304187,3470.8881952297907,3949.317722896631,2955.8735590074607,3273.0091322312883,1131.4558389552174,727.7062420481213
324,8.585539147247092,1,712.6102354697191,1759.7025362567429,3126.711144791138,2117.407220738677,2429.263137881667,3143.1505075586874,4516.301385923682
325,8.854532808489061,0,450.9638140117178,4796.893762984373,4018.819897210816,866.6325397082385,1320.508326101988,1404.3831475605782,1521.6432542702091
326,9.606810423080912,0,596.6000052108257,3820.536125130958,3882.861465781282,1370.0265512542348,4740.354221,4055.3335713347365,2990.265981033937
327,13.97027547254955,1,573.3617741,2994.593236301303,4113.509323810267,4778.351209457022,3897.806918592313,4026.6634494243885,3399.2967043750045
328,7.5772426745191535,1,677.1860695113837,3252.7433580545853,2831.0362988208117,2339.148030219203,1436.110532,1006.732170676903,1258.8269489829293
329,6.563647983271663,0,717.5955641183857,2388.2002809250544,1131.4603318708173,2600.0742012388887,2019.6984862590102,4604.2900379437515,4893.040655154385
330,15.182961336282704,1,364.35362178503306,1614.7894527552087,3520.208630208599,737.1940543404755,4143.534161,1375.8334124145108,2696.7018023928904
331,16.686469096897554,0,241.49969953634152,2101.877053930677,3292.1320327338676,669.0480329479126,3630.549484469025,3258.3980371521216,759.3921301882705
332,12.513941066247583,0,528.7640188423352,3910.307497089661,3840.139342395892,3727.3165117104095,3946.0293172207594,4935.3512903946685,4717.679201500282
333,10.457490654025781,0,543.9064311743513,564.7706988339014,1264.4645272283087,2921.425988545001,2485.404959958196,4470.784406448637,3138.2052943697063
334,11.480640702897146,0,488.91956683210697,1022.3268822811231,1377.3883995513015,2789.176929,3724.143181889751,4804.537679,3646.3693909161934
335,10.826117508079278,0,483.78988584919233,707.0118890978874,4506.842827486978,1594.060386902009,2239.2217528876117,2041.6944704815376,2863.2910547040083
336,19.399773623565128,0,95.25306300473443,683.2796104353656,3874.9000930343186,3851.378292,1450.6831262218839,975.0903899875851,4256.320796496354
337,16.521348578287103,0,203.57928973693916,4349.572628049533,4587.028199151453,1257.0646059882133,3347.046657,1347.5609298025256,649.1005799
338,8.121308222751654,0,609.5658443469868,3666.4603672101066,3914.2189452376433,1354.7063464745902,4892.062665194574,2752.2270278447622,1707.702643747165
339,10.762837280809702,0,481.36848412771025,2633.7822308929635,3187.1988769563586,2573.2047710672396,1897.7043712789832,4069.5335522299497,2613.417603812115
340,13.160184370446647,0,280.30599501179984,940.2537229295067,3443.5973166254316,1788.259379503734,2574.363164956428,1175.6913988274387,844.7162734116952
341,14.194787930955327,0,390.0050791638226,2712.2714380257457,4501.075657730045,1613.5834155491586,3533.0061698143413,3468.791895173407,3676.580011969962
342,12.022758440431506,0,431.5899965390686,2630.6229685125454,3104.6303953037323,3403.5694004899924,2936.7782695511955,1956.0992181778033,2271.4853632503837
343,17.151899525179388,0,195.1736973161941,1279.4084145950683,3345.760959477743,3429.3728534834504,4295.425080690722,2035.4093257646907,1727.005956206648
344,16.514090291873476,0,198.5786179981273,2452.332421570879,1204.1452220162028,4210.3268140996815,3927.8421791128217,3478.6297857106683,515.2048106378552
345,12.57736878,0,321.35505467242064,2293.2713047881807,2632.6454905224623,2379.6885513783914,762.3374173806067,2601.497387899491,3739.2364028747916
346,17.816440801725957,0,297.3720009488243,3271.3254412349743,3723.787003811445,828.8829096176761,4992.895552656983,4154.149818616972,4252.141889927878
347,16.26634295663579,1,394.3153819,3357.921428904397,1719.2421424236443,1731.4987321465596,3885.8110417376024,1201.633293482722,2277.682410566743
348,16.678727730809648,1,429.8405684749684,703.8680439742003,1410.143812360407,4910.0245843856765,4387.564923323509,4054.767213951673,3038.980896650145
349,19.34601169150125,1,201.50290441747293,2185.7567658191206,1912.220637,3183.1635885471596,3430.389704429059,789.0586162583938,1524.589816683193
350,8.997004118,0,583.7396172175312,3316.369620714064,1586.7528259677506,3693.8168816045913,4353.283076,1373.2424611052224,3299.889408260599
351,9.014722435502737,0,503.7996825870126,2764.1131636103946,1467.1068666637811,533.1102333143654,1005.7233871791923,3452.6737152642445,554.6185624184023
352,18.33428384,0,143.10196435513683,4354.204285,2411.8287929063913,2831.925794821344,2064.82026,4347.165454,2698.897536944413
353,16.58339560078519,1,413.18192991926975,3464.1213422852525,4585.273312475903,668.8789589,4443.894246220218,1637.0583248270707,3398.9246682831154
354,18.89818312153441,0,173.9782820385596,1233.2049218664336,2781.7684103242323,3061.535954411516,1407.4484507010152,1972.3622262301083,4631.862979533803
355,5.946952404866796,0,535.3159133693204,817.5593633019344,1345.6417136689538,4643.468823362339,852.0894436101023,2917.0433672903296,2216.011177050279
