MMM brand data.csv
Week,Price,Promotion,Sales,TV_Spend,Radio_Spend,Print_Spend,Search_Spend,YouTube_Spend,Social Media_Spend
356,14.416356158923948,0,353.3514695821501,3390.8867519284204,846.3725122139333,4857.886087251835,4046.5352297534855,1452.0776292018604,3943.355913414634
357,7.169425071851712,1,787.7354571902242,619.3008974372982,3632.7026531206634,2932.487039250159,4259.687700394833,4150.203177143776,3189.5916347457533
358,12.55845797438874,0,404.7940319154854,3135.990115730585,2222.594439963745,2561.9216236349716,1231.934981854553,3981.3649025259238,4671.5545081628625
359,7.336203977801663,0,667.9191800998054,4731.0360864123095,4198.239259634116,4752.576924118223,4344.556922522219,1153.8127038460173,2292.699540467438
360,6.921177634773189,1,814.8055603890894,3089.633800441455,3467.7984588834656,3531.244243985128,3590.4550801872633,2587.2337931748443,1935.929029428446
361,5.182525180730497,0,736.7811943198413,2246.7646679293484,4083.0865274361586,792.0467579228425,2840.3720744746274,3986.724949945796,4492.138994123647
362,14.453582185743565,0,427.20280597342764,3394.796982990589,1723.7571773830193,2595.765099503739,4236.125867516233,2017.9828899653667,721.5998063373011
363,10.38533925035129,0,471.12695479325424,2562.138007211825,3615.6151510747613,1581.1025830893675,2386.621621935346,3348.9807022297923,1113.7342682015455
364,6.577824273184575,0,470.7524526187268,2955.275551921707,1688.2789311217346,2614.119446519067,1372.9728030052875,725.9590465590773,870.8199556
365,9.842566665969647,0,485.49498238865607,4736.591639494363,4725.808157526312,2549.595074028628,1781.8370447477614,3239.0994223819307,4293.994804593812
366,7.5341613717737745,0,555.2603410970004,2237.461870103484,3363.684266900185,3119.651612666339,2773.2380823199164,1186.9384100027314,547.7334051664373
367,19.125422472524892,0,258.5551781206226,4825.357537207614,1960.3031007890395,2105.4672065716304,2890.9885670292906,4237.6249630150305,4377.457199736717
368,9.800073286420222,1,627.3494245183224,4574.077888802287,1712.8033803152268,1239.217022551676,4125.113718985551,2099.522586112153,2530.7050791707006
369,10.009302849340848,0,475.8706750210882,1381.060106551834,1359.1696328223957,2766.7374556548034,4061.087256435505,1766.9923822768808,518.1137548428684
370,17.597870050993784,0,207.03573234326828,812.1258539382445,3625.884315021775,4235.912979555929,3116.149507420587,4284.000395201682,2307.4032974541883
371,14.716336419290062,0,293.37368898008907,953.5010061984199,1484.220258490673,3488.0550263042105,4013.5346751446436,725.6481038231459,1340.603785
372,15.65257411104502,1,288.7466986,581.9982154319738,3178.8646966737006,2022.6553966634713,1362.9805623215193,2284.739597004552,3309.8021936247337
373,14.540027059834408,0,146.46916315719176,924.9933234016778,1690.857621164108,4709.853602414858,725.2903719198246,2165.015932587641,3557.1145546474095
374,19.192944259228483,0,155.9617077388246,3573.5304803736058,3478.8602515724087,4604.934071,4431.352201856151,1781.601684122979,2693.874066822499
375,8.105012473370678,0,470.9147623,820.3489180710304,4167.228778432426,1442.0677972284443,839.9952219,4602.894494006647,682.3378644785148
376,19.835588626336936,0,19.68763531783848,1935.3903363219258,4001.113594150939,677.3791330416334,1610.0979338479879,3879.1777708252503,3452.5796196524084
377,17.464342663347697,0,245.943498,4301.938899362545,3923.830989188518,3835.889188,3628.9352733097307,787.6542388637245,4289.174526224846
378,13.834588833145133,1,507.9959350871402,604.7237108112164,1344.7508256151343,4224.246176,2342.515719322891,3716.0935224572936,3741.4592479688067
379,14.935574365943735,0,364.78091668450446,4165.108172,897.7322614303341,4855.390546781099,4443.412865,2872.846099079573,4234.810635298933
380,14.73238814750921,1,404.7552099547931,1768.3464864802997,3645.269728193235,4504.263773397399,1840.909075980213,4553.905524807106,1402.2928559789937
381,5.875943360887309,0,580.3849327379181,1031.7417242974532,2157.562462074581,3202.4064569288666,553.4210600121169,1908.255278067613,4499.9957284541715
382,8.270247478,1,635.3039295012352,3635.317244138678,2445.558018815063,2885.2355264557136,1852.9503825233485,3083.728998243123,1949.8705279158326
383,19.422063267871238,0,6.996844124991348,3330.2428105094777,640.1709175702598,625.2847306816383,3101.3377213317426,2753.398736334437,560.3216641339596
384,13.015466432890689,0,401.92577292520883,4448.624060871738,1668.0940217377213,1609.9540108015003,2191.722689,2703.0240780242257,4295.262408480818
385,10.67530404892868,0,495.0975782351774,3807.819697117486,651.5438174350882,2568.266382798169,2906.9274009143987,2552.4742978274567,4738.195710341271
386,16.430576950836127,0,374.5179573842402,4115.6641867318185,4456.3359767056145,3328.267550376055,4444.691534757584,1425.3326398952659,3450.0118883780697
387,12.867784139837143,1,567.2561120420307,1769.1555765708792,1595.2850744833872,3007.633249932848,4606.182744036659,3900.6946512157674,1541.464837085411
388,5.197441571478464,0,624.3279674346875,1298.4779470087528,3008.0172630785364,3841.8619535676075,1696.8832909435046,2531.012147326799,1632.8500892713867
389,16.04356395072677,0,293.9515354590618,3877.7663823838625,675.4069429750868,1758.951188991684,2579.6321297145532,4813.323237511726,2599.6679304602876
390,15.98326340079292,0,294.93929535736174,4130.756326702688,3500.8132608754613,3042.286734,2971.1480685865304,1673.6379223674933,4540.239858206388
391,7.4772306816496155,1,727.4722628476263,4957.273139003029,1953.6230558934224,896.6400952585645,4771.006055997112,3572.347278321685,1173.1894526640126
392,19.349901326363202,0,253.39191823187642,2356.7795461014193,4540.636341309496,2361.4948561244314,4993.777936239731,4733.226858375988,4216.881513125691
393,8.358621973116716,1,759.7588659137383,2174.0813860675244,4496.531850203161,3875.7237482957044,1559.3326197868698,3485.5624535724164,1810.8626391731766
394,11.86624051073299,1,661.7583234425327,3993.858323338986,1963.807782627865,3620.303840430698,3771.4094210561693,4420.728084278276,4138.637762430941
395,6.721039419,1,851.6123833174768,2033.6159311385802,4554.324030607106,4957.8923172748055,2201.1397800493783,4223.664318906527,4641.220389206924
396,14.049234791758826,0,311.35586785235006,4688.407965216042,4982.709530744504,1750.510066944902,536.4868859879596,2120.5297197005175,2423.722423974441
397,10.631766800858188,0,404.20482877517605,4362.857383293553,4214.370488557766,2741.851846282906,541.6363509615605,3200.5577297277346,2142.727943474889
398,10.297601933145582,0,522.9676860568554,2430.4731231875826,4301.921065,1982.8868619829852,2572.547034030151,1203.176029,4109.995935370858
399,17.40465315831421,1,339.2542779384662,3878.9198050617383,1620.5393124909046,2482.714013266286,2697.507108519506,2909.866472130198,2882.672970707273
400,5.143425692757174,1,777.6405147,3895.4429333810704,3095.1607948599035,4356.275584412247,601.5636345804919,1536.8988731645175,3580.0207180843868
401,16.969201563386335,0,284.76385955957085,964.0574097616968,802.6516128531553,3578.9408383481896,3591.1733754843613,3846.815667286005,3302.731566325308
402,13.57172848622118,1,434.0097834154226,4561.48808,927.1307156975138,4470.985361064118,1823.015248677289,2876.2628985145607,1187.9998054015834
403,19.791477702202986,0,88.54449984595246,2773.635676015357,4995.016754149808,1415.799987493489,3019.5189569117724,2350.523131842472,4301.556621303027
404,13.841648309063736,0,338.1903193231087,4219.058597484837,1969.8766224165993,4430.125030286471,1854.1358292443845,1709.586932751399,1380.9880013591128
405,5.830687012219369,0,652.7482527902386,1940.2232046377528,3866.8276042198086,768.9302338027298,1252.1044169118823,4994.143168285791,4695.269648318514
406,5.759679896655895,1,786.8232357212045,4529.854528232902,4129.992738620675,4498.696761967186,2332.281823694939,822.697344,1627.5708113996652
407,18.24729479557748,1,217.17343083222312,2251.4075543037343,4361.104719532532,1980.8320075732756,1545.2301415572533,696.0230625758901,3802.4643797318386
408,17.618212182665797,1,232.0867235970028,548.7694316613427,4989.327338309705,1915.644350363299,2906.604396136256,1477.6583022223904,1780.949270721164
409,10.188351133730349,1,573.7404646436239,4574.218893886687,1586.7341836559053,2804.3985951439877,1394.7283862891597,4869.826063825189,1930.0343386408874
410,14.270487262717058,0,299.78739835785507,910.7900455,681.5787208686487,4733.105844754543,2787.8268949008216,4906.571757,1895.0083375203737
411,12.343870355834005,1,469.21766801379147,1936.9113691568668,2350.3618309756366,715.0161410663242,1208.203316909904,3447.1748064746116,3865.515143117375
412,19.50746082704078,0,122.27595374613792,4775.278851728622,1085.3630142302613,2085.039387818354,3519.3861926860322,4460.4800024288215,3005.668030862269
413,19.24941351315337,1,312.7668740079097,4777.732161219003,600.9165012292481,4354.573949075011,3892.7195799864085,1462.8277887835793,4473.286051313737
414,19.757585128111618,1,209.99858986888424,3080.4704965547876,2121.920722136688,2282.2451484596004,996.7740541247019,4874.189423794806,1883.1772364182018
415,17.996731709513963,0,213.02443225399267,3343.267454764097,4026.822129838564,1396.2060391868015,2605.1108541680264,1142.531825628041,3613.9663492553495
416,18.64327386162652,0,89.69346537125223,2518.004848902439,3047.813110512819,2411.573815991353,818.9226529469311,955.0633468174622,3888.268698483998
417,8.259181681507046,0,553.7741855387794,1819.4484726412904,1907.5009514465933,2234.986256712512,3191.821004939011,1004.951926612728,1181.6695086348118
418,17.465101834846617,1,279.49140625604423,1978.9904541646217,3444.5390247172386,4619.372906600165,1689.819340683404,3079.075654726541,2302.6521079391505
419,15.63285669806412,0,299.55442953780783,3526.333052346673,1544.0818113896482,3928.704690843937,2874.3100557741855,4014.3848032312358,2672.678725
420,19.44179763242105,0,132.1248433368896,3885.685382,564.7165073243826,2773.0200008480288,2828.5745422293103,2150.002300435849,2100.593254524684
421,13.568927426639291,1,578.4467561010192,4062.1056967663185,3939.590238963923,4947.66755,4659.594557872102,4900.531945037569,1949.5066818611215
422,6.277507500658345,0,694.3386878397105,4053.2816425754927,3306.843881888041,2593.748890741655,2970.874501559253,2454.8906215324823,3588.8895229893888
423,13.960983367807295,0,321.9929650854037,910.4274637191066,3930.36181,762.0702386912385,3123.4931587324204,1177.0184784794733,1471.3987894676984
424,15.298713920319317,0,253.05133577825606,2724.8913711616165,675.2210750944953,1680.234448167432,2307.4390659397113,2596.850366837615,3692.2583536300795
425,8.304815430686425,0,605.9362145527335,759.0144200748992,4267.038325237934,2462.317160986907,4770.858214322676,3555.667244400979,4707.698883758288
426,10.911700752690926,1,640.5753073061371,2972.87997,3287.867900163365,1206.0618086575405,3997.3365924782433,4245.016012269703,3043.388845
427,13.97755121,0,403.96159201093417,2486.8872561801963,3035.2790782068805,4764.043068458193,1784.323806362787,2564.457304804668,3251.454065327633
428,10.611586059747584,0,540.2172740467983,4494.668822412349,3310.7632165153923,3950.820040179979,4298.943135993044,3171.2307172212536,810.1971595584009
429,10.62421575857996,0,515.2468736954426,2079.1175564843543,4389.949610907639,1707.292401924977,2445.783620832905,1703.0512047148402,4390.146066280227
430,6.996299587591961,0,715.2422200679734,1026.8015739242264,3141.2142795150817,3158.6204008306213,4229.002145901173,3406.624368824813,1784.5150423993948
431,19.11120084616499,1,320.10128697187935,1143.4625692377613,3114.276709496807,3746.521206993074,4202.996307320759,4936.873747776547,3267.7302448785417
432,16.257415767426448,1,402.69921284213524,3926.7978427286253,4958.056206795946,4735.755180080591,1349.9158404328448,720.7410766450723,4906.004763851611
433,5.018651583,0,836.7342472462484,3281.981284923175,3905.285751808556,4467.359071289347,3655.135091226096,4489.388018173255,3179.761702577635
434,16.484199260332478,0,272.1289778,955.0520426,2490.322124530109,2818.3650176219617,1807.8933618793899,3030.2712624538526,3761.192693589699
435,16.096924889867882,0,302.09519661674466,878.4806275174885,3683.2865001481746,3985.936789068579,1838.717014967007,1634.4439680303497,2503.938282006883
436,5.145964402332845,0,641.1713758928681,3654.361092,2251.5371226130483,3029.6513922241325,1833.5663459626132,4797.003695041661,771.6462958177581
437,10.544064464206468,0,566.9593023388902,827.4335286388709,1529.9395811757454,2987.1675052049304,3765.0571140197667,2675.0943637650453,4089.1970727040484
438,14.10121535488296,1,343.6770262346425,4198.3702668066035,3185.8334459949174,1016.3388125218636,1534.2171880664123,1992.6061325302353,657.4947856879355
439,11.791259777870538,0,334.2052957,3678.090022204233,4676.819441512782,1067.6194610726843,504.07625860740603,1316.739327218785,3652.9602299953435
440,16.669791780807607,0,178.6633966605255,866.0695129,4681.127840069582,2882.9012676010584,3718.565840671849,1600.0349461549795,603.1470791733663
441,11.381874989516511,0,434.17908788218836,881.7697133833636,2038.5737514747063,1709.8769524055297,1270.3313472580637,4247.820687161491,4380.373564595018
442,7.307944541807556,0,479.3950338,4939.878103,2874.5485979976274,594.6660610721088,970.1707788852559,3264.8450419272463,1209.3621612484126
443,19.64623436410743,1,167.87898453270478,2184.2185809025414,1452.3615435643756,3752.776417550955,1568.8225426732706,4609.605287697423,2814.221729
444,8.630599892,0,513.8770248692773,2167.8896618010094,4980.3399927449755,646.1896851057423,2209.552350452168,1543.8580347100362,3187.178170174163
445,15.765384658119984,0,315.4953701272313,4157.598052658761,4915.030585405711,3178.7457849682455,2641.578473629403,1045.1235823200568,2558.9543331803543
446,7.147344674961079,0,496.58077452514055,4762.618598227365,3422.790183683513,2926.372073572915,700.5651832068387,527.3938894,2033.4357020699924
447,9.935189207,1,726.4246746698504,4937.004787202919,4119.863269,4859.666108,4867.579996823122,2785.379169271972,2605.1643328143728
448,11.630414126456357,0,490.41824968630306,3890.2018336652372,3717.950726,2678.9591270643873,3722.2837403880117,4992.381186718947,1901.3708924652142
449,7.883480067905959,1,666.3847511837976,2193.1681348891207,3169.2119856776067,786.2064637000881,1954.3732939595127,3627.343709683875,2471.5505618638845
450,11.749393645529143,0,419.2713044217354,875.7532251440094,740.0659864500396,2982.5958551290773,1934.137657784288,1887.7756638431574,2115.108459491138
451,7.357442345,1,713.6896702058283,3997.1611216734655,2546.439541486975,4284.932767772456,2518.441472158067,4445.863623617773,3047.921705782154
452,13.385098084788352,1,515.2952154739996,3012.8191238111226,3536.5383597533473,4985.821779,3318.1017024336484,4017.7501969458185,1570.6587301024256
453,14.955698787802909,0,291.66392784430434,2408.9990416113933,3548.892262476581,2436.5442816008263,1158.678799650355,569.3682473444267,4948.954497113056
454,5.936514260420162,1,702.4774639896897,4578.594732926312,2179.0517829007263,1941.3443412353413,1350.1841619422853,4175.872162434601,2753.914790219745
455,18.06698181623252,0,230.95548289133822,1000.388670377681,4737.6139399611375,4579.939836283995,4367.455622750978,1852.370407573232,1373.7293483652934
456,7.777113275630533,0,589.9689485289175,2716.8129693088663,1253.1066450655144,1360.5895808425462,1653.1471575008266,1173.530590626205,2646.800373052726
457,8.380436379804857,0,567.1994617,551.0914014533859,2751.617507970023,3269.430118,2210.877490888299,1518.4887788168357,4398.868082861709
458,14.920247601245945,0,319.60821556856564,2608.9728889735684,3608.9778944787026,2325.714908814265,4420.723329275526,2608.6091196881257,598.1305690597802
459,12.03126590651621,0,454.04583821770575,753.3647405682681,3637.1111265131417,684.8706422999987,3484.1652322992013,2411.9056718060497,3557.9935359827996
460,12.490933987565985,1,426.5927910390605,1034.6806232063236,3418.875305,2062.798134,2037.7034570375974,1799.9928471840203,2965.855085572676
461,6.922324768,1,631.8572572459057,1028.868110496972,1738.7969605333708,1693.5283512620356,3576.6479557607936,1274.9824499316471,1263.0109746656099
462,17.086037328146123,0,142.75402657843222,3421.446359522286,1202.9295590897989,3587.410192745691,588.5744692163616,3930.0385533897615,4178.643976872143
463,14.25581369156315,1,482.1977716046813,3857.201956694405,3361.731470720199,4769.557239613631,3810.3919700511437,4955.494026807127,2159.9808006830253
464,7.030730649641841,0,643.6922350782959,3125.1594429372185,3196.8595226274697,1706.212343,2691.572182323078,4000.062111888607,1822.1091296697834
465,10.60999050538394,0,520.6297975020467,4829.776468135438,1307.1020463015843,4151.596726182568,4159.319662780075,1831.7163545219355,4226.563363356055
466,17.156148991025454,1,330.92578321679594,2186.9176078566684,3673.126155067535,749.1191762228428,4795.869434029108,1601.6403263546001,3373.362707862491
467,13.52532568979931,0,463.85200304714465,1785.7043882683734,2548.2739628014538,2921.5445451791593,4666.048472725558,1479.496442296722,4542.165877
468,6.629731686993957,0,696.3830013085212,4408.696076852571,3504.922662214188,817.4752866945256,4591.6926955490335,1115.1278352006634,3334.4766665203974
469,10.591655686839301,1,680.6593616255311,1506.1812733375368,4268.151858965678,4703.148460087877,2804.764801702492,2980.9874736153556,3833.6794606945186
470,8.640415977,0,593.8693377,4834.501427482751,1263.7779285961542,3948.580762508256,2120.6395136252213,3224.301673790049,4264.006533168258
471,12.761983304805895,0,345.97489225635644,554.6951361041736,586.1519059857651,3460.7746004206656,2592.6589612880275,3674.7619729841176,746.3283615947162
472,17.650416933079843,0,282.1214582,4864.454720184375,4005.9616387810406,4207.533717310989,3604.5320149101235,3560.960169201506,3992.2203149122115
473,11.544007022066296,0,551.6410664,694.2196037775925,3243.6384131867717,3413.8390800657344,4477.989996,1815.499900775221,3261.6791683230954
