MMM brand data.csv
Week,Price,Promotion,Sales,TV_Spend,Radio_Spend,Print_Spend,Search_Spend,YouTube_Spend,Social Media_Spend
592,8.547259788841313,0,503.8998685704914,3383.936351614466,1289.7123232161082,1857.4800873401698,1075.3238164706017,3374.1459269742763,3246.120402304122
593,10.488075547234635,0,453.8448609,1318.4603797961518,3054.7729306897454,2228.085832842312,3825.4642842030976,2244.4695525145958,3687.615212173975
594,16.904974715537016,0,237.3968761909094,2055.5027749573846,3106.9150999787203,4344.797809965561,2285.995902012135,2415.9272671863732,3471.7389812210477
595,16.06885906218275,0,136.73510269840102,4535.547844577053,2703.3100792261016,3870.495578322306,1683.1591143446617,838.9464447533218,1014.3260651407257
596,18.881773884177996,1,151.2410367395706,2632.8273811829254,3401.3536185956837,1725.4192873148725,2189.743799093241,641.5573786071174,1809.8549661904083
597,5.879443386479232,1,719.2110894711979,3504.0098233446224,1534.2202660892829,1028.7582809556798,2739.9045362310335,3629.640218850848,1082.8697445515857
598,5.173344215212784,1,779.3052804561048,1275.4394204073342,2986.980204995367,1633.9919973983226,2044.0198238765424,2472.930014050313,4293.375809218534
599,15.487082445511987,1,334.9023191038782,1365.3005846390183,2174.7796486110374,4643.404029746302,1588.5759766629103,2984.967806245833,3861.0664490998547
600,9.189312436912484,1,595.9727840396948,683.9087731991549,3477.502668331351,3117.1497703238992,2293.2591296179116,3009.4756143008735,1406.871513132091
601,10.011183433007263,1,404.4698912733189,1260.2077838247405,1135.5059451791726,2900.6609393515228,586.2780983745421,1748.1911599998564,2035.8915822045203
602,13.202030388717683,1,489.56392426883866,1753.656525643814,3068.948375777643,3183.771198616077,3976.2403074334125,2641.516298732708,4849.767465188964
603,6.536196846901978,1,749.4931918384976,1296.5471792453607,1333.7165992249566,2147.127195859319,1269.252021054136,2618.420998,3173.7171104584318
604,14.640416248220745,0,229.48516365579562,899.1614019067503,1753.8937840176638,4131.981591437807,697.5707613378676,2247.9224955253567,4105.200187855207
605,9.877211693467252,0,449.8183612,1042.8614199527037,1484.1941014561244,2854.7881218511243,3441.6441180728566,4193.039225304818,1690.6596564592812
606,14.490726864514874,1,371.47389751563725,2573.504456147266,1322.770009409677,1025.365562,3982.712579706525,2530.2380165941813,1445.2381408068736
607,17.510103696100785,0,188.54712615716736,1428.5017328260662,4215.699282023002,1080.7930617307834,4162.2310921677945,3216.4003602769453,4027.626179809468
608,7.566670000061445,1,700.2798324548014,2139.2143747163395,1785.6840544740064,2915.8661592617827,2720.7913219726997,4529.840541713717,3586.4260485414807
609,18.963096393717805,0,173.79948992452603,2765.377718846856,4672.057018390022,4714.565981318777,1424.1568311049339,4398.051302865151,3564.4006814529366
610,12.960322115936656,0,458.94844445840874,3606.776728832144,4864.669364053359,1887.5845475428944,3817.5245476242203,4506.899917006243,2986.8556182313723
611,18.843916477609525,1,347.43448517579185,676.9046292849453,3070.672114716938,4412.935259866483,3648.708847194517,1715.0224840925628,3036.1025424944696
612,8.115951233026673,1,724.5743448828044,4097.3467950906925,1143.5050519957688,3938.430139604957,1608.2183034642796,657.4211973862828,3810.638773878142
613,14.068439969063563,0,374.52531756367426,3325.551752709085,2185.4670952081156,1615.1559930810809,4565.334901382568,1674.8005995289814,1715.011165045379
614,11.058306759854071,1,470.5778095,867.9156437699236,4089.795185066963,663.5333674,969.6715613727305,1754.183055293189,2087.458096356301
615,16.613332867340198,1,339.83911758684485,4431.103808480498,2153.258279136817,958.3126931407223,4922.097078160966,4592.1214702623565,4422.365467340248
616,14.088634148199445,0,420.5690081323916,4643.925802,891.5774823625493,3778.222702313481,4371.115149398591,3421.592297770868,1889.8934045547098
617,12.417731854374777,0,400.66229525091387,774.8508193468869,3005.532099176846,1398.513821,3595.5439046558386,867.6678182100294,2958.3930712068454
618,18.694781096465128,0,190.98058961179208,1745.9494166624168,4303.043831732157,2170.719142274272,4724.374497259248,1109.2036820499552,3661.877588030078
619,10.656755962575204,0,568.6164939933116,4127.905759068776,4081.668742145761,2757.6462470289116,3750.400257456685,1200.5425649388894,4999.661720749295
620,8.299703073472722,0,607.7163969665315,3867.1686067264627,1288.0541305865895,3764.6067580257327,1357.0564866352065,3336.897866760154,2458.810991728994
621,14.121517802781375,0,332.3925862,1330.344587103698,3527.440765,1009.5405046660642,2489.702621507653,3809.363114781514,2426.417944812247
622,14.360426557592206,0,256.74666810405796,1442.0719550151964,1492.269185460412,2328.6488237485764,821.7636094923591,4368.397597544283,4291.647707451504
623,11.58641932357813,1,507.5667009,2167.124462561219,1481.933905484775,2682.8280911421293,2253.4584002965194,4732.864478628094,4124.764000669385
624,12.299150655340735,0,448.89903098949526,2680.353433359596,4433.322979873334,2933.7217878719284,3837.213588817439,1407.670508238988,3789.8414678054683
625,19.39330121,0,131.44268647241796,3282.1464718863317,1623.5102873310357,4182.622886278476,2238.9950791886786,1893.9761812582208,2584.533368
626,15.99028537095202,0,162.4733398280428,2160.111378063976,1684.6130593310504,1272.551877694476,1986.3237896066034,1581.452963351738,1957.726040723221
627,6.6590262722386555,1,726.2846959104526,2581.4062225991656,502.9402584,4135.241533,3179.1007512964034,2114.4270535976198,3239.2871716318186
628,8.181951063059165,1,792.7066839216451,3863.6192216019044,4418.010654,3617.952924634935,4424.9203804950275,4615.992983406873,4443.004819092384
629,19.633649516533385,0,139.4782090484541,665.0744130076905,4066.676659441106,3001.418663895317,714.1243665,3088.0065512271267,4476.998561938639
630,15.89698330690297,1,334.04792296201845,1635.9662495480934,3322.980207908051,3647.875416811574,2234.6169561488095,3821.863537960246,988.2425528169729
631,18.725676892169798,1,179.04353752067004,3710.073136480486,3876.195938,2354.079825282454,1212.083338168682,2705.536562570519,2427.576277159178
632,9.55792196,1,621.0134631503138,4528.430769592397,1184.2185534102132,1122.7891368565606,3629.094128293413,629.8606100125604,2591.2488028943726
633,16.128002901298885,1,301.6692810695094,2802.5484895204977,2562.4561756440894,3495.943581194153,975.7605219401069,788.8796869901645,4899.269154
634,15.710040627852672,0,303.61110794137255,2894.5106836939203,2080.487243069514,2861.02538,3491.6349136111003,2920.653640705486,3550.991069
635,9.420349781590627,0,482.4792875791236,982.2740510289923,921.9943681565742,3377.186602,1787.813918590583,3734.5506566901154,2332.6088776793176
636,13.26224488176058,0,308.8600261002181,2513.355650705546,2687.5871834671584,2020.994514628205,1395.1256618175112,1468.9873738792917,617.2604869351685
637,14.411226669054429,0,405.9668142222838,2896.777699047604,4643.328426541859,4580.899598029262,4713.586510212434,3748.593082965368,3044.233220446382
638,12.216977162411975,0,369.39345875822477,1591.1172663562834,680.2660357281252,3143.164408590096,583.3605953568014,4147.995980675806,932.3418903726026
639,17.40768059987019,1,305.12061999760505,1711.5945392722144,1811.5741107220724,884.3111793089322,2469.997724,2353.5386526295006,4255.024808064934
640,17.493035626969842,0,150.30498081441155,2197.778733970802,1433.9342129256656,2524.117958169929,597.3214661,3858.8865477984723,3886.3339725666297
641,17.75900822452335,1,206.5683428059324,590.3203899997686,1571.6599414956333,3903.6022463463546,2676.1687164694804,2318.1347764780694,2572.2912195868043
642,17.05135353647244,0,249.00020010406902,1949.3562451243022,4587.955483457188,4073.6055277952255,2754.713200074882,3552.577833,2431.448507937649
643,12.321252157957169,0,396.92661739823035,1451.5160314844509,2606.3107440543054,2725.6867374369144,1947.4811212763616,3937.986721937944,4538.025345059459
644,10.721574472235108,0,366.12029814931714,1973.738084800616,2598.3473582291845,4526.364068740855,1094.7279988626065,4963.669782386499,1798.0625768815778
645,17.47064425571556,0,188.4393531785874,1038.9295931866304,3922.5903910487705,1704.507967374339,2193.743919805139,2054.2849792861825,1620.5898294804686
646,12.353021878344002,1,539.4389354015502,4507.3727633295275,1195.214918022166,2347.694138,3525.183229696547,2349.6835125857515,4726.388447715929
647,8.695570979419728,1,692.8102459568854,3171.1660409932188,2692.6940934502286,4543.686097560365,4020.7811389000663,1245.290267345771,4141.606265390672
648,12.610152984833245,0,435.46331455230114,3555.9604361502033,2434.9334635447685,4533.155224122105,2888.3777107466403,1418.3287628081312,4192.815168802375
649,7.127747328788631,1,750.0365964974876,4051.2705737330225,3186.0981074599526,3585.707459711064,3154.254775,3620.2775116926996,1378.372164241665
650,15.374442358981982,1,359.1443875249496,2742.9898951807577,4998.009664626974,4365.412462049991,1402.773670060937,4626.705155695142,1144.8319614392049
651,10.038819224358594,0,400.7910959212419,891.1412963934066,3962.5200233692117,899.4797013,1792.9864995244225,2275.7222824755827,617.1329742
652,8.909881976711816,0,476.9307569130096,2916.979438183465,2290.3956635784225,4392.477392934994,1228.530245235613,1309.3000107599355,1566.6867901340602
653,19.347631193521174,0,60.664842381343625,3140.785031093956,4223.988735233212,1942.7895794760204,1621.8290750207511,1782.9477472234732,3983.857212714461
654,16.653214936374614,0,194.36861260156363,3854.477633829485,1268.1876349061608,1302.4918059269735,1511.990511014893,2547.7326716366238,1580.172884438674
655,16.806042540858975,1,305.6092044906236,2442.4679580335574,637.0865883903206,1577.1642635392086,2837.519538760569,1807.9264821441577,3780.964776176943
656,14.355829539187752,0,271.66785081575176,1074.111362580037,1420.0176760892286,2380.858286062492,3032.099401058282,1551.1058740483982,1633.5871941533967
657,17.587592157654456,0,216.85742182989034,1776.9915760942602,2031.8520025141686,1630.3640207201024,4752.263394,3811.930199406858,2278.816240778023
658,16.387437217450717,0,201.90680107871984,2133.8703337938578,2797.6134085680196,1942.5541370742458,1380.0679119568538,535.3021455828043,4924.230304601338
659,13.981605562004248,1,475.8556635,3406.6275859922057,3268.081132435399,1107.4031873223894,3387.540695726732,2926.537373014174,1601.652791
660,19.41686602777576,1,293.9041483498638,3068.5023710101036,4597.725727464898,1832.7954450154934,4177.666710443853,4071.9506316338925,2193.6678228422043
661,7.873924245266346,0,556.5373049842907,2102.435266540308,2794.3430429770597,3075.2771654390053,3021.0865870237362,1698.0272884286069,1854.8923120934614
662,19.150695784921265,0,97.46600072600289,4939.318619568408,2755.7404008157823,2488.341686409788,1647.5164362548408,3214.8117977540783,993.3124384850103
663,11.021572429982974,0,423.7907645358928,3225.986687105992,726.0935442034196,2060.2344255616003,1681.476035090001,3510.050475,2704.5236395887123
664,12.925984751022298,1,333.21743248923104,1567.5205628119752,657.1019869530071,3859.034579857013,676.6387388194996,3447.611133822905,2204.1079849985103
665,6.841089793164635,0,584.3829338310532,958.0211267918169,2980.2198286236744,4520.794871269931,1874.4990194681677,2506.3233538942295,3626.9918861327606
666,13.101611583826864,1,493.0204448789891,1187.8661263294941,2471.80376,3905.5515030607867,3850.7165555152105,2059.6009454410064,4179.175461281958
667,14.168101277872902,1,349.1523541903098,1606.8097777302867,4276.311777411343,1994.0031595295563,713.8299074319967,4261.658328625161,2949.1237152303734
668,19.96552312712786,0,-52.8511545,1223.0661796680006,1223.0581312033032,3849.9897552689918,1486.8287712717379,3913.0068064993893,644.8838993930159
669,19.627886166072898,0,14.453957946002923,1339.551608230876,612.3724795267232,1183.9108211332305,3678.046243393019,1945.6482803626063,3285.1506030562473
670,19.495959378114307,0,55.245363237237925,1782.928259122312,2520.6744556855665,1086.4309464108092,4021.932032702945,963.5863749899274,749.2582850942264
671,10.22582090153086,0,317.7517748051164,1280.1811788263967,1568.6535053851587,2055.321666662715,2548.932845278678,823.1339545046114,3273.603456195612
672,19.868997481175654,0,33.884451269658456,4535.444410818913,723.2646800247685,4134.660660698257,3641.3345231539197,924.2419005452123,3582.634771711348
673,11.832172273926663,0,355.38894254823276,861.0518555,3760.692291,1608.5671125903584,2245.784758947014,3122.9121253641924,1389.954324278833
674,17.777543881428507,0,46.24616520420312,2860.301253066146,1002.1684998076137,784.6403400440581,1219.6096026085738,732.4797912304537,4187.057669
675,8.244799535,0,452.11162824727575,2346.785721453477,3237.4377500349724,1092.692908428598,2291.672720853079,2016.1709373381727,4599.883092083219
676,12.587497694849034,1,558.6716400551755,4920.703776088729,1764.7238757510013,4364.352358,3109.855190914143,3889.3986586140322,4158.891338512189
677,19.490181441914082,0,116.28607548360618,1004.1750597562356,1280.732226597599,3352.0247813627943,4766.239768338006,1824.5667493192013,1872.9913559543697
678,19.20547095385141,0,124.97127055626395,2290.3501957058375,2208.881853136929,1639.405235164895,809.3792844,3934.8863473105844,3139.893556005355
679,15.25602317,1,435.99169782639166,4862.61695,4106.505993003291,2998.831213976816,2783.2734223023226,3854.6016719317486,4616.668171360525
680,16.967214838295895,0,231.2190824238271,4394.782066522911,2264.421096070577,2874.1083009140766,1980.1390019482596,1606.2220968494735,1942.9912680028247
681,7.646400449036021,1,769.6815203828605,4176.824319,3878.4634214497505,3449.4619029829755,2787.4026242451255,3779.6998104173545,4190.125200194412
682,15.824878242262361,1,278.63042237438896,1660.5627217022293,1064.6883355961781,1549.3439948972734,607.8895131943925,3864.994872224453,542.6380906776344
683,14.270762125030584,0,236.15118839805834,1268.9941432552962,3977.471388492856,4389.813442,1908.614096157116,2288.542665501621,516.4101625310432
684,6.373276036268692,0,664.0116265578094,3508.8944896599396,1566.1999620799188,1892.1585293600579,4189.406663871523,1446.892176836832,3918.7024715253533
685,6.697385098845144,0,714.5951632372354,4682.191951074136,3548.2690844999274,3623.592442893066,2992.7378023458687,2845.718631013411,3926.5141195720453
686,6.626654266268928,0,704.1368810160002,3005.433018562684,3046.0169967844836,572.5609087,2527.6212176725285,4646.289146000883,4050.397345335322
687,15.865354022447535,0,288.85267831271324,3072.2571026145492,4681.151227452593,2176.9570845236626,1784.8628227190281,3378.2752959442787,4685.12077
688,7.1257281237135865,1,701.7604485633533,1759.9059214712788,2242.951330888913,2082.6941808146375,1841.1913525611017,1278.1512393226753,1030.578403191279
689,12.015984066717056,0,416.36659750870183,3962.718199363716,797.7433497549821,2945.679928623565,2223.956451,3572.4061613008394,1543.9324324265976
690,10.354727088166367,0,503.60844951203825,1341.696868508855,586.199685,827.3131779973842,4260.068194840522,2422.4136227682557,4566.762141682134
691,13.257562111553266,1,559.4626696931027,1956.5565638190965,4220.863524,4055.5911817674873,4852.459430637207,3161.8795880991784,1297.5628899755905
692,15.597147308291042,1,425.81365354403084,2414.4639737738753,2861.3103694764445,1480.0136079540584,2473.9492160766854,3803.2881576039854,3570.031704094628
693,15.270838058319981,0,301.0470308692109,2784.2467040800475,3988.5982332572717,3546.670166969046,2270.087774364928,2817.263081815002,2887.083500183669
694,12.73279873871565,0,396.3709776647204,1590.843795867861,1554.915200051816,4114.454554598419,4309.478491189382,4162.927885579889,874.3715458317827
695,11.965023104155783,0,407.98954284609283,1016.765711326416,2052.876854809552,3028.446303086809,2421.073942863366,3749.700106924825,1783.686478736898
696,10.967233926833881,1,579.0636700809608,3247.7901909873467,635.4674249509352,3833.974430248935,2984.0817753304304,3267.830030083298,2841.6749739843553
697,17.92864922456569,0,263.9728293907188,1798.837489581151,4826.715460583505,3478.371404967525,1539.2374906943498,1178.5676712455816,4335.575525077254
698,9.962777073089676,1,710.7379074,3115.5719964017553,3505.4055801536606,2099.8840871840343,3845.7614110058385,4261.770999102057,3683.9232032660316
699,8.890487317512424,0,587.0950054807018,1194.6322187339103,4699.422894916878,4139.863425651044,2893.9474322185183,4711.575133939172,3298.4742265471987
700,16.14973240482907,1,392.77013535377665,2665.1304583466786,1694.7338334308254,1826.156164484876,4140.655476081538,1116.3430571418266,2732.1480047363666
701,10.396451925450897,0,611.0268311635036,2896.6524464821364,3251.5862505154737,3070.458129881827,4013.2972851290137,2697.0850824504378,1844.0779271636043
702,17.704978996359024,1,225.5228909301378,733.2059157009211,3553.249857,3854.289826136928,1467.5214572151285,1664.9993388672701,1036.6021009366755
703,9.91833078,1,606.3533571,2014.7192518726426,1928.973651159148,2205.3015941562844,3720.359977509931,3895.3548834150406,2340.8421555474297
704,15.529172368618823,0,221.90601504375303,1104.8660462253843,4316.491557570335,1862.4542342784127,4100.244835781172,3747.3333620211497,628.3332226008166
705,5.676635094280042,1,730.0898680161556,785.1873671274549,4762.226583051115,2567.057045777702,2057.4825835207776,1133.9830425667942,1449.7515017008277
706,10.783443201654801,1,547.1771126207863,4954.821045754754,4481.8480296320195,4180.835724571191,1276.7410080602353,4446.622720677367,2446.1751914269694
707,10.148452624513272,1,466.7307159042492,1950.5923023862533,3825.8013917271765,4684.647934155491,511.8447001081468,1314.3787879010101,2383.7233355236176
708,17.25018108913885,0,125.77535578953953,4144.435006345857,1748.5910587622932,2952.8753578695055,2529.066438919167,4087.6656154164834,699.3294394864658
709,19.505831048424653,0,103.7673272538217,1645.8829464369373,1767.2721894753429,3476.5979239564335,2085.9472919247874,2556.411618326022,3150.7706908638106
