MMM brand data.csv
Week,Price,Promotion,Sales,TV_Spend,Radio_Spend,Print_Spend,Search_Spend,YouTube_Spend,Social Media_Spend
710,11.913219150394422,1,568.8667442685492,3566.762250007682,4835.121442007171,4564.731300075114,2997.094252,1977.2253210116805,2973.579151339563
711,17.372544157306372,1,223.36267400983277,3921.0253695035894,546.2802317106141,943.4608313582407,1346.1849166495358,1212.0766820339609,851.4693680941077
712,15.495420514360475,0,329.56559285838057,3180.374332735299,3722.2248795896503,1544.3536003977426,4368.494964499138,1254.2641526598322,4744.233736071977
713,19.510789814955398,1,200.39436040112645,2622.092848475713,3678.1077314986796,3690.050028132121,1659.8984703264935,3478.5074961540513,947.2225052788706
714,17.16662771514237,0,199.09207264269185,2353.2841136627085,3302.1029342740885,4206.850078605348,1518.933222894425,2976.9367457620424,4346.753680568012
715,6.162170989455958,1,726.0314903,2069.907199443479,4955.489807390896,4356.630627487601,2663.213254179602,1049.3843974305473,501.39379361752674
716,15.699225835733543,0,268.3241648,4682.881149115216,1903.4574609367635,2367.982295847197,2744.829606849234,1007.1403719724633,4470.264927704224
717,13.032495731335604,0,250.5752421768288,4237.787335044781,2029.8733870696167,902.0295603134007,1467.8835295329177,825.3975864775616,588.7387949194065
718,5.246540868984908,0,637.0539695263078,4842.621097999307,855.2273133,2470.0166478482897,1723.373270266621,3846.9530631809484,3910.154143514522
719,8.769694380881656,0,443.3822365041097,1059.3375056849513,2492.5916144468183,1538.305655931742,1263.6735761986022,3703.469383531801,2127.608650851138
720,18.826328675403396,0,169.58401135563645,3788.903638416399,1674.7183680568164,1810.3840474848087,3733.0708024542505,762.9394588455882,3821.9756006134394
721,18.890920591801294,0,183.80588777354527,4722.532056,2045.240159799399,3975.204005768776,3965.4006406433687,3021.2153401863784,2307.853424412403
722,16.982756903009516,0,155.90380437158765,1315.5487977454707,4255.573056150324,839.8718871164909,2580.478238566772,881.0426985921046,819.0856504932879
723,19.726694049169843,0,174.2230993080867,799.2332031504988,4709.680311,4224.115479,3713.3916020825786,4566.855967740237,3953.7801292791382
724,17.098178369363072,1,359.96068655895397,3835.042921805266,1335.7988240233353,2424.510886208761,3811.7092637185046,4582.028386310596,820.6370839461424
725,5.153062809278678,0,706.6730164402273,3085.1290093096036,2176.290191990596,3182.2876899526777,1122.2398745501387,3642.0484541590854,4649.541961825481
726,9.317515104522677,0,600.9733186600333,4288.229495412224,4678.837529519274,903.4350405605555,4847.801111755415,4667.8501464775245,729.3831610624762
727,5.459362733566443,0,756.0978138538056,1128.9756948183026,778.1380731015018,2018.1158526077584,4194.6437619339395,4151.538636861607,2656.9637499718197
728,6.411619531063391,1,753.6709341711299,4078.7029033695057,915.6223765012032,903.6541356,1420.1755753812058,4228.4235916717225,3753.6549388285803
729,8.282612254261641,1,610.8047757889408,1407.3229402148504,1232.5594514280322,4826.946752964993,1337.742660857316,3063.6853275646995,2269.609092
730,12.553378194882836,0,263.51589385863144,1236.4517428956701,3178.4577535709363,4132.6774219681265,1065.4751551081224,1877.2663919727916,1477.5506356659562
731,17.712980051930266,1,161.2347560785024,1239.1960906894683,1177.1252195269885,2568.347394604071,1122.7035314386326,1480.0960180238972,3915.9093262821216
732,17.929501342356623,1,297.73260051758024,4165.586241041219,4856.343717,1506.211467,3866.728095629133,1972.4000991751814,4029.326171549269
733,14.243027878359447,0,449.18308685290464,3493.3874931329005,2510.2153726633414,4700.547973624335,2613.444156282306,3328.229435400779,4652.127427794652
734,18.922639085993524,1,360.2457309304234,2853.794411461037,2756.830821575749,2050.6846807713728,4023.2037773294023,1276.9544112457952,2192.742997
735,12.50093489885312,0,437.03375414151793,2114.737178555761,1609.9637711243292,1224.4299425931863,3858.147024575924,1663.8810648679473,2778.132805237971
736,18.335540661998024,0,224.09952668666313,4447.402433658987,2619.3211359563006,3034.239748042797,3220.7572107734973,2606.273883,2134.0779928073243
737,11.81097884498018,0,458.53703372290454,2266.002983401859,3478.6113468665517,4746.983541551673,3588.649729604058,1548.725443,1656.868198331157
738,9.158375111328233,0,505.34107733913885,4174.697477622097,3880.2971162931926,517.2363072514515,582.6007597061381,3148.896513722277,3879.6483269192386
739,18.746193771506416,0,83.18918120299169,2476.107088565983,3892.4063721946086,1571.5617946429943,1902.9994106225988,4654.292128053485,2028.4333025762994
740,10.81902613518304,0,522.7209034901514,2196.249932412084,3100.5100071233974,4723.014381846834,3370.199806667346,3866.402145664069,2426.6724889655843
741,12.551061632666924,0,319.4369309666409,2582.059035513229,4569.618987472358,1269.886850857229,542.0522906880989,3498.9197636701088,2316.5314593081252
742,9.932909487960158,0,424.52747461699636,1856.2004337386393,4178.3353128774925,1009.5955323791893,648.3962465716703,3122.2466419270045,3706.9755154103564
743,14.942564004360946,0,397.07433442880694,3864.242211,3906.7165161438143,3065.8424710991203,4333.495921116724,2695.765591656792,4630.080317498059
744,19.92546837509053,0,230.83352536984128,2762.241755416156,750.2248475620728,4378.297204826735,3578.111877614323,1339.5373683559687,3500.402275883198
745,5.3827032329715445,0,691.8147721674954,1544.957128160678,530.9508299884219,2646.9941796226676,1694.1637990415477,4526.1970494208945,2622.121682424047
746,18.497720090106522,1,304.4542180474999,4548.085579735558,1456.0127473796283,4975.5391550803615,3595.8327805341905,1618.4120090577635,4006.4230163249754
747,5.058890854838981,0,750.4306636208515,2227.5104961794514,3485.8561726105354,3556.2726479209678,4066.055011126685,910.8899491017235,3384.370958549619
748,10.463418217193166,0,510.8535861712701,2945.9878750129487,2350.388699971456,833.3370824470148,1880.5742739954558,3875.068306529128,772.7466070301607
749,7.529102094342715,0,465.8046593,4579.124499340462,2310.8281668469026,4967.744592568889,662.1681987463435,1290.2699044902488,930.4861388847874
750,16.36012671008827,0,229.0604956820452,3309.0709816129643,4480.6409970332625,2335.524065510857,4697.506061094805,2173.531997935292,670.6262483
751,5.759162611357603,0,617.4190379858399,1026.0411831876384,4530.032816593274,1793.3114023046714,2053.309272330337,627.2821773094088,2555.673467928439
752,13.30227430376492,0,289.66668287069746,4729.244556260638,4591.288688241136,3010.456326100485,979.1679347811787,1116.8057414320165,4216.340454525342
753,9.423892008,1,577.9437863694051,3324.6862388213804,1912.451344317623,1869.3841631938894,2713.355921269163,1279.4163384196045,1908.8742620810842
754,7.0050537329705325,0,516.7947426740704,2007.0752659568875,3609.751157326678,889.0587820406854,3958.105080488602,744.8455748758008,2228.7208239161673
755,16.57727318153961,0,123.56639600733843,1126.7243269852427,1722.3493157346634,506.42754385629524,1497.4129157790162,3454.9563048028035,4592.6469876555075
756,8.261252514,0,557.3601190209645,4073.113351716332,1357.7442488350239,2523.1250881411806,1712.705225600135,4266.535081114027,4266.065503924947
757,8.355128180824083,1,676.9374703869515,3290.3274016783107,1330.8460580631613,4265.885400019665,1592.2174405936241,2179.9193286467344,3492.716506
758,9.126151777068845,1,706.1225517,2900.574913893447,2039.4842938861732,3075.4183353353446,4962.528737742552,4435.594145231903,1700.617019415131
759,13.801501457420411,0,292.2900884114506,4522.516623729309,2434.8092890091975,4996.432845245484,1388.3168017874414,1460.0595855205693,1026.6866720979956
760,14.894988975361224,0,221.87422185752413,4048.6874505103883,4239.271269747807,1790.809905,3089.840976347558,1964.2569060255776,572.2647020605117
761,5.264037855520175,1,744.2464496219098,1182.5369587973803,1039.5099206272043,1762.047791420249,4663.690887,1178.3164686402579,981.5480267198939
762,8.628044541706855,0,442.91054170418863,1902.7493050799671,3807.166313277024,1218.872571052749,1161.0345599500065,3292.516379385494,1816.6839963077425
763,11.464562637579242,0,469.9285130252042,1618.2011291650958,2891.547113851874,1238.2861471940082,4868.843890404651,2389.413158916381,2983.0552861077304
764,9.979654282418498,0,504.59868980908595,3847.7583165770466,1795.7540420419662,1783.339682045215,4763.647555,3259.775060788544,788.0003724
765,18.262559877663293,0,178.69037796753057,650.8959563110072,2717.6881303977107,4067.780203730872,4480.573941762182,3927.537074273826,1113.0250024330205
766,16.815630963296282,1,261.1303194247318,3064.5035819209243,1849.7393139966018,4575.9055578640155,1465.504346,2955.663572148268,1314.8631603857348
767,14.388353233082412,1,484.4299319385432,3931.0640858331076,3182.368798572377,4887.8922636845655,3353.247752049425,3324.3365970580453,3343.919418424878
768,10.070636239955597,1,679.0612307001992,4445.445365427873,2452.297652848599,1545.3034434340368,3924.0116283255807,4708.626414774498,3271.054095
769,15.510085172692397,0,338.2710072736328,2039.3678692215835,1239.8248808549542,4465.838955263413,4937.125676883934,1845.789393239794,2978.445768674688
770,17.65457019268692,0,121.45513847176129,4195.657871024057,1024.6238355006353,1977.1479017480167,1311.9071993661669,2116.237723852789,1627.2564111317283
771,13.92245566,0,282.25733310632216,997.8428162984326,2960.130569324586,1007.7824503259799,3947.116547836834,3729.665127692016,2170.0386104842937
772,16.766922003400687,1,314.9277700037209,4309.035312805332,4560.858649787466,4415.112164840745,2024.6052646720084,3250.874827,935.1037235198437
773,16.236574420996217,1,298.14190364623147,1073.6989804939208,2047.809589509585,3362.4753558962834,1290.3190950560106,1303.3980704287167,1519.072716911247
774,13.576059667404833,0,372.40327039339445,2287.792807521653,3798.5004825018045,1241.2890323647778,2396.1962354623474,2192.662895047206,4539.6735191266125
775,9.682748252322664,0,603.0665725932885,4087.8291460079913,3463.9760972289514,2434.2406588085114,4072.2616046687735,2605.2710590612173,4908.612858961228
776,16.186732370019076,0,278.53577850131506,1174.6284230694819,4691.997114392664,1792.6596269468043,2591.8241166682346,2387.254270857752,3414.468135381326
777,8.101945495364097,1,752.8481559441287,1531.6312785468867,4194.414577846133,3815.5755591958864,2918.853950913718,1302.2366374491835,4625.704814105391
778,16.692325197073007,0,343.8788182760924,3750.1365577687984,3049.7236650745836,2540.373037809206,4978.217345900545,4659.935413,3392.338551806413
779,17.068200382137995,0,318.1742578,3740.1644144573347,3456.637242053483,4951.759752978733,2295.991848008417,3930.4344276228912,649.3841874746145
780,17.332173193555597,0,264.59842058716646,3385.164347983838,4542.739099628157,746.3524202,3269.3033961915794,2666.101244485335,4985.431632438841
781,12.093739564676865,0,410.9492061761964,3622.7680001019503,2297.8345306412066,2097.568698,2143.5989072691737,3560.2746273807647,945.2853575894071
782,7.8872115165563255,1,691.2978654589074,2942.259995064183,1970.576176359998,2668.5507519948983,2267.5354084791725,4537.772024609849,3571.888106502773
783,6.495854000991031,1,688.9891846352878,1633.0957650812875,548.6498763583835,2764.100996367439,3630.3833905043366,1112.7836406270703,1637.7629138365553
784,16.150418757318864,1,363.12811489904453,2055.6319707676375,4219.479833861589,1921.7112007353655,4720.491392426976,1626.6787281813995,2263.9150080813206
785,18.29392077,1,322.2299185286379,1317.1897256064155,4104.413151815143,3781.5811209390563,2940.6152772154464,2942.1556126549026,3406.703831604222
786,14.76257538,0,356.0792017334405,4588.027526001328,970.0453314506813,4436.361830700386,3957.7996802695093,4095.546671085614,2464.1930718846816
787,7.162400905825544,0,447.83539679695855,3125.263076447542,3095.858215097151,4724.236858900384,901.4295146763372,663.1470294868732,1627.4572651900771
788,19.023446727763613,0,122.82540372305498,2303.8313754363794,2587.9176417509934,4122.920195597868,1450.2111684436713,4928.081675883623,2005.0078409524613
789,19.83653021808979,1,131.35939449322055,2579.026116398597,1034.1909297910015,4327.610887879697,2759.592384137896,2547.079712970787,2036.9665261542934
790,11.50067914902383,0,426.69917790718864,4762.775028253169,4912.557021773256,2977.453853,590.0527563294866,2116.5401327977534,4816.9575702869615
791,13.922379339106568,0,311.8440041963592,1190.0813140223609,1466.1314935850996,4216.497018920665,1637.8474044315146,1817.2599702789735,4093.7585716555295
792,16.658427800024867,0,264.9557684940395,3138.0342440755876,802.5538104075251,1865.767591165785,2828.3058042123475,1284.6051844289223,2563.4694716573003
793,16.04584685075067,0,192.0140802147569,2776.499054980097,3176.8132077585933,2293.1544294914647,567.3253921533532,4062.0825901851254,1399.1941415361384
794,19.51680787900174,1,191.7799807725041,3251.5440594559154,3824.900047098647,1926.1085621834493,1690.4582880171877,4799.363741357434,4149.572496181952
795,6.723246366181834,1,673.6207504889616,581.4958271937822,645.9955072123413,2603.2430095156647,2813.1386876414126,2361.401396804292,1207.3211222376808
796,13.710872992142086,0,401.6814539807742,4424.557590248682,3464.2293742715997,1785.1082730738638,3079.1716159156053,4785.893126390553,1447.0799771390152
797,15.378971295096381,0,317.58962279202706,4694.532271176256,2895.313441781545,4827.25149,4665.882618748875,4207.089269457654,2147.0602632806804
798,18.35147636281505,1,340.65502650730906,3043.0993261514404,964.6925399377178,1907.8008260255067,3404.0553046277355,2664.730073643432,4461.566881333955
799,18.11164441577226,1,247.16681573362933,3634.9287074460153,1276.3574462586294,941.2004214992292,2366.311111384972,3533.117806067597,1093.0400088534961
800,19.66999690341935,0,127.23845387735543,4651.247215297831,3055.884337922362,2870.6772472268603,4686.580297098805,2457.428806267083,1050.0538678453672
801,12.681176809065185,0,428.9441635633973,3682.5738544102937,1833.6092608097977,756.9458530032937,4031.9734252450744,3014.2553369564857,2722.887447373697
802,17.461413002198398,0,141.22196486486752,1186.425693114176,4722.420778930922,997.4442483886123,1400.0401450073641,761.2085165832672,1743.8474349215362
803,11.409225621909915,0,393.19624905216796,3093.2976207506595,4184.331032678228,1487.2522513831082,1088.790626069689,3633.185638852399,3059.2757374167195
804,11.334708167840484,1,572.9643948040723,3230.2177087228515,4926.052429311484,2589.5761244696378,3541.152360842298,737.7109001786152,2532.3650810745057
805,8.800225467092886,0,597.3804539864453,2408.588020860737,1668.518775276863,2449.6291953906257,3019.4742450964272,4176.882261138422,2457.3159785804755
806,17.273559305288448,0,269.6479011974636,3813.999060311253,4863.756347590896,4098.6133790125605,4053.531262067401,4212.261182572509,1003.8783671914698
807,19.787226587202735,0,112.84866415539807,4704.651566460567,2440.5524140620105,3827.635942,3824.622725354089,1566.8477940029657,1134.7236061242806
808,8.845125925208869,0,610.5401910169518,4665.058308080494,2063.8345789118957,2418.432322958156,3313.4519023588177,1956.4825146611013,4194.853598510826
809,5.841973820316085,0,713.4508761178233,2528.777171318595,726.5728713620896,2001.6689340903347,4938.719772330015,2665.8967035123196,4486.472319
810,17.23313656128511,0,173.2840017412699,1009.5712062833986,737.4436603682118,1924.1095282767437,2901.153785496839,3184.9830811961665,1556.075897983626
811,14.303450788021342,0,249.18811611662449,4931.785395330506,3614.050651759946,3982.9778928230407,1008.9759042577393,1793.0914778389852,1010.5722568614608
812,19.395482008265066,0,89.03204508329077,4275.041389006703,2560.6804749531257,734.3258279957138,4227.231041671947,3166.1888208436626,740.3750237052977
813,8.783588286154284,0,467.9529187717297,1060.9820654147009,1519.3473171624755,557.6974227977262,1633.3401305556904,1840.041829531845,3237.3392618385355
814,6.065414870019216,0,722.4799415409319,4643.788471778175,3262.866378463547,4079.949763669916,3997.8596666476324,749.7082448197731,3719.089456250925
815,12.386633912997524,0,396.0686245468979,4414.533629279577,1637.8615321255004,2647.1586919507217,4806.981932000232,511.3739742435903,2177.644951414425
816,6.2819903444772125,0,650.2389281823799,2834.7712570673243,3099.3428945499018,1088.9651234910918,3635.5798128395354,955.1797606329287,3558.541403707878
817,8.926850016540612,0,587.6684152862276,3160.7394608521818,2116.4393614221062,1560.0467056752557,3182.135724274105,4065.128150738082,3708.3146700178677
818,6.889667912287525,0,696.3491803072594,2295.512167415586,4205.985019753185,4696.267788938221,2571.7377905376825,4826.440905725017,4709.040266286074
819,8.361982695,1,686.1970573288334,746.4273747,4193.132723450507,4367.76339,2139.8443969793148,2421.3478967654864,791.9313702579826
820,6.5921697923208775,1,739.0444745225765,2008.387587406554,2648.076791550806,3694.0327260078766,2088.5213793732632,2807.0777905247423,1365.312754539859
821,19.30858999140928,0,90.53486602643746,4112.840518691051,2078.6859920075703,2670.0135365179694,3363.6771756931576,1160.8167608304175,808.3669441864466
822,9.178440701746032,1,676.9589160977392,520.8441035207129,2131.5190845159254,2841.4563178612357,3880.7290262198567,2979.6410870607065,4405.972700012497
823,11.658463789888483,0,465.4604384555782,2000.7462726101487,4125.715365506981,4888.600408777814,3553.326812679865,1150.9470590313958,4066.6422201510586
824,18.479177114513334,0,214.7236126419914,2291.759121159245,1976.807672589254,4845.966997479292,1392.8454553710321,3250.464490394735,3085.8893177982754
825,15.159823819422115,0,253.2312783793508,2918.280213220653,1440.767181680807,1468.7107060362541,2722.942311,4699.664004113843,876.4853452303242
826,14.270562208426615,0,269.3449640605583,4639.3502738574225,881.0975384388807,4149.970548373932,4062.380324823783,1380.643426863678,1729.9056139417382
827,15.583447855412556,0,287.6332038787462,2058.5569746468254,2600.119043979838,1387.5919977515755,2640.668351850753,3940.536731256959,1839.7393162633261
