MMM brand data.csv
Week,Price,Promotion,Sales,TV_Spend,Radio_Spend,Print_Spend,Search_Spend,YouTube_Spend,Social Media_Spend
828,17.432333856580726,0,182.28888535720068,2061.2894085330245,2669.5944451392884,1460.9186504777813,2914.8047588097224,605.7609026824582,3023.344382069377
829,18.165039017776415,1,296.0267105768986,3818.755616493868,4284.089196813082,3542.4186537405953,3970.112217,2189.7375859472945,1661.1975231652195
830,14.639595059975397,0,246.59215209314254,2534.9807340041325,1495.5741340072877,2322.5049436439676,3475.6938781929116,998.3682852372907,828.3193876082968
831,18.350109120410863,0,209.3091656442679,1510.7217032299188,2214.4607315077997,4691.949831979341,2342.052143970767,2086.1394871806474,3788.4303583398473
832,13.030962911382153,0,392.8699713750052,2535.9778225971204,4137.8258250216095,900.5438070320397,4529.357200373985,1280.9161383749758,1845.8609524493509
833,9.159362844,0,497.9577219502741,1133.8565917090993,4206.306248370381,2801.865383642719,1231.5518089856537,2179.8724555529934,2535.683796604853
834,18.201150633257665,1,266.7400549657205,1293.741439278005,2230.749841904457,4633.346886994045,4979.824018656462,2378.852627483887,1074.4998574203742
835,13.122092411196306,1,447.83853073075863,2742.654977327659,2566.058104790064,4568.511472157774,1034.8366031430674,1852.6600525141328,4111.467365275608
836,18.592063813508513,1,192.61469989120036,2385.1645227704657,1864.7865088217732,1204.3814603708356,567.2748699690751,3454.798772629081,3044.8934461582594
837,5.6025172092587185,0,766.8484857163265,4616.806554806451,4696.496952886904,2149.869650434054,4505.085055169441,4634.834230665094,4557.135317944383
838,10.962736273118534,0,426.41484941756096,2130.772546024849,1033.8969458371114,3286.0463002101333,1602.2907876468023,2302.6791834737255,2729.622034
839,19.217075275437026,0,223.48805444724732,3112.6475762511955,4701.872403506615,1217.2769814713097,3783.648323510244,1365.5442041375964,4736.415523180459
840,8.744751391,0,664.7115759713362,3345.1892956378865,3577.3990332590447,4856.099774205824,4149.569187194312,1718.2524118819251,4513.406919715967
841,19.12304369057739,0,242.57583290394103,558.9250546475014,2892.0746870902904,4616.371979274471,4365.438759644526,4343.003706,3094.0693540665525
842,19.30853691693875,1,330.2903548243815,3485.918174075198,646.9657735302314,1251.2758056551113,4962.17406,3072.3787547156653,4702.520471674386
843,18.232134713387914,0,156.81450185594622,1301.1618509138814,2640.1828631990375,1045.1995756744345,1823.1786951799959,2547.5496453813075,1953.8993628254852
844,13.455020676399482,0,356.9949195128078,4824.816428612548,2334.8664725122953,884.3381726371938,3696.0950386726663,1173.3652467901702,2145.389732168951
845,14.704091736209577,1,291.03072769756847,1168.9822748890083,1225.4846538880515,4592.496488,1019.299362263727,2523.7728874570184,704.6507808771662
846,18.044254976748036,1,214.20606582785865,2365.808556771607,3453.843215752956,1371.3071440795734,2330.6418111058224,1753.214015,3151.404080437339
847,16.638456235837765,0,334.8579373202463,884.0735063538973,4870.179083157286,2373.2821784495964,4315.872619906657,4744.234075340071,3748.657865
848,14.451407741831174,0,346.8725661425359,4985.934133306763,3029.849649790363,2519.8311454340137,2154.4612072659875,4478.315492370791,3980.836356089464
849,19.73389111806054,0,220.1733407645969,2759.8775464905916,3716.3897439977563,3195.5496989610538,3159.929212410263,877.5614382,1174.173287207465
850,15.285149545005412,0,309.2818617380028,3179.232577940197,808.0270365470756,822.8090468634123,2766.9804967608534,2824.940701675593,2498.7158254062515
851,19.632229886716416,0,17.00442460056108,801.8441482479236,2379.5014811764763,1520.4137783023218,3406.781890004203,1512.7625548160245,1295.8844544226204
852,5.860827119106361,0,694.0201412280701,3874.822117,1023.6131832402315,4691.706741135167,4878.024752244627,2348.4969028593077,3479.57307
853,7.084405561133186,0,561.9673730934334,1444.575168930136,3257.581259914297,4587.8454827085625,750.8098692563095,4445.815992131555,1210.7586758979564
854,11.77188269000736,0,515.0759796,4541.244302483212,4723.169711963696,4015.807913325615,3082.8268287573337,2873.8153394984515,4568.736577802338
855,10.773191913264727,1,588.7297154514165,1423.1283821690322,3477.9997961223735,587.3056052819695,4383.629506626281,2003.9688201684194,1537.855905
856,16.741022620355416,1,294.73011301316626,1358.0947429864996,845.6137174148969,1971.5304582324595,2666.222202867924,1435.4975934724866,1811.3101982971018
857,7.4092103970380565,0,527.9072828491629,664.4735053,2095.9979224328727,3325.814309043085,853.3723367370776,4101.461867329202,4329.078449679499
858,19.64142768667233,1,194.64555765613278,2624.3012529949965,2977.985207483832,1738.3559529806405,3022.427085875469,3310.3310691395623,2563.104245655757
859,9.725988129,0,435.55345140676604,3041.7850996817738,2314.4349025996353,4593.140127741997,1994.332508707192,2606.294572,607.9817561003287
860,11.433855616102392,0,386.68343706033744,795.6888774275856,4251.398047138276,3352.5025782459884,1197.2380340207114,1478.679592383401,2725.638130411906
861,9.121175486600343,0,465.2587989288582,3989.8742751275477,4166.019521194951,823.5802279240052,4320.655309775629,2004.108683707091,880.4450092105537
862,13.690454259898209,0,443.5950626901813,2539.7997563661243,3253.2395904644964,4590.525149760664,2847.1978084600473,4819.295420323333,4934.051234092898
863,5.8794305063387595,0,789.1814565097312,2859.756212,2180.560753097174,4809.949961793001,4699.743856,2840.4047192262547,3146.502067050211
864,7.245162583556732,1,744.8670502433679,2483.432361222027,1649.0136819345987,849.7058827627648,4127.074270713811,2303.146765594638,1654.396779249403
865,16.186965551280863,0,278.3740646,2303.4337739389666,976.4344319590818,2895.621056875917,3618.373071981503,2846.3991905674575,3036.729558
866,7.797508751072058,1,615.1350241872861,3018.3814908869804,2097.039575689493,1865.139269963767,522.6147651439037,4005.448276548239,845.9019652178968
867,8.532716773349943,0,510.48987755652234,1198.5811066882063,2359.276327434738,2267.775844166311,2425.2055548721246,2030.4902142629094,4099.5108692096765
868,16.894733535872568,0,141.93489474731865,1318.676587,3541.203162968331,1308.4304807990384,1388.6882674341455,1304.1775441967397,4663.976242388737
869,6.399517675358804,0,718.5822547,4378.035294560828,3461.7192093390804,3101.3244590558566,4598.590599719905,3132.2125325257152,4434.999746927718
870,11.562107341562614,0,475.24536284994736,4757.519579601348,815.4866283856563,4810.907089620007,1285.6279310436212,3493.418465664802,2037.9092103435325
871,5.345950804958405,0,702.9707450088305,2179.8919232588883,2278.666919,2763.826701222241,1787.2702324667848,3707.2310133134733,1965.9565383951583
872,10.202110989768556,0,384.9134661064056,1718.351029145992,1318.0049024781288,873.1156162751652,2825.765454805246,4468.9441584475835,657.8942505
873,15.484721039161316,0,258.28729033994995,3397.9979445755707,1205.6571739256256,3290.0060006483377,1685.1362854913566,2170.283543101009,3431.301614154125
874,6.351549195758425,0,615.6945780336379,2339.3037699414335,4222.859673817607,2031.0034750306565,1444.3910477560453,839.0970330300131,2907.0715288540773
875,18.325019401681402,0,208.8695646783236,614.2386004715519,688.6184752231588,4351.663353,3195.946962962386,4812.568626,2567.058670973036
876,18.642485644110742,0,99.13659759337418,1202.6866881478568,2386.322941559546,2456.051667424116,900.1828523976073,2457.5536734686384,4584.339290006182
877,6.574855626877026,0,497.53242172606303,3721.875029813289,1256.9164509493319,1367.7782402401053,761.7549142441612,3304.658793529091,1255.4550548728084
878,19.86098654563665,1,152.7637688,3465.157738595681,4456.985970553133,1359.9753021101524,2175.1038283373214,3498.3739540773154,543.4982001058205
879,9.462943300932334,1,598.7118924696314,621.9319662656757,3006.682309737658,3959.438813245222,3742.9900452853803,2959.311689155416,829.9240345434443
880,6.261525066974091,0,637.6882184092915,1498.8747286982725,1541.2128636958162,1695.1441923831196,2996.630412232766,1423.6588838132154,1505.1714702231602
881,5.0760067174589345,0,623.3562134344312,1539.8365846463212,2760.922792248694,3952.5502737165034,2402.9441081005048,3898.1437255226365,649.7849716855562
882,11.127843436457939,0,462.4880549985738,3523.5173461942777,3791.6886186640213,1426.4928984496973,3045.8820390106207,4116.883884368368,2762.796698
883,14.447149785591765,1,351.6277333,588.6974198946386,4811.531040137452,1947.5886591558924,2144.531680939731,2988.3901370784793,1913.407048551101
884,9.982688748549698,0,458.21615608351146,968.4886189305823,1492.007019104385,2594.691375978647,4712.658509444508,2698.525222631787,1312.173536306597
885,17.55076048211934,0,125.36198101425973,4099.622384179353,4487.817974582053,4744.381323620528,747.0720090984845,1012.7218240759339,3875.3783372689795
886,15.74909413347575,0,248.98915035741197,1303.4509792445012,4704.368513753706,4692.791411392211,3530.261655634258,877.7824767490272,1420.0309680463852
887,10.25242297952049,0,572.7209294730483,3437.357485333436,4623.892450394298,1430.9234394002951,4510.771991724878,2028.0418050358792,3594.2229544720694
888,16.014644999129068,1,388.9296442211338,1571.8225147102694,3359.3646058785944,2111.985685593828,4117.481189308641,1898.8076998282697,2071.6920763143753
889,19.10731605453875,1,235.1594861892013,947.4862674170532,3334.1929449561844,1172.2972480419753,1328.1846566965103,4791.454029334721,2803.224922981495
890,6.396439978145256,0,641.9134652976022,1594.2748594975433,2314.4478493272027,2794.932856910737,1831.6685704112977,4026.302340995434,4702.401679330939
891,9.591559402364254,1,640.7640372045624,3750.2011933504664,3885.7904703670456,2572.6214781259996,3726.7157241819714,3469.659329,668.0823566711578
892,11.94988909,0,404.53937587046465,4350.634106478286,2890.823082579194,4553.420731028296,879.2175163134449,2829.4164005792227,2751.1902836485783
893,12.46985191632153,1,605.5553201180965,4235.989390551462,3548.471320527325,4685.024200059826,4153.377649246628,1253.153888269931,4344.903321474282
894,13.132934673291105,1,575.3316388026093,2287.325883283047,2428.0605673195796,2226.053259532814,3735.0812507215564,4903.0550248292775,3145.8841176665683
895,9.509403598079729,0,601.6391466022534,3506.383114567908,3791.734088194126,2712.8207435854524,3783.2299215590415,2187.683142080945,1745.9173263432049
896,15.008894689735236,1,346.68360601565394,1422.4293293711944,4210.121829,4533.063121157598,951.0861662041613,981.1652110126016,2289.565108152655
897,14.676267552947445,0,338.5819504493269,1819.1647861745596,1158.9631547126726,4130.185134852776,3729.9224516730387,2722.0950307208573,3561.1953292785856
898,13.667322594074209,0,510.08444767713263,4533.511183345039,4248.1837200840255,516.4534010509218,3559.181563489865,4432.991052258874,4508.653524412113
899,6.706425826,0,718.0893152191137,558.5086557983121,2931.3343930563824,1940.2680388261213,4239.1512086983275,4492.809507997983,684.7986818597522
900,12.154518366439166,0,255.12713315175748,884.7883888451063,4300.996590906009,2397.9840887125665,687.1818031541128,549.3466222540127,821.9246985066939
901,10.343403312340634,0,253.47025289077067,1435.4881481571229,2440.857678534566,1533.7232765745428,603.9980081050649,4488.330851381299,1962.731856243144
902,12.36557704757184,0,259.3017316239821,619.3949174321888,2205.6821842236577,1398.0722715317243,2178.5319494535233,1721.6789787493633,1547.5085799686553
903,18.82799653272539,1,61.05882723157721,1316.459457904088,4617.773296327501,670.0302796805585,1169.547277321188,675.3756378579038,1692.188988000827
904,12.207970147376123,0,333.90598699091015,3123.687024363615,1630.261703967806,3395.1637628139224,3012.730149065999,4315.056216632935,1495.7149938164641
905,5.209711877592678,0,722.9336052567597,2396.4104776662407,4298.9554637876445,1681.2963071742454,4628.070057,4387.400401946938,1381.2127198482099
906,11.582551071261964,0,378.57536191839347,4517.022699846387,2678.0925762923184,735.5623029409089,2261.6587865030706,3183.039859290575,1087.8078509118131
907,17.309722700740732,0,270.92403955631283,4178.496027822985,2813.4294914806687,1539.4068973762865,4302.276697726718,3084.9519078336125,4702.793593078571
908,16.700913848272524,0,198.39609553186034,2038.178082640442,1888.107266702678,4108.6127877625695,501.08393533039913,4159.0412267963875,1148.8525875776886
909,12.700851102922716,0,294.6675363,1667.4054504408161,3078.6899027855707,4331.701317,1258.315895566329,4038.392987196259,1419.8169864449128
910,8.746535193,1,506.74757218615935,2208.6158367527014,1963.450383242951,2673.798103369862,636.9059284433853,4505.474630492168,1608.1957579135358
911,11.976329943718177,0,392.77014070686715,3156.3272413166346,676.7123640874354,2372.3180168390877,1976.6623123178088,2987.3635141851655,4698.566929086893
912,13.455533291272875,0,425.49491458691375,1706.286383702943,1723.9937240496022,4900.341620758018,4586.853180634263,4854.411917297639,3900.7136012048813
913,19.998071574112007,1,208.91762118056383,3308.670085321103,528.7056953,1402.5409681463145,936.2845561954448,4982.660739200023,4053.647436419816
914,14.66267135254066,0,349.18076135323133,2342.352434860582,4902.596541755855,1469.116772845738,3228.8439953471016,1024.4507449938467,971.4121679232412
915,15.413973950939202,0,356.24008529283503,2984.212313833911,4845.862444188863,1813.4022966637988,2531.731726037499,4322.9469179935495,4263.394437570522
916,12.371812153520779,0,467.7074927764642,2462.569381108925,2278.1988386253724,1277.407932264893,4723.106955646156,2749.2001598686506,2336.8688681783806
917,10.317343261737948,1,578.8961208176144,1825.0959179386296,3777.668844528407,2207.1451919188394,1051.3361414169221,2244.048522349244,1682.7036179557492
918,17.19429475470809,1,283.9205520605903,4768.039881329705,2056.1274428469123,4598.754021453892,1454.1253272600302,3258.8253944722173,3090.8753758413973
919,12.423984865088542,1,445.88279792574883,3936.2260737189235,3519.9192068868924,3269.0652828285843,632.9388587517197,751.8450076790316,4199.823076175302
920,19.92035194946788,0,92.41797927417478,1130.5092909490363,4124.435193706906,2353.7594687551864,2452.708623341182,2779.0750344518597,4003.934679837092
921,11.856808614020661,0,506.2421376769767,4408.105891540607,4760.403101115084,4704.848575570467,1750.2480480409442,4419.007565,4504.988671615094
922,6.020004255,1,857.0612362,2693.4403921228113,2300.955241323524,718.0890461412005,4414.576702506444,1460.5768226253595,4676.594837069498
923,15.238672056351241,0,409.2899589559777,4525.485021023411,4024.8409233022144,1446.242800558376,3222.2336593898976,2418.754526462413,1571.549321424873
924,5.699621763887166,0,813.4446351,4099.348651762919,1696.6780278445344,3046.4987229579156,3263.4083208906577,4727.663995,2407.3605237617226
925,8.757523953,1,692.9731937659853,2413.4607701115506,4956.495367071418,3269.9868043693064,2893.598135965861,2428.537270125638,565.8284264
926,10.30607379169855,0,419.1294249749817,601.1118874405283,615.9631944395801,678.0087795317592,913.3265175314045,2112.6543454957928,4456.947467
927,16.092253784319915,0,183.46650763955518,1709.0481172322573,3215.879629255044,2313.674410582095,2502.5840767640984,2482.414916555202,1195.574681636454
928,12.413538896114193,1,616.3747776,2937.3539659739013,3467.776917430972,3421.192841738927,4997.773353688324,2837.5374493290037,4376.636655542125
929,5.429688969653849,0,777.5355844,3350.6519892176625,3596.205007,3641.3174588153074,4258.531808807067,3343.9610485916096,1982.2429489396836
930,14.252747769138832,0,407.0138941984841,1660.4945844494102,1041.7441045509006,3371.629561323212,4520.565743752022,4103.117604,2156.6011549151217
931,11.171543561399936,1,615.9327578829309,1127.1023333277085,4723.384025629087,1942.5345096241604,4204.518616609248,2534.4599259394145,676.0951451773672
932,18.827517649506607,1,150.57298587150296,4257.186065596847,1315.3247557253726,920.8405561905928,963.6876204394221,4178.664207905631,1970.9545539439382
933,12.493434667103532,0,364.27197153539686,4929.809813165984,3302.3903145792847,2422.006008887003,1523.5171432915984,2901.742976084363,4497.636572605688
934,15.634627189090084,0,110.86652966957746,2865.6058203620864,1502.0423560538823,1079.3949681562497,514.0474311038433,2023.1622966558996,614.9633050472187
935,8.283027384943203,1,621.9056209,1272.5567863173658,1882.473876595719,4764.306463343002,1865.7955619515017,3460.778726537364,2328.473628710264
936,16.41460347,0,119.43535964278772,1725.3829693371604,2959.0634377765596,2638.268897101827,988.7333105592165,3729.750146345711,641.2983341573351
937,15.814329657255085,0,170.39384389748687,582.7580444636003,2377.370383540594,1927.6662846059041,2627.5700538571236,3011.220390332694,2169.1554129907922
938,18.561225628119622,0,130.5749737486311,4614.344629522246,1221.0152043942783,3948.3683200350506,3547.073698582559,754.7673791062554,1276.8828835113104
939,5.507324625787988,1,679.6679829300366,1029.879873005635,1269.2138108938173,2740.7686666201876,4435.273827671346,1264.472938223712,1634.9827697076742
940,11.712510464261767,1,520.2621146572238,3094.324139814141,2381.6515467325985,1895.1531080560253,3871.4772429090417,1783.8397440060269,4449.192679226386
941,15.187331041094453,0,333.38941521987505,1733.248493092427,3907.773402239753,4153.854840758608,4723.635181003274,1771.815226781719,2462.2214927985096
942,6.427458501203225,1,701.3841708864959,2993.8010113210703,4540.840910815048,4402.184679505049,742.5423067720496,3530.3936011109176,1732.0909613086048
943,11.159061007233685,1,458.04197427943814,3431.391747583389,878.5744801672228,3528.5367482990464,554.8092593744365,582.5689775313466,3152.022700777465
944,19.13219904599293,0,120.98937094195381,4233.838116682407,2268.967584017305,711.3399008345028,3476.021512262957,3900.5679967228393,1139.4813192466206
945,11.539017363366924,0,396.18568848339413,1428.8957229227144,951.1050367529449,3048.4529607493946,1802.085846000108,1694.0411366311994,1667.2622333938514
