MMM brand data.csv
Week,Price,Promotion,Sales,TV_Spend,Radio_Spend,Print_Spend,Search_Spend,YouTube_Spend,Social Media_Spend
946,19.78107175220947,0,-29.32075451,549.4812289631622,574.6661628466904,3934.8271039877673,1640.754572475979,1895.0983079724608,2958.1158542129983
947,5.852585916197294,1,658.8887587899839,1115.9853353096328,3477.734071897805,1114.2635543761198,1988.9918946220741,2875.594225747659,1568.8536883163097
948,15.767446642113368,0,244.70812257805886,4550.083888316472,3211.022488849645,1529.018381230715,1714.0822605156386,1471.6652042253088,3556.074818
949,13.715243543724043,0,366.05512888378325,4432.5053490313185,1233.586012166988,4471.227972806614,2801.4638283571426,4480.120911089874,2711.7108601678515
950,12.50809515698188,0,425.3803823,3188.358959766387,1552.1577489187885,590.5477483388331,2480.668012508596,884.1595069695438,3973.950816146109
951,19.56271102227514,0,130.75100552894287,3202.325872,606.6848914003327,3887.272120216892,2805.9284811949533,2499.720630354792,4767.100410751109
952,6.944756007,1,711.8345338065346,3492.6650354581498,4257.262425624816,2631.979816314903,3527.2112517519627,4322.400212547005,1021.1220020633348
953,18.43998428,0,223.65304588671978,1289.1707538055232,4886.107682218481,2510.474714778231,2242.0872903701675,3271.297524895561,2005.992544930452
954,15.368606167049155,1,347.2614965497961,4614.853756662319,1109.5679155761086,531.9343962269922,1630.8845921397055,1815.4828212918505,1937.9707829528295
955,8.884941099,0,459.3779193,2384.467362014329,1541.6384619438415,4187.292039349218,1247.9024156393546,2393.4209349940734,1180.323137017644
956,18.52503718,0,101.92036748669125,2224.1233771227385,4407.842857761203,2119.212052864549,2072.633537896815,3680.1247115413157,4146.364118000619
957,11.439423767915198,1,620.9212441679366,2835.129673772769,4669.087090802832,2933.445340852443,3838.129138607774,4879.673345137547,3919.454168174555
958,17.213409921096062,0,279.58861774329057,711.3468504877477,2388.3232226306463,3547.8530885104674,3905.172095501613,4519.124232707451,2679.914618754796
959,10.83254776,0,475.63264932436135,1248.2751594023573,727.8011252108336,3661.833093970621,3501.0742400789463,2040.9476377206954,2919.968500075743
960,17.763962411498614,1,276.61736203657483,3821.151273918667,677.2632516176873,4801.910264717325,1553.1267888809357,4991.890456795359,767.9486210112332
961,14.54943677667573,0,310.4777694,872.5940056630691,3082.774397310547,2891.029789564741,3146.3881063461395,515.7709858897622,2999.7830854717054
962,7.115699503755907,0,617.3574387491251,3214.184492598747,2268.0279900193054,2298.737979384924,3068.103477095816,624.3339011378679,4061.0368580883637
963,14.744947452042913,0,319.13443642469036,1604.0709935659443,628.9359240994453,4791.666319212685,2679.1978914937645,4207.282318270372,3082.2240811273573
964,7.870171441,0,596.755531,2251.8302631888946,3124.6357654065055,3389.496057614845,2974.905438727389,1397.5820907487341,1693.878665541885
965,11.17883941841244,1,387.9029970039522,1799.1218154681494,550.8614146506011,1841.6766032445003,2713.0578468065064,773.4617077830839,3503.9672255045175
966,7.554433763780506,1,635.7368846015344,2100.5272240922714,4043.1738116717283,1069.0891043160702,3044.553647333487,1567.16633,2126.6979348436143
967,5.330241735006779,0,667.9104140617643,3735.7065733291047,1878.9477021651721,4291.495256593316,3719.7767957950796,2417.4506929138706,2951.9297792858083
968,8.178298091749362,1,607.0556176167656,1837.0477203042876,681.1610135415444,2129.817212573682,993.3268748154788,3787.5482169503216,2694.0441347551614
969,13.045580355861887,1,503.6092555304524,3048.8208813360375,3147.584994,3472.1137461399403,3873.315884670607,3309.5098694804246,2215.2875043433105
970,12.22341451666019,0,376.03217924568656,2642.2268098959485,2289.579864948746,2618.673887146542,1111.4876755741739,1569.2954790218919,3734.950911773608
971,12.522456433040954,0,284.5897012832558,3486.5202441319166,4882.101860107173,1395.1840090776725,799.8259928466862,2764.7170164526297,4477.442503936469
972,8.715303177,0,613.6097688,4715.733826961411,2948.893981,3207.5897387920927,4892.358587996604,4667.963474,523.4563331461623
973,15.277418009212793,1,517.7341800922238,3796.5744374461265,1738.5763146665372,773.0738102780704,4806.462959916987,4167.534996,4701.274336536652
974,15.563949302305186,1,420.0094118,1467.2317036584054,3692.4748908528863,2360.0410694203647,771.9644522325382,1954.3540317430702,2801.818112374512
975,10.369517383394983,0,527.2908758262055,640.3241078,1721.714011442201,2959.767228,2494.6404866373296,4920.190526100633,3653.2934616346934
976,18.217551327112616,1,228.47948912055406,1680.188199349213,4569.094811334043,2462.211383533606,1338.1022223489863,3688.7918019580893,4350.310547791447
977,14.660348249533218,0,372.1784440973165,3177.8506881511466,2186.248867283194,3869.0247886294587,2684.0520371048815,781.0221005,2601.9666154142146
978,15.695589128879476,0,332.9531430088126,731.4161606791265,2974.4085324929233,4225.662295453906,4235.797593498143,658.2232098,4257.383330142006
979,9.160098769,1,625.3879103791037,2733.6481124055636,727.5789672090299,3970.593833149301,4777.752986343006,1257.835770545135,1299.2891875484102
980,5.009174527333806,0,624.9205150319657,3185.7928201260015,2417.5455707850388,674.6582651531095,3354.1369405319183,3775.3514062256604,1216.2539051591652
981,17.98063418153164,0,186.99979994888184,2004.0975086763237,4245.635928474478,1373.579467006875,2092.575502453177,1326.8251662909256,3458.621159852691
982,17.336365768697128,0,249.67341278008024,3969.1049168561985,4125.419624135038,2914.7337916869847,3214.965045400693,2801.690461439751,4415.643524982817
983,6.847878320642453,0,629.0378876360762,979.6921391019731,1509.4335148408682,4706.699181997105,1904.0058774880265,919.6705408137428,4515.917798912177
984,10.611577024344598,0,532.7898047565794,838.1200178111394,1517.355819547532,4257.305487734526,4594.206383744271,4643.987710235878,3396.8320626976097
985,14.920089625828739,0,441.80382828325344,3776.8494029162152,4177.873904959566,4291.405287583108,4416.802083976267,2047.822761126054,2864.701535941929
986,14.781662858280923,1,477.9953158625874,2729.710922927893,4686.792890761964,1864.436871918537,3012.0428762584743,4586.594254522839,1991.268894634323
987,17.905255022128348,1,330.65468146859376,3597.8107839248123,929.1241457285159,2432.515536854162,1961.5951192116224,4751.940388597449,4910.001870196991
988,7.104022424531428,0,647.2669759,2456.723023716858,2525.2638774180136,2618.1767629217184,1820.2535401234027,527.5789129115635,1938.630589998127
989,11.449096216776782,0,322.4211491919404,1608.8091495759807,2018.5442553390303,1208.1721250745968,650.3809761727675,2588.608342394294,3848.8374825421693
990,6.458366268896372,1,769.1061532073884,4185.960429533899,4418.098049558477,639.8065861000534,4171.193829613829,610.9522507,2893.9180995725033
991,10.843928726579422,0,503.5708513339649,4097.371455360407,875.8621160600844,4761.063047572326,2526.724458675536,4589.117448363077,3238.305541
992,5.226611683815566,0,643.9797199688942,3626.1341188449205,1450.0667415111684,1583.2066354857802,1963.0981778011899,2832.833951305591,2270.662477648818
993,18.474095976651903,0,175.26725298965496,1724.653117534832,3886.1075191392247,1579.7700667563408,2619.9965974898923,837.2480571432357,4841.704064625115
994,12.905659952430216,0,389.9309219336831,3156.038000910892,730.8223204154701,875.205742,4184.320957045934,996.2452772,3072.5704674467197
995,17.747033912035306,0,205.2200039335471,2124.3825362301204,2716.409213214302,4678.284883747004,1060.7639346838455,2225.7906102173256,4720.044337064555
996,5.898570515050457,0,739.4365876523385,912.1193299698537,2489.481656,3108.817017228974,4359.451947088222,4731.053867928003,534.1613727826135
997,8.411871657,0,631.9624740464594,4627.911089580092,2004.805305449369,3501.6658570640925,4538.7897579875935,3618.091182056364,3077.0176243600445
998,8.890699928317709,1,710.3020002834331,1115.6838391353263,2275.5754189351574,4602.095992683737,4760.185617652497,4404.284897851096,3727.3410037637213
999,10.800372419581821,1,628.1445457958555,4776.068092193611,2884.732641186048,2055.2907600535527,2288.695965901825,2149.0549085299085,3852.860770229981
1000,17.04299558596319,0,163.6781662938183,2507.025978310801,1226.1531127477242,3296.7829001213786,1477.1318181695233,694.4616479749925,4572.395968017567
1001,10.79836810597239,1,522.6845754,1333.0981797737884,3073.9814522761676,674.5975462799936,2181.3836831001436,4884.429367419863,519.8072405170383
1002,8.069802944694905,0,458.7091371641276,2938.5542632026118,4124.445481849938,1340.4763770400818,1998.1044330413147,577.278458,501.48571666764394
1003,5.974853905081527,0,643.8467626302288,4428.2562614438375,3920.724184055716,4240.606122904741,1292.6926062628704,4764.432439,2625.185573578469
1004,6.192376225290312,1,650.6907033957618,3795.0119888430254,1192.5495711219814,3950.457603522511,3232.700015456696,2159.048407321151,631.8216725
1005,16.40070808941466,0,217.54771349570092,4129.525165376524,1171.6226138366326,2077.892111557161,2644.808722,545.4068225984669,4885.396491480686
1006,11.672044865549495,0,437.57386698237957,3464.525150198228,1706.784655,2195.647824983956,4395.654465458017,3601.207542760287,1499.293285436264
1007,15.892716830000229,0,259.6619929884832,3615.244540330336,2124.8362685346674,2900.9949509911075,644.4931121692621,4912.431368141094,2626.991282141801
1008,15.234306826455462,1,331.04064587185246,4321.380432043937,2338.0501163381714,501.08452108310547,3397.4056739980683,4845.3157527691665,775.1193350550062
1009,7.030436926403867,0,657.1735330928061,1623.5060398663368,3558.637475750054,1585.5995121711253,3933.269953302025,1224.216550410883,2849.2178727706632
1010,7.1433190128840085,1,698.9610928,2702.412336394132,755.0619447462593,1437.043138736965,3917.6895613473816,1315.6151272976974,2209.802563163338
1011,16.33013023151201,1,305.92513311711616,1495.442488,656.0271690172988,1627.1732603739356,4487.332851929863,3044.9251157884705,700.9701299475068
1012,15.819024402281258,1,394.0313759303816,4944.506035984911,2263.597533247591,4126.576291400486,3780.6518427327233,3367.871719,2008.0592001330115
1013,10.670461503114655,0,541.5768392793326,4748.267028589759,3637.236614620912,1758.5323544589942,4675.145277414634,3827.3806114963954,2261.4620910028502
1014,6.161333949992601,0,646.1109918266039,677.4206511582765,1370.4590433041717,1361.8459492256666,1996.9546991940115,1314.7266221246637,4954.646711
1015,5.181470325476783,0,671.5168721172531,3675.088276320598,3386.7701656531326,2769.1855735686418,2764.4423753819437,4815.5318904399555,1435.4864236371895
1016,9.322354241926174,0,485.93581977992005,4663.617428370496,1669.2266207313476,4395.402663677294,563.3584847730081,3374.3266533015703,2951.5082691654484
1017,5.138334103808404,1,758.1324057514298,1312.5890530730007,4487.387489660823,1586.0736672687494,531.3091428648105,4311.711134917497,4942.919971393829
1018,8.451089316555551,0,491.4161820965503,3055.7535374868326,4530.604749199774,853.4130926,1580.5697920318396,2930.295718778773,4064.086435730608
1019,11.292511103170078,1,471.98681101171746,4619.697339146188,1837.792419265969,2103.821311323491,953.6323871258837,2364.2458141544716,4970.153754
1020,6.821236479679313,0,627.5364390051641,652.7569036360948,1534.9718928345824,3864.433211,1670.9511557108913,4897.3230796774815,4857.342415970762
1021,6.564166367473193,1,723.2819376449974,3638.3912026107796,2350.867874298041,2978.1074511265756,1296.6948253777882,3119.5461686892622,2702.927939423694
1022,18.44656153578105,0,59.84945217024726,1838.0705331764784,1582.3921333106694,4175.570163084563,628.3401117739171,4400.931122596305,3633.691324417546
1023,13.782050435343338,0,409.74349165902737,4659.782879194387,3525.7272948126665,4818.164664241553,4591.868658827222,4789.815783648305,996.9940712
1024,19.016835301441724,1,174.78861007577132,4869.762103244155,4217.291080467285,4066.9811453822767,537.0040912500118,3539.0958215389664,2485.169712710608
1025,10.187392456785188,0,638.8529254948539,4749.199201010452,3528.9145891004764,3217.1138547968903,3812.3696495168842,2970.2240533340373,4140.583440200138
1026,15.157174059937446,0,259.31316610727674,2633.963974958587,4209.577012622072,2720.037146235712,1184.6654911378243,515.7988290979278,2774.008944397145
1027,8.070375119326856,0,637.2705439326432,4379.191929,2286.464729933634,680.3108886,4605.033299,680.0883833255269,3662.1456476775434
1028,14.275104759199118,0,387.3155901062499,4300.472293407816,1203.4263681898738,4929.448904663186,4517.581728154486,1403.8304722300236,3855.880984929246
1029,6.943785950149766,1,786.2928828806218,1935.9521295946504,3820.7792632891646,2225.6650515876913,3442.555158661658,1337.0379433519786,1640.6111355930225
1030,5.031209587644287,1,803.6474455960127,4230.119633678049,2122.1352731369925,1185.0269626259005,3525.053674102723,1646.414578399304,4440.647178241545
1031,18.972977021143684,0,74.42089628559077,666.5343562197168,3520.7187135310965,3500.1898492840555,524.0261388635985,1872.2058696394738,2569.2009390913054
1032,13.32341564262814,0,324.7675836168581,3183.214453169239,1717.8977389179456,1779.297300929567,4931.922047511209,2120.294720978277,1445.8329662969468
1033,18.904109941730592,0,115.93917327947095,1535.0397677946637,865.5333566,3136.002219189714,4450.246716091165,2392.4196053099445,4394.371468047997
1034,10.00747285553108,1,651.4268712664921,1042.5509859977547,4966.618079694935,3140.4555853006605,4527.978015785415,944.8985231,2380.1846274781415
1035,9.916791037426352,1,519.3895254807319,846.2894073314412,1202.9067856876968,2505.7841940629114,3466.600416728924,690.6286937875192,3876.405972708739
1036,11.009825026595475,1,578.6974938481409,3633.299491451629,4947.894472835665,4262.533769952692,2051.5411789454147,3532.7500208286056,2966.148824997168
1037,15.590614759372524,0,368.22979687286823,2029.4373369562977,4897.759696549013,1692.3517769994937,4521.418920907164,2918.0067117938497,2218.4228850552518
1038,13.487129512792613,0,424.1854130416691,3761.4504718794265,4072.1814675861783,2518.8466622798037,1811.8261766803655,2498.6489099905384,4144.443867673563
1039,18.88032360648677,0,174.1873711100068,794.1035335952406,3467.403329368989,2919.6145786593715,3032.201945039913,3354.9797352575856,3130.1146924007585
1040,5.381613517,0,604.4605725486965,1918.8065202377466,3100.131726129881,3486.3112434528484,948.7893755474709,4224.557332415932,2257.5294609216426
1041,15.622939069588046,1,434.0478157277563,2927.7108156890176,4397.4569542002555,4027.873327275153,4648.800335597376,2424.6180910229205,993.1904165080716
1042,9.954915340498314,0,553.7630852,4058.254241775336,1802.4778472876958,2276.632772952152,1133.46706,3385.0375927339073,4529.503911950185
1043,7.703504777276917,1,622.0536321148745,1934.3862631943146,2604.5654561819465,3407.211248434682,1512.0356257868327,4791.075007258214,659.6131340374995
1044,12.655934337801485,0,418.32498573854383,3316.5111939665408,3287.2548621492588,1177.7492888083361,3011.6037115769673,4278.310231377023,4384.343067656253
1045,12.575956762699938,1,561.2600681124836,4486.8998670628425,2350.357141,4696.9164524411535,3938.418500958417,2417.0036472608426,2119.8268619741993
1046,7.055165430326426,0,712.1847152288306,3271.3843468203704,2423.689043406206,2223.764628894516,3287.0808767133453,3401.2257701663434,3377.024435756326
1047,8.028440841993348,0,627.1877152,1548.317636391352,1986.281004,3782.846398893973,1544.6026076007026,1296.8191486217288,4649.898757260584
1048,11.122469973523323,0,293.6821305651394,609.8035170044211,3039.0431750804123,591.5348684697994,504.2436913737065,3022.3498320279045,1182.679769767543
1049,11.13217118588473,1,558.1585717,4415.444932554185,4327.585376068022,1423.3421430716314,3907.1776113834762,4915.977310122992,3051.277140374646
1050,9.763372094,0,653.4129796812631,595.7123488267421,1406.877701028408,2691.871449456101,4933.432966599922,2832.418018,3939.947880665864
1051,7.228177272649714,1,835.9302363259814,4436.157527078897,4704.948674390486,4452.136105,4144.609041377407,4674.372346355663,3909.127247235758
1052,5.065605186514693,0,788.6386668814993,2880.217103122454,3600.8944418670335,2872.648174778047,2570.929781704769,2333.0071422646733,2865.3436156977677
1053,19.553525936420307,0,233.64627297048787,4725.804643308033,4204.729457060135,4684.417170322456,4566.9526762959795,4994.801722330841,3311.327569579061
1054,19.152488445558905,1,345.9302562641437,4094.5245609814942,3002.8581168350524,2677.0860346225836,2344.314529032575,3106.4901585240104,3908.8714735978006
1055,12.254755687642028,0,523.9311603048887,4990.703497400019,4007.8251564082857,2707.020935311775,2862.203379095604,690.2104740617056,4284.624369908353
1056,19.925776299125086,0,147.64368434553995,2078.203169532696,572.9017880276025,1038.8605482523935,2647.0839532805744,3140.396585111246,3928.158935941387
1057,15.104814961733648,0,391.9270224574923,3952.347300190071,4182.711911507909,4111.9530986849895,2514.307426994862,1735.5771305581848,2093.0222443155917
1058,6.032863064113123,1,775.4584729555825,2308.6891112415897,680.6248658841494,1611.3443561017812,3988.358461822576,646.1659491615262,4985.268804759799
1059,6.765772986,0,696.2848430912268,2659.440291,4504.610193632881,4548.256202175418,2870.4600827127138,4193.839871125985,2455.2621217368696
1060,18.741662658044568,0,152.14699817066204,3323.7745844826654,4963.832362573895,4598.708991486783,1925.2270491134723,1740.7833664134016,610.0911624152004
1061,14.450783032244427,0,320.18843347071504,4431.547013838524,1823.3035797955001,4744.895503433674,1661.7117544631524,4084.468493209243,2131.776282134579
1062,17.64775439986027,0,68.10026763406587,4928.375611396828,1446.4335032860713,2841.037200963905,669.8629263534502,1796.9791233014014,1075.0232955822946
1063,18.474044744507665,0,73.34187334655653,3957.2303623903317,3944.1351373611833,3546.9220315263997,3124.378228473707,1374.4685924319842,1046.4917707776876
