MMM brand data.csv
Week,Price,Promotion,Sales,TV_Spend,Radio_Spend,Print_Spend,Search_Spend,YouTube_Spend,Social Media_Spend
1064,11.719130169235791,0,380.68531628109525,2379.950519753002,1638.6185341411394,4003.3214602774856,1534.826369304654,4882.710083469923,1766.9076804810245
1065,5.727889273650396,1,627.5539843956349,2396.1065102468156,4395.030724274915,1089.5657839270953,1166.602649073724,2127.4039748975883,740.1897237976738
1066,7.824205233,0,591.3421418689578,3819.120357150012,962.7916647086452,3204.3073774887375,3442.2348372245497,3206.192951494222,3598.3048478430337
1067,5.998579209536526,1,710.4461391759656,1574.4971559573605,1066.7983837071122,654.3405558649025,3565.4416601969697,3244.916717665122,832.9499789085728
1068,7.831097685,1,657.6417661453033,997.1335091,4906.181998,2739.047375249266,3884.697015159497,3022.130669780758,1414.8029994618028
1069,11.157993896838152,1,471.5523052,2095.7997093834947,3532.275042215021,1196.7920672910234,2766.096033523662,4616.130845845466,918.0487152235372
1070,6.772952157724781,0,506.3060456482533,1792.5754624433678,4310.992509930287,1323.153166829381,4523.245723417489,3534.9848211509084,784.2547890636398
1071,7.500998717080149,0,635.8663841711791,1833.3865420519553,1959.482198081831,2142.714050116707,4713.542390292025,2316.7985184721856,1704.8824949279374
1072,11.687326731075188,1,593.5544379168252,1551.2348797245947,3544.176873,2445.967250224264,4133.169229066202,4380.711730359233,3073.5453544716647
1073,10.102564255827343,0,535.0241603739601,689.4193533636285,3174.0882228886876,3304.2759103948424,3360.1706690368424,1314.7830460218397,4841.085004010788
1074,12.014871862820614,0,365.5773481,580.4327063003622,3214.1755405532613,834.9278829733205,1866.7442911603491,2949.0654092468785,4440.004944573228
1075,11.43758041638593,1,566.9620624370306,4944.750753812142,3571.396067919747,2766.612925568501,4923.252147290996,4777.4766737469035,4441.702664503961
1076,14.667170389698253,0,305.6086907042271,2424.9791018113806,3089.1162790809435,1321.813086138955,1733.6127523637226,3314.289334461857,1292.3016621694592
1077,19.057843233137817,0,119.97317617503937,2229.4699122185675,2430.780661861997,3082.8882876428383,1411.9561489569396,4176.358027136943,1692.0823707401905
1078,6.617965076663637,0,618.1448952095603,3558.4127721188142,1741.6521247124608,3368.3207551753258,2489.6935120396224,3441.0232649533677,843.7699255788757
1079,6.488902239637923,1,712.4784717,1482.1424953927888,3958.615989109409,3005.1916544878422,755.7825682,4277.168885920506,4003.1075296183326
1080,17.79209166636353,0,237.78319472398846,4774.825327776014,1518.225935014338,3822.3297971523843,4903.225091023059,4750.195459303596,814.1733566850287
1081,12.595950569786886,1,597.6377060844005,4038.552564869984,3615.594377694864,2010.241599084056,3147.9510038739118,1728.1477738973156,3005.130519
1082,16.496075353526635,0,230.35969501217048,902.3495104051678,1549.9977019219698,3942.979662349089,3006.284412488789,1263.474865655235,1615.4400754577784
1083,8.231328554109222,0,608.4582076236992,2379.1134910321775,3313.9857647950425,2447.4518676868715,3451.0832595487395,2677.9583764964295,1595.5053531293513
1084,17.432938597513278,0,265.9712029820424,4456.032384029741,3861.852202,2678.8302424516855,2736.606415,3658.380920708971,4958.262748614223
1085,18.85769936289044,0,84.69960266116081,4751.2941003113465,1484.2125000794263,3416.459572674821,644.2858269254372,1522.3606393199725,3905.5091314034185
1086,14.532245233197324,0,257.07188663042683,2603.306800624414,769.7448538758872,582.6127279965078,3255.4007997817853,518.4565269357519,4266.227112309725
1087,6.588185322107034,0,607.0564288356579,3260.3512514481845,1089.3818434737832,3442.9739963911175,3722.782446303938,2043.208021265174,3073.922084048057
1088,18.42942221234508,1,333.2408342852181,1251.6527574143386,3226.986352719615,3283.6331708245193,2375.370772808239,4859.867009605048,4419.564293271871
1089,16.88731591055107,0,305.5864040182631,4960.2588176163945,4322.508828,1894.3120253897596,3907.830074320368,3627.353573,3404.707426248588
1090,16.263166647717348,0,208.68045067686595,1542.5226562254952,702.4856955594097,886.0742820477026,1521.5058470228928,2305.9644977355074,4757.781671583554
1091,5.550922833588733,0,642.4577186335684,4742.292983608066,3803.6806656874082,909.2095246086851,1495.7446597978283,1366.5924380607817,1766.0236372053655
1092,16.984437878854568,1,281.8316109845101,3423.409920465658,2035.9339067752346,4654.506861433529,1226.3764445940828,2102.4035318963615,3178.9379560230277
1093,7.069265157025355,0,631.4866748004563,3234.815576954866,2653.3776646378515,3601.756945516267,2173.9764190512283,1264.277449855616,3605.591065716015
1094,8.335792642953326,0,607.2851825554924,2807.098299574289,4679.867974305045,1071.9617619683318,4311.554159250876,978.3761959082813,2268.217873
1095,13.657022523038863,1,513.0616396886955,1538.014152729914,1993.8717713113047,2105.254261890079,4225.60428,4580.340676576492,4458.6859208182395
1096,8.974711593753245,0,606.4308376,1294.3761440247872,2594.0162027276874,3166.1734725571837,2222.708935835767,4989.426522689631,4909.114233968695
1097,14.920223094678796,0,319.29232117081455,1492.1879408157893,561.5708664,4260.072673,3151.0343119110644,1238.5149781810564,2721.962711176977
1098,14.121056715486224,0,249.32090905057484,1338.9721796491453,867.1942400217727,696.4741792085383,3743.6734241371205,745.3515149522588,2257.8829466195257
1099,6.622243970198939,1,614.9453409192233,4008.130131,1663.662160106528,1564.849092,1585.4304858261034,1983.7899821579556,2623.720678504064
1100,14.840218693872595,0,179.76878374806492,2075.5636662502857,625.3350836948348,4503.870456,1256.6348865263617,2577.4663134263687,4337.315355793692
1101,18.859323647373948,0,207.7214352368185,760.2920445352836,3341.188967217129,541.2449758271741,4874.431969,1421.695611841345,3404.6079148317544
1102,7.416648577787496,1,662.9174582834096,4860.961835633651,2418.792605607301,1406.2959625724934,3279.007909443283,1856.412103093513,701.4756763314278
1103,13.95593031414331,0,425.9809860914839,4477.036482335416,2966.653412276099,4815.608791878347,4916.370748251487,1403.9183106124597,2939.764597005717
1104,10.127980579050412,1,549.1864407792375,4674.885274378458,1285.912336533483,3260.308309,2019.901942095031,3984.172557946031,577.8505523343641
1105,11.89417507660406,0,500.98848879083135,4977.085201908959,1831.6941324647726,1677.521149868779,3663.6426498835917,3706.600744612673,4003.4091695153243
1106,9.305002686184547,0,528.7158115105898,1282.5286214876928,3487.210136837263,801.4599247813142,1501.7163644355696,3357.281820924418,1977.4052309410868
1107,10.31195954521543,0,461.0041597873015,2283.0890850619644,4843.862256336799,626.8610320124997,1675.4007707326082,2242.480356856421,2624.033669527982
1108,5.433677348998359,0,709.4370140654299,3912.073140668411,726.8754812099414,1601.3528583661728,2803.559545713308,4590.684235914062,4094.051476584344
1109,19.72327606875831,0,163.3604149777154,3632.092781242065,4506.729443848697,4466.686188150097,1938.2815647863206,4862.896437,709.0196778
1110,14.371998831091224,0,253.34914600487514,1192.5315785293478,3095.965405900438,2371.6114443387924,1254.297037,1281.3769068143538,1213.436910162247
1111,12.51058385740828,0,395.1151042352147,4171.249062,3037.638050400307,3741.5001612469687,1682.963158951967,1503.5568863534513,2290.821694003017
1112,10.75573024,1,399.2090996251907,1509.9825732649729,2751.2534084349213,4632.282659,660.8677750963909,2865.3396260016634,1534.6632359550226
1113,13.090618382360415,0,329.2554371506338,1507.179266701804,812.2733865688252,2336.182077212675,3669.906297,910.6275617701037,2020.556415987784
1114,10.70158998073706,1,551.0202754709973,2916.384903020361,904.4458328,1360.7481696682867,2714.5249568863774,2464.0177947040074,4991.786320516093
1115,10.398618912405098,1,516.8580868671384,3168.2297067876643,3204.1040254658874,2827.0306888561377,924.0937988203652,3118.0606914996956,4214.364969082148
1116,11.959198125830197,1,504.6463523916296,3110.387935,2034.3135714600123,4586.376591769345,1272.6229690782104,2849.331070117999,4477.558167320489
1117,9.139745505067863,1,542.8758208988575,911.6907682898969,4627.706299599563,4119.684863619653,961.4054215,1989.0886238511173,4716.745851045989
1118,7.700748499501781,0,603.6153033512849,4448.573881836712,2329.657418117625,796.2342951,3256.667637241444,2941.0061273474307,2034.2114614138804
1119,13.349088472704402,1,343.3864096104271,1695.2001916491772,1144.7665641618848,3616.5776003491183,923.9466362562221,4814.604294164815,1836.846310084127
1120,17.641481542254517,1,346.9887026,1082.817145772619,3716.234750759162,3073.538851065292,3894.270498658472,1427.0783193111922,1553.2812165743371
1121,7.292422665888385,1,664.7068617475935,4499.366359410397,1820.0903964845443,4583.584293558915,592.2991369417603,3446.7411127730165,4235.526100886552
1122,5.491015109,0,703.4900227,4800.431742,2864.616383101519,1051.1663758263376,1622.1910459815144,695.2851237022334,3557.9833802833323
1123,8.702176177310541,1,702.7157978,4379.574277694528,3640.247534773265,2903.162509420955,4508.000041513582,798.8738201664572,1562.773921172948
1124,19.69580965180716,1,292.5495554074029,4142.822336261952,4551.1885004093165,4457.582120803516,3733.390931550107,2983.2270090061324,2196.472231447047
1125,17.43137110615009,1,244.46801994128685,3448.5889128755975,4064.8603766075425,2345.1070403378435,828.3574981655947,972.2263114757726,2780.202937697592
1126,13.93799080292895,0,328.0459147141456,2978.858167741127,3543.6248054272583,2668.977129797902,4195.067470183309,600.5605479,2876.6302577318916
1127,18.938733728647037,0,146.9165506610561,891.4404196013456,3558.349320778146,817.0730495013123,2718.6580469309215,1271.8084894160997,4499.274778482716
1128,11.67918675255867,1,577.3569274,2338.0394588181443,4756.660898,1751.6463820200986,4310.523622259732,3041.821269498085,2212.5475982624735
1129,19.74920903862761,0,130.56106092156983,2177.098326555413,1831.208438734412,1960.279921260263,3203.328985,3665.034295335196,4588.358137252306
1130,9.444530677,0,493.85604144766603,1668.892026921468,505.00442388284335,4753.051019351991,3568.248644147864,1411.153539,2486.1540214390534
1131,8.604586242739085,1,690.6614970720864,3755.390511598632,1723.7955172918942,1772.0031224352156,4970.757021780687,3507.167467436785,3858.677036565592
1132,14.570723017205164,0,361.7812935914022,2731.440807854469,1480.511208320348,2573.909308713434,1545.5099566580818,1321.143489946532,4686.144439932752
1133,10.672309519255407,0,593.0432125032721,864.7079715844156,3478.255633012992,3520.869906039259,3307.7550864262475,3260.5584198406573,4584.090667834698
1134,14.395483129643868,0,319.0463176,1490.824408774151,3351.702198944881,1229.8251758354481,2571.4462552582927,2353.8185595310947,756.2879028305653
1135,9.574932774540287,0,430.8361814,3574.6644364681815,3170.576222171257,2688.990742138435,677.5337881521115,3442.097792001275,1425.6693273945643
1136,14.268773852569867,0,178.87932624309377,842.5888677063508,573.0954944425416,3823.425677641584,565.1178867628927,4977.737386156613,2646.074414895238
1137,9.136193908775546,0,437.0327713,4330.431113219459,3779.5012450279137,4400.848458621796,1036.528600180364,4720.176343546529,2441.994304788983
1138,5.764581032283349,0,739.1004136860306,2728.1593715628846,1955.8868561847119,3318.1667359809203,3420.9128324234666,519.2679102624663,3384.0124917674316
1139,18.68203852884775,0,290.7507548616077,2662.639597969916,3492.751951,3510.7408189262655,3052.233895610265,4484.474439630376,4751.190728714355
1140,18.248078028101933,1,259.57131740448125,3165.8350309678294,3004.602928,1068.2756266305603,2990.4330252367736,799.2085782864494,1005.8212007507698
1141,19.56197223909008,0,72.34560001,4211.064346663172,2042.2891644255824,4755.994237608562,643.3554313771704,4788.709637719302,2533.363993104082
1142,15.74790764332107,0,196.1341365203566,2065.141435559869,1105.593201968485,1096.5833486801707,2611.8634836200317,1768.2155559485811,1365.849670492127
1143,15.240817666029544,0,315.7378706761464,3551.072686515786,924.8850394721643,3986.028217318092,4660.802680291378,2219.1567368507194,4523.484192790764
1144,13.385046051122462,1,533.8777562532352,3045.793838,4241.832499005006,1691.6734480024347,2289.163412,912.3719232907754,4840.6108361074375
1145,6.889136245,1,720.8710854243751,1701.627215762396,4632.788939367011,4701.169146655632,3312.1511140480534,1005.2274124800931,2654.1575685065754
1146,7.838529664239051,0,661.1416801,4453.834938598211,3424.046210439348,3739.8179271626577,4009.184040304146,3770.3325435319384,968.0463397766334
1147,9.342045330088043,0,643.8808029430087,4088.4170972311763,965.4535168721752,3892.161708,4027.663756138494,4749.4950608673125,4033.8260002520296
1148,18.352345438600913,0,231.3606070077054,3463.0332559629146,2309.1224759970833,1485.7662787694749,2836.760370778721,3248.368227294393,3637.1360772157955
1149,7.594542869046127,1,820.3001970952887,4327.617780924089,3780.2264004732074,2493.6798948582236,4360.783754310513,3721.3250698706497,2096.018719746397
1150,18.84309761731836,0,246.67499356438566,4402.823904319111,4009.1939780453063,3280.1593756517887,2261.201420136861,3928.8638506871907,4493.3336328603355
1151,12.841785995771257,0,533.2927232354075,3687.6333952176565,1031.9838003098987,3964.881281929704,4499.1194665315925,1682.6642354882376,4891.243504022183
1152,15.733544532096083,1,292.71735392541416,4266.559977636524,500.1382348042209,967.8171916057531,1581.022248779954,703.5333391409672,3010.3423210858796
1153,6.653667300208498,1,690.9796878355593,3638.621577511776,3704.6167064627225,4830.643924045377,1760.9738314575698,508.4273476362586,3045.7756010493154
1154,9.035503231638664,0,434.94477016510564,3560.6334729213518,2104.6827919379257,4505.9930174955025,739.0428089,2077.921773293084,1838.8107730120003
1155,19.377779122721392,1,149.91254877080533,3283.7512019683295,1645.1659922821711,1716.5686572301295,4080.118264440273,1586.5890268964724,3130.277161924914
1156,8.992249204,0,438.56156262044857,3887.2248780093855,558.0386140528644,4202.421093645494,2376.748563047175,780.4297627213355,2478.3904423618096
1157,9.447825805867192,1,495.93377657438504,1213.7229738188316,2931.3473304267486,2832.4576536792056,1531.0247626012956,1307.8773162215002,1859.8596211762335
1158,7.963960772616192,0,471.97384164863894,4463.918416395178,4330.178309416918,2578.129167029084,1543.0562492746085,1060.245042205765,802.3333843575559
1159,6.936104979602442,0,628.6045777915742,4423.295874853544,4809.342408226646,1914.9534761513244,4556.299735531549,4616.952712778167,1637.185368691062
1160,8.498864622,0,535.8418180492014,631.6127736555161,3045.8522777598014,3114.358639842166,4252.624702074666,1131.202461,1390.3459235494897
1161,14.634903379261976,0,382.378385,4216.175377541433,2815.0759748295236,3784.50103,2990.888984107325,2919.418087944556,2939.18893
1162,11.830516002553452,0,405.85857295307903,1079.9144036305033,882.7537347,2349.1980723324123,3272.498601870745,3168.9767980047404,3207.5150979361724
1163,13.306337545068478,0,338.67187513606547,2008.0348441661386,2969.9276069416987,3331.4863685373143,2634.4650674763097,2945.702559688852,3238.572759377074
1164,6.8354724314903645,0,607.2006288740096,3845.7871533122348,2209.9058553442756,3646.908145198867,2262.4994429546396,945.753954,2246.814504705556
1165,17.031746707443503,0,212.8176548908221,1223.4195322173869,3232.1087639760963,3700.0481765687864,4619.645965482492,1934.5926278774805,2395.533801584732
1166,16.761420508697718,1,230.2196901109993,4180.8516085357805,2249.2685654444604,733.8474415903111,1065.2571658413594,730.7164960841897,4254.072933
1167,5.323848667140131,0,685.1245081578227,4244.6038008098385,1581.3460555266504,4368.865125582801,2383.0105537230256,2280.514613433422,2643.0476608272306
1168,10.752726417654575,0,448.8010509069362,2783.604801923763,927.3437385276943,2562.1399164427157,2050.528585945439,1348.695190722164,4944.979994617051
1169,6.031559029567218,0,655.655993,528.7364227257511,1917.1330006500307,1680.872367632965,2741.678241130168,3027.346399779709,2478.277535039892
1170,16.88158669122437,0,218.01167145731316,1791.6715992871075,934.9017542948852,1587.940283658567,2559.343435453288,3617.6377723209525,3423.1142507802756
1171,16.059045246885567,0,239.39647397475528,3276.171133,1296.0362787079277,2673.563507797777,2835.0028924298663,2894.539370921179,726.6334954702811
1172,18.52982141439734,0,80.84063526,4915.337801123405,4943.012713607956,4490.741927610316,1129.6353975214734,2454.0651347512808,3440.029659884649
1173,8.546059384296719,0,612.6269741655526,3343.1608715750076,2498.4660060797837,2202.564117571911,2809.136756809747,2243.000393855116,4331.418774867528
1174,11.844438246916983,0,437.5500277993682,1669.1161147887192,2893.4229492725744,3873.765860525945,1590.884662492449,4287.6129564365165,4741.060273399833
1175,7.767318157465966,1,655.9885265,3353.025663948251,4431.283379317469,935.6842894424838,1329.4910704468607,1487.1562927937152,4987.942752378967
1176,10.568524017111791,0,448.7882498681556,2929.9342087213495,4980.060052208095,2642.255159679778,791.7539845378606,3803.982528,1769.803905421549
1177,12.83364877350326,0,429.15555722577926,4009.304278180146,3122.215022051067,4962.587632,3931.936514402634,3908.6704613305355,3089.1652917157257
1178,5.799961847578834,0,668.5190537649204,981.4128747213128,4156.132194698772,3966.9701125655165,2423.488644,2386.400032718305,2528.230934894663
1179,15.723056160160779,1,440.9957191066093,3924.6255612591262,1971.2346095150388,1447.3781979827586,3319.8965749029126,1837.852696515377,3037.1786625882696
1180,13.149400405566128,0,413.84949579253873,2935.699604042496,1875.847809,2756.4866316405983,3774.170044871345,2617.4366872068886,1208.5383073543098
1181,17.43438526,1,344.81596687394995,4833.464017365476,2312.166744475521,1551.3114364185494,3556.924993910991,919.4626665171432,4352.673076681736
1182,9.076707517867959,0,524.3850982644756,2038.4247471740873,3526.2826820314212,2343.024172681292,2617.2532359035704,706.6851450309049,4593.060245050644
