MMM brand data.csv
Week,Price,Promotion,Sales,TV_Spend,Radio_Spend,Print_Spend,Search_Spend,YouTube_Spend,Social Media_Spend
1183,18.54981657903882,0,167.4317583644318,3346.7985191027665,3569.8626016479443,4010.3781068073413,2245.5433802827843,1002.214397533513,2523.477484008152
1184,19.98041379545665,1,177.0080859834567,4694.126474795079,1918.5774559225285,3970.5116688068165,2191.8195933829866,1342.1526415800176,1761.9343770810958
1185,18.789476575665116,1,199.43187482423747,961.2937759580566,1099.4446586148292,1526.4517005607331,3380.2195861852533,2768.7956915211935,1133.7504244385555
1186,16.668387137497312,0,247.52547766131264,4717.528193,3345.7831540947886,4650.004931696871,2726.574597,4321.1148627250495,3576.9417115001197
1187,17.18553204310671,0,231.05438003940387,3595.48575,1077.4663798494403,3166.5568224417207,4321.0951159482975,1560.3904939985914,1905.0432782933083
1188,13.606163638168796,0,474.5584095672471,805.2667659732736,3103.2162870319853,2209.6593093290653,4436.158929470204,4708.229048360501,4592.923564610249
1189,7.852307943689158,1,760.6584029948275,1854.3360512606732,3620.3995762533905,2758.710113513873,1267.5217010293331,4797.085590207515,3519.5561368019153
1190,15.155610277215759,0,286.8076140761697,3686.774398903767,3652.7517337750323,3222.8206404698467,1113.0514319557653,4815.070721803423,3405.583963284083
1191,15.691295030898972,0,331.0610315,803.0777066094727,3890.6244979681856,3019.5073933060344,3336.8041671619976,4269.032306043457,3017.309521542084
1192,19.780777104018586,0,95.47220545758998,3119.767071,4427.867397045491,2688.822659912802,1855.5158662802573,2137.2126835897425,705.9935274292652
1193,13.119519743844828,0,314.1269963918771,2056.4737562883056,2749.815463841548,2772.1976184023006,583.5682344429449,827.0775995118038,4693.650960585142
1194,9.070535225375846,0,586.6049878973286,3294.119829953647,3786.1213528830704,1293.8535969254876,4498.892012133298,3059.684292949227,3325.71872
1195,15.255087826092602,0,226.80605247686776,705.8391521563078,3286.2773091462655,4157.298069371057,1521.053452597137,3014.066497717552,4973.278925223996
1196,19.69063729499682,0,241.30378632941222,4421.915627685694,1339.8797290895716,2937.921439734569,4681.762932586141,4324.890952,2918.103821477992
1197,7.658208624,0,707.2224984630689,4880.700361298286,615.6034019123367,1089.8593776711639,3728.455028952141,4981.959729257474,3695.499013577959
1198,9.889968778,0,529.3602279822899,4859.950348785612,1780.436235546202,3947.7069571225006,3931.9407046016795,2786.707879520664,752.9430103979997
1199,13.128214306590216,0,354.94860456298994,3873.433242843161,2493.651678519287,4695.997902698079,1406.5767310692218,2053.418139679029,3342.812795705349
1200,7.553219523230073,0,585.6744561,1085.388080587844,3276.9767499289533,4762.881046566329,1553.8749152756582,1336.5577020032015,3940.9232521566078
1201,5.3333095927990755,0,704.6090435577252,3912.1843816806017,4324.816987264425,2160.579795850277,2845.704892208296,521.5992116781683,4003.314326836508
1202,10.054746836618758,0,476.0514552266272,610.6411240646069,1383.1057251777454,1109.8259310233932,1274.4493369243796,2791.0116161999563,3965.5024350362846
1203,17.98056202251587,0,97.18168749188564,599.5559818804877,1064.9740545431468,2832.798319848793,1874.4426170736451,2999.8340001616807,1518.2718228215044
1204,5.652025989855723,1,731.9738743,1956.2459861729355,4835.659763634474,1006.7415320714931,1946.5811507651201,4212.223159178288,4889.293149223517
1205,11.433935885253762,0,366.40534665059096,2698.8943568209957,986.2005172,4702.943383306778,1218.3346996374385,2770.5963555176027,4978.319542812224
1206,16.433011593891237,0,215.71865726067202,3966.8333801350695,2653.209815482351,1326.108323098157,1423.3227502782233,4624.107568997254,840.1814382272057
1207,19.297738953663277,0,221.1548888745371,3574.8291947292732,3135.0367795698585,1637.4463697802382,4048.4832890371545,3326.375645,4714.008902652908
1208,19.782130985066484,0,135.66389861775593,2506.5621786953675,2936.184894083472,2329.864370982367,1252.3813454627077,4281.513071994874,1802.521374369662
1209,11.329540709131125,0,312.81322572335216,1731.3199982674964,887.1447066482444,2224.2401085160664,628.0582632976511,1167.3578066348618,3601.7783678793417
1210,19.255764415686762,0,180.3416648178905,4987.060251,756.6211130162872,4075.9830157905008,3332.097241830223,4349.012586360416,2021.4991433125947
1211,5.531284599212956,0,679.5636214478656,2417.815860061878,974.6754235746605,2553.4256924793303,4891.924037266025,3538.1473449973178,4854.894455179046
1212,16.188754069978344,0,258.7631973093521,2531.241609,3135.1445774267563,1268.457170015016,1990.4621658040462,1266.0486459724875,956.7673623659097
1213,14.641190519504194,0,164.16299058433637,1236.3071953625113,2949.551994354445,1702.4445296873334,1033.9506643831353,1353.9360116570488,2739.860676303692
1214,8.742827863792284,1,631.2531540496108,4076.6429693746823,1551.8335641653491,2791.010233343849,3066.7429641538884,4669.252785698996,2426.215063739336
1215,12.609777510194734,1,563.1582645743821,3621.570016016699,3369.983638305162,1163.542628417607,4578.593949930408,644.969122,1967.105535250932
1216,6.943306066407434,1,815.5457010782789,1493.4632575494218,4190.303759250422,3252.4505404070633,4028.2780092281546,2581.4072448306774,3404.902958960669
1217,18.073957264273414,0,137.02179527571016,870.7147052712921,687.1053193096719,3045.8628794801566,3301.321407857222,1910.638804703457,1089.7508453975038
1218,10.36847128318472,1,579.8790107879389,3562.246859336209,2741.584745966191,3716.1604237201595,1917.754234734197,3492.848479992926,3724.980881601636
1219,14.390667056985748,1,508.82364855969615,3445.3004642651085,3601.896854462106,4719.670769207154,2938.46078,4278.332244060464,4912.664557121543
1220,7.381644294308934,1,698.0193351583581,1729.667871491942,1635.403671813592,4605.145525,910.6017858691491,2121.701547004563,4120.514215108836
1221,8.092472669468107,0,680.2842203271482,4778.886030126847,1884.969073819171,4757.340281309741,3555.2544092630146,2421.0593929527677,4370.075388092954
1222,19.87934556204728,1,269.43298391084926,1179.760513014051,3261.370563452227,1601.2201866066541,3762.932085039429,4918.630030256364,2118.3653443055114
1223,16.29629591661994,0,280.36623239632837,2445.5066046917086,4540.708820496816,1092.0438798770958,4842.642303094634,4027.6242935564123,1961.989729165484
1224,19.429578046611063,0,173.46020913388713,4746.271640754195,4144.659891363047,1860.2451522340182,1671.7881143528223,4537.418589193061,2826.7175961055996
1225,9.437767478180662,0,425.6616180350935,2388.7729261675504,3124.0859859481257,4527.883277448416,583.0538856936018,2474.429992932334,705.7697664
1226,7.468443149297306,1,717.3559142371114,3373.366764488385,3785.9977299076213,4874.240635805697,2955.2380899221776,1553.3429179285185,4754.111605054397
1227,12.546026952182464,1,547.5285439393076,2289.174790832574,2141.701115935094,4366.962279817142,3680.557269785665,2353.385594239033,1147.033278572865
1228,12.42002423341015,0,480.7928460476883,1733.968410569015,3384.3448764444097,995.0797450739462,4056.833641473446,3722.4136302418106,4563.558676256416
1229,7.624197706369818,0,583.1005402732656,4927.899415819227,2597.8171600740066,4763.4259912690695,1371.8251986116477,992.4368217619069,876.1199990016007
1230,15.998293543721154,0,193.53618696928888,2342.0030284176937,1354.712614059024,2405.111123078537,1677.8879106666066,1717.1109752742898,4201.812174553521
1231,10.42666301658101,0,440.36662571323694,4523.446416556105,3657.8222324476574,541.8963084305916,2806.6591637028337,709.8615520771567,1183.831366451968
1232,7.795478463957759,0,453.4210998210658,1534.7957265098878,3004.090868069699,2490.771833366871,1987.7036448650083,2445.564822521592,671.5922634116271
1233,9.979750918149326,0,492.9901757565131,1458.9711681128747,2113.797118791161,707.3112635396042,4372.301689643502,4223.505812,3737.7025261673393
1234,13.454880494525227,1,429.86793072015234,640.1033729803012,4601.026355353838,2947.450645225029,2631.920691824241,610.9865973410485,1761.1938507849275
1235,15.897063982706648,0,348.9534849413401,3432.5007141914825,594.2035302202997,2023.493123466731,4098.103898459013,3538.955870632247,3715.232687529573
1236,12.22836329086227,0,470.8449960706185,2158.368546756925,1920.979180622732,2630.4572011732193,3112.788922170592,4696.231435311828,2997.883627127689
1237,12.883924847425602,1,507.92810964128466,4389.6121242783665,755.9662899994096,3259.266623344027,3978.9056372770037,1566.1753768003202,989.6332560352951
1238,7.084189039141226,1,809.4371919611907,2629.4445801120073,3949.3729229973223,4409.604931180191,1997.0284393864572,3621.3567832744166,4694.5853298552365
1239,18.72036387062348,1,467.9223615,4856.870425616248,3659.4835435120667,3478.557094123679,4241.374799,4887.958554950901,2535.413786435649
1240,18.930862969880664,0,190.45009203257828,1334.864820664045,1991.0849843134267,2453.219908151813,1735.575419979597,4830.251270686084,3805.012750094096
1241,15.251398856270056,1,502.22289059027617,4408.804255800249,3540.483059931829,4187.425341516642,2957.4446360148086,1557.1813686311448,2754.592574070313
1242,5.264471134,0,719.9166750009922,3994.6858375628376,2281.7175178817743,4575.119619079095,1463.032009282434,951.4897394543091,3219.626637325421
1243,13.05611323854989,1,502.35029988239023,3969.148300898234,3903.1420614009544,1038.9198489448875,2639.869347,1167.2714205316217,1862.4811656051158
1244,14.438284581329203,1,453.15639943411327,4301.524526525995,2543.8264823151776,2893.6983989875616,1931.7884427891643,3659.160508,1401.6213680155263
1245,19.91981334437165,1,171.6399348160073,3924.607959243495,2355.258775242495,1780.3038188409987,1700.165437867464,3765.91494,2941.5659153363054
1246,19.941004327921952,0,151.22648620332217,3317.991447341369,4706.284619697354,711.7753904462634,4851.432581126169,3534.0645273268956,2480.985378369509
1247,17.86416852988336,0,177.0877050353018,1090.6019495707442,1628.955949508151,3508.460128012934,1220.3334746902879,2012.3527448400714,2255.5094604526994
1248,5.9574648803917025,1,770.7599816240058,646.3678077106337,1042.0130299845446,4382.468498566515,4042.966268558279,1263.9962289115497,3526.5523779258037
1249,19.299145861680948,1,317.21649457157594,4643.815315170591,3130.4440096675617,1233.0619451482733,4928.742317674467,3113.424913785139,3607.279844050112
1250,14.189918707279986,0,345.9267525340556,3274.926415343321,4861.948155278805,4155.861459307553,589.5566768303503,2676.5620059103994,706.6402524106836
1251,17.01330155718769,1,347.2397289464058,4084.4178093927935,2200.2764617723396,4340.280800916237,3645.6233631894274,3779.7536620503656,2024.3502240965247
1252,11.107892745287803,0,415.94809804786854,2666.8505818064755,779.1654363295169,4614.531991999176,1638.103125003292,2486.1203540852966,2352.940476018698
1253,9.795042068518846,0,352.52435323748244,1027.8868503307751,2026.8737028930536,1693.7829008872359,682.1952095,2023.8786260891077,936.0147252387565
1254,11.94866218225712,0,315.36008335359566,1063.336064911477,2776.692444438013,4567.788793354502,2313.0031053048388,1820.6535981155648,1561.5539001422976
1255,7.203117694532404,0,475.1467873559338,3585.0437925303713,1228.6535298449617,1942.9823963139452,4708.480145768937,1451.6164402238594,732.3880875024049
1256,10.35599208129959,0,403.99363295014956,2436.3765270475824,3461.459981254214,2985.5210605497628,552.9429246514895,1695.8586928399764,4983.089443776593
1257,17.86426249652418,1,282.2904171667742,1402.3612701515153,4989.872250545903,727.2836187452696,3145.4856136840176,926.7369747984561,3814.507413
1258,5.569257293913222,0,651.5835656729547,2712.175460336466,2532.827641916497,697.4648976593462,2756.2841536789597,2060.8565491800027,893.5257042623915
1259,7.2631707023690675,0,483.57178773482315,788.9402168381034,2096.278505285957,3741.679457294913,4430.228739669714,664.5641556333119,591.1222090554145
1260,6.876742394742283,1,584.6693401906347,3118.8713086147945,2303.1687507550996,2500.1599009000597,878.0077153428155,1338.8623122484705,3736.795100685261
1261,11.046133140503422,1,527.3247301942889,1710.4703199579394,1018.1578027784051,1653.315689161479,3566.8671344899267,3860.467000787431,2476.364745572001
1262,19.954803513362926,0,78.84901989280547,4089.0159528673466,4474.731206418007,1356.8607321120958,3560.493642949748,1964.610449044802,4040.585190790592
1263,7.600368953,0,657.9569342132954,1896.628815156082,2366.715449846084,3514.7907088664815,3510.8600758802745,3507.0665763980473,4655.642170182727
1264,7.1822397439889025,0,626.6852164198413,2548.4906708681056,2242.7348514117857,501.8069481140294,4740.505227207666,3725.978790187748,3196.8517505736763
1265,18.725835946642317,1,346.6441760768151,552.2924295864528,3468.6062281871345,4126.5102613858435,4203.893880530962,3115.3340422945107,1341.9879031276387
1266,18.230757754489485,0,95.54814562737016,826.0109951,2489.1503941900555,856.6232275846796,688.8772681,4814.1398361442925,4019.8731622090363
1267,5.483605549948317,0,717.3672949269913,2266.221003830082,3417.0506096353074,1361.7032670865374,2619.8728281703093,596.4793998040096,4801.152844284685
1268,16.275589402689725,1,365.6726147966941,2659.724756227056,776.5083055885439,2238.0637788459035,2290.788752906001,3823.9369276466396,3111.0407917698017
1269,14.831985522146443,0,308.9868637864657,3200.0924665368666,4161.755046750024,2681.8643287224663,1895.6624949086092,4814.539897731836,3568.988512763301
1270,16.516112147790636,0,236.2622074957501,1812.4816041918646,4732.267787957312,2097.4780211627385,2531.015263193438,4380.222782088227,2018.6361276650287
1271,12.417536821938832,1,503.3462194761703,3627.4184875694414,3419.444237717237,1943.2047424293226,2228.873832166899,1255.517113,2216.8746259714007
1272,19.870688276724433,0,154.72115953821663,4370.550787351421,4795.5466798646485,4837.622054329348,2445.502549453994,1970.6913781327944,3805.9452403387877
1273,5.657705280664448,0,775.9076922,4009.329450020074,1181.445414664835,3387.1085655952743,4906.678395238891,1276.0332794440942,4674.969942830686
1274,8.515573796057087,1,615.5158480569504,678.2847140676072,2648.3728526615914,605.4482991532469,898.8483863731135,3205.8876371661686,3330.447742509585
1275,10.948189804604226,1,672.1402971216797,2662.2812626602304,3208.1303027545127,2435.7915879994093,4650.038914274284,3704.8459189077153,4054.3155881840635
1276,11.746669123485548,0,464.4174736,972.1858028817869,3117.814913,4437.539148847865,2661.0652106196203,1926.8319621337619,1272.3575783691786
1277,18.820511040492782,0,129.79631048391875,1589.2025713813737,2306.5780059006947,1856.5528388480059,3306.840104747935,2927.7795829293295,1453.815906160881
1278,13.400065461158883,1,479.7082219509288,4939.981669702159,2021.3798421481763,925.5035515,4235.823349779623,3609.1425653203773,2894.1560907502553
1279,5.676664932805908,0,621.7663361812956,1141.2299430568096,1070.7081014768846,3912.731472,2122.0836311716503,2396.0291747497176,1294.4938650927825
1280,11.117944451384929,0,436.0488154717186,2744.996690531102,2262.841027530252,3227.0622437123657,2436.898586395851,4343.069887049567,3357.477815994156
1281,11.247356185536049,0,428.6191724041272,3281.7008044315357,1231.973667974683,3066.4062852192674,2342.833161254213,3971.974708795177,1812.4393342761455
1282,19.48236407656677,0,121.69035479813013,3661.092367448468,3804.6455442149827,741.0945182333356,2186.289601410919,790.9949473,4061.8967840010137
1283,13.987956365316624,1,498.5277172713751,3018.4190756911134,1439.7392097256547,1132.245544079828,4664.881947411027,3295.063845908731,4136.496559764546
1284,14.534766067384082,0,384.7589712496613,543.9688133863265,763.5438737804024,3301.472282959012,4230.184510368555,1558.9649793188732,2587.043550899089
1285,15.698795468769063,1,293.40216861926956,1969.0758870979635,2985.6476201775545,1435.207286564761,990.4999543833924,3008.832191002739,1313.647857669359
1286,16.55058973523185,1,310.04293384379287,2829.7023952312015,3178.533797237307,2768.3153588679093,986.5550861469321,4805.997991848348,3410.4873248686963
1287,14.525766053037337,1,452.3344223478284,895.3992462,4423.608775762275,2951.9675871322706,2425.4128168384605,4455.779020485126,4967.541582186139
1288,8.557915267009033,1,601.1409894896456,2077.8211904413133,3096.4172558795685,1775.7823562192273,943.9581952976407,2320.323814018093,3301.659040741355
1289,18.110688715117462,1,240.63013299145854,649.4139895611495,2054.663841755506,4767.913199936718,3285.9189287200384,1811.8123625495903,660.9861082130353
1290,15.981797006159454,0,102.10215513961404,853.6032371975933,4113.553466868442,4291.088480760089,1146.6122326778027,1554.8258498371656,577.8228909518716
1291,16.12805727645434,0,202.74809479953646,2286.1547429071825,2931.255019343395,3750.680784347593,2850.6796878506048,2896.3169139043403,1941.6288672153778
1292,19.948351088521235,1,-59.48471582,1097.2208931937716,856.7612808403628,850.9723988423409,532.4897615167299,1014.1180396612534,1381.027130871822
1293,17.03789802294974,0,85.40053343220382,3053.933817177012,3046.3275214096097,977.5850868905875,1924.6835678569103,2971.7375365771186,4158.730432144886
1294,17.43727105,0,240.15298979015253,3602.592361117696,4586.083454397481,2717.5160563923005,3547.3582565269494,506.00137770856406,4301.625501662002
1295,19.271082735652378,0,138.9510422,4102.640145990873,2283.4068147419925,1223.2100713594355,2678.1752310253178,1957.3233383563017,1663.7844708971427
1296,7.267009997733408,0,644.2186546745107,1400.6760991016454,1833.4661085491002,4902.194585882633,4902.212686995446,1489.7044122376155,1965.401496274517
1297,12.465910647171018,1,500.7401186411316,1253.671620165814,1145.6125565810903,1213.3410531233426,4433.467082297949,4870.484554823519,1563.111354718016
1298,13.708505353861813,1,455.4397963518727,970.5552815048011,1181.504848709108,2693.6052595878828,2115.818506,3772.5904380649054,4587.721463170688
1299,9.939135938336864,0,439.35668593857645,3363.9361229463652,2447.471679538185,2138.5447557867747,704.6894366252357,2073.4402120800696,2761.922006
