MMM brand data.csv
Week,Price,Promotion,Sales,TV_Spend,Radio_Spend,Print_Spend,Search_Spend,YouTube_Spend,Social Media_Spend
1536,12.684729668849931,1,452.9954377149964,1048.487420016264,3145.9623325872476,3655.8200393977286,2425.282567821738,1632.9172394545162,3477.095332583263
1537,12.225582197660135,0,412.1437237808353,1315.1720729060614,2419.2488625883752,4050.6827189092123,1987.848296867939,2186.8352275856205,3351.693845403999
1538,16.268452833621232,1,357.3844727068112,3565.0303428424227,3269.3935091937597,2079.3903076674114,906.4335213458287,4099.7617186319685,2221.8851977950717
1539,9.228406558989986,1,650.5011674406283,1316.4725646303214,867.0871652511466,2320.941837418476,3031.9435385208913,4254.149766133273,3259.788772249084
1540,8.286002327893993,0,549.2745645036432,2863.2352265017707,895.0470667617199,2271.5684869577576,2655.6832655357616,1868.8211493283227,4161.867330053964
1541,18.891992581598508,1,99.80440280509389,3690.708177750947,1273.2325716094629,1363.429329820257,970.4950616796092,2610.5649374875456,618.2814755192318
1542,13.575644779376972,0,311.5178089043046,980.9461539263473,2831.3487411815513,775.4749616460741,3256.2027819368755,4432.188993260235,2527.7947156862406
1543,6.570343524254818,0,632.8584000310537,3052.904988330066,1462.9760541424112,3159.1224177225204,3820.789041138223,737.0299932336371,3913.4985281005597
1544,7.895542433214816,1,740.3530630199817,1654.532526656137,1774.779815716598,4951.475075392637,3952.752354741417,4501.152328981034,2957.6501170851975
1545,19.982390892713724,1,231.99024173453898,4833.170938569109,2301.4077627784736,1250.733672276183,4574.179347180923,1486.3295554354927,3431.642395680815
1546,7.934134943782887,1,658.4615026651951,2675.9554102396614,4153.397558046709,710.0816895467319,2342.6183384994974,3553.426598964691,2825.043766724039
1547,14.157132670305181,1,530.2323223546722,4126.966473988212,562.3796116078705,4007.8925682076983,4788.827458799617,3121.4826337307013,4963.435451
1548,11.301921184934272,0,514.8274990603035,2976.019439703178,3422.204691064801,1636.637030081259,4394.432322872088,2988.2333668516344,745.7969142006721
1549,18.28398642274753,0,186.4439465476098,695.3563978466863,3509.944389683084,4233.397124088178,1834.2570696077257,4367.121011387696,2709.7016979756977
1550,16.327528884429917,0,142.52856339090437,3349.1811901731007,4093.9510116048646,3667.715001655319,1216.7736680725632,957.0746464009758,911.3744710153296
1551,13.954270943927238,0,317.38758740137195,4781.315039929957,4697.388225771409,4755.5309167286205,2459.2522825760607,2061.6261139653625,1219.035029511067
1552,5.1610847269697375,0,634.1598592877106,3207.2531906584904,590.6203202718042,2340.172560905024,2308.544186,2922.1373585514452,2223.672576882178
1553,18.196928112401892,1,241.4057629281747,4186.349867420556,1192.0266748094728,3478.8642775278536,3090.7368739904196,4150.799842757178,1199.9304117521929
1554,11.670012062580744,0,557.8010811105486,4478.929085067835,4487.770823251969,2591.8465136597183,3125.238045474866,1473.9938753525219,4836.592246804929
1555,18.973664795278648,1,366.7443469,1526.3589737701961,2563.333529841569,3337.6491378884457,3874.941429709889,4113.184286184243,4760.553995263216
1556,12.433085192813017,1,515.2910041110102,1454.20178,3040.6578752005857,2523.195077034818,2794.504766925246,2298.373171222711,2012.493407992717
1557,15.413367337740883,0,205.64505258627793,3249.4144498294627,3483.622416754163,1348.845108908337,971.7018842,1350.1123539516293,3378.864704169558
1558,6.039389741999632,0,738.5312462725408,2349.6281141301715,3555.799720230368,2785.538372015214,4362.311009988977,3915.438981995672,2901.8899426720377
1559,16.177274802901785,0,251.23569710847255,4279.375862900241,4692.831814924287,2878.6289064684906,1893.9406243333417,909.0450566354652,4170.141412320959
1560,10.069940469678844,0,555.7198896436553,4550.104055291051,4986.272378352513,4147.717317170725,4870.838571379664,2816.453183339493,3323.505244
1561,10.270385214976713,1,561.8385742150276,2090.3962068622313,3740.708574189231,3809.8431760711155,1030.3704890589656,787.4410273784979,501.1360452075295
1562,6.779837670640849,0,695.3947943667941,1565.9175153851693,1792.4954414231786,3487.0623077364985,4812.130275046265,2103.880348210044,3934.284735243825
1563,7.202857229603034,1,724.5378934,4012.3648185973784,4458.885810324546,1010.2419299865765,909.5531309713264,3204.845595528767,3860.8165458325316
1564,7.786385843093152,1,660.4245189770826,1736.6271599666125,721.4941154334272,3742.7733079867176,1539.6626207617676,3002.519936692459,2793.7521750491646
1565,9.923092528571335,0,422.0684750798369,4201.764433311553,1539.8638379352328,2751.3732035953167,709.6097393894372,2320.9493805709994,4563.135379548742
1566,18.37954869163408,1,321.71710646722966,2406.8221414194327,4538.2357285867165,4523.447912477716,3673.009159875477,2430.7159728745205,4588.0079256068075
1567,10.523903573451207,0,570.4717025094019,3503.974546811617,1652.8618149770973,4639.419203587442,4326.3443145730635,1520.4629900784494,2857.6025451697874
1568,15.865440598448277,0,317.6696938203872,929.9089122560068,1492.9297682978681,748.2046577080346,2453.319868171912,2551.471647908463,3235.9470403844193
1569,6.241212558348071,0,711.3461904046187,3307.3669610445786,1121.5638191311127,4192.887021595155,4678.349337690934,4789.646850743754,4984.349323661026
1570,13.866481989079888,0,379.71246371239044,2532.954554317531,4366.002909411124,669.6382569020178,3156.345822900198,4327.0381300270565,1844.6910566513789
1571,12.228368469056594,0,413.7978070993339,3139.7380842896337,2750.262166,2152.263315627602,3335.0321095093545,1153.547910843547,1960.7775904016482
1572,19.66936920431757,1,190.8704649605808,1256.0639348518853,3537.0194137436965,2940.349890294856,4304.386407653465,634.0135429441442,1322.4825619857336
1573,17.693116548184445,0,212.16326751585336,3815.9318522488197,1575.7987283376335,1166.4535938220733,1835.6009227332752,4700.859407224838,4531.401226210406
1574,11.822446586579746,0,408.55887866582805,4382.586848944528,3911.181894550474,3858.4121565608457,2094.195745974316,2870.3738744633642,3850.1977547716983
1575,16.627141460680082,0,290.51247496469716,1475.3291004084904,3920.0249523294433,537.5961687746236,4576.783636,2920.270204171885,975.3928199160885
1576,7.895581119406662,0,668.3039321719648,930.7154998407277,1906.6911120873506,1258.6957179531657,4554.335732174437,4013.2309806793505,4917.953080390846
1577,13.435044910876671,0,371.7791336742092,606.3736372085137,2348.071848546273,3113.5857343406406,4894.172492903919,1916.1003824209695,3789.3276867250224
1578,6.119285833530623,0,703.2496615868439,3388.871751994697,1443.6062484359038,3714.744029167816,4558.272423987521,2668.58406,4327.349493222386
1579,10.221335483775245,0,508.60805690965447,3231.9231623995133,4894.524605,4624.893962122623,1073.1741621501242,4858.983109160319,716.6785512794041
1580,8.387932724332554,0,643.5817705889361,2960.138357213315,3405.2115967628524,3674.734933705807,4206.7592876164435,3524.669091195832,2772.3241352397545
1581,15.783647229878163,0,334.4711135152847,1543.7619325218893,4705.447463,3523.006716146897,2344.2731514931734,1191.8526439810366,3643.692290271677
1582,12.35136036821542,1,557.7081945785391,2259.0769815748163,1865.2349463310993,2274.5351585779895,4958.606101756721,1099.5203659295898,2943.259630573286
1583,16.266057182720157,0,297.1119876937859,3175.1435083377787,4018.5091084860037,505.7799148706064,2625.2643394796046,1419.1914124985242,3499.9135956467485
1584,12.729431564471684,1,520.4953728,2735.4508648662622,3946.363897481339,1040.7166643102987,2992.2623712599925,3950.202534893229,4180.4332861571265
1585,6.297266632274578,0,668.3946014,4945.034840966993,3612.450433399437,2905.495451402176,2883.9871186555933,1829.1965172827722,2184.516783320883
1586,16.03051475,0,233.6709415533251,1113.9788865052992,4845.375388700602,3538.084486299889,1947.816634,596.24981,4319.009040284194
1587,17.498438959817086,0,165.5631465606129,3628.150493214172,2270.999012,2378.517277534081,837.5994000181317,4748.784635775479,1233.1224714438083
1588,18.552968388691887,0,169.48395818895597,2319.4344564693147,1088.2279561539078,3788.055551877756,4530.430536808633,1263.710373777098,1718.9872476186863
1589,13.579879179600622,0,334.4851271040953,2426.8982671652666,3522.6898665982735,2848.3803289948046,4112.041156,543.0118376663086,695.0552897
1590,16.30378038499243,1,267.5523897504246,3729.189945461793,3781.894102147428,833.7928801744049,1127.8705125185118,1567.0922107249535,2139.920651
1591,16.280665053239407,0,160.96762942972939,3615.9626809596634,3087.772580564666,1364.0731293557697,3995.457221075328,1557.6295420316017,2209.5929517085415
1592,7.336246396984166,1,714.7360670882508,4960.651971659848,1430.6805191002832,4279.992004597743,3316.309997227745,2399.023628805754,4123.717687432629
1593,7.4633103118935615,0,620.6754964776594,1077.7743025435634,2770.051737512099,3762.107359809978,2341.147046,4641.754241750165,3439.088016303452
1594,6.063282587136891,0,625.2815192159655,968.4934222287485,1904.8538145610823,4526.428941556227,1643.0951709300323,4456.332130005941,2465.2515117004996
1595,9.798704527104523,0,560.6615247,3759.524677079335,2423.599376750101,1029.0076210442146,4368.779525760046,2556.0254974209256,3434.5129038068667
1596,12.102628816115967,0,488.60000054180165,3102.741126528841,3403.4835913009874,4956.001405767833,3650.8471668232387,2349.049572463129,737.5250773206102
1597,19.968467791313252,1,237.23851771300343,1733.7229995191265,3853.4663421087553,1442.330212774701,2964.829592611116,2997.5408891368306,1311.2219120826924
1598,11.464900131022542,1,508.0068483211474,857.3871604504398,1545.011109056044,553.0094432898891,3243.0584025430885,1595.5430538729458,3321.2653485878977
1599,15.893638827610562,1,256.3060132956555,885.4621231839374,2323.9641229112904,4988.403225740994,909.7978193698144,734.8324638486328,3386.1506865138604
1600,15.400955394088019,0,269.92725360946224,4523.858935988532,1711.2270694623314,1764.832484503009,2632.6389241003635,4726.508613,3983.605964183422
1601,8.067229253758693,0,501.0018565006095,1363.402961234343,1393.842262378411,3506.0875363065197,1371.651317535659,1340.1454319472773,2313.498916
1602,5.877607271741546,1,695.1508436848712,1955.1720295198434,4025.2424899812727,1295.0704137933735,1437.7265555397141,1392.803281605724,3751.493434772703
1603,13.190101273003812,0,426.2912187264854,1519.953810021446,4591.637124966466,3111.028394896138,3475.86783,2626.0714798427643,3577.9114965208523
1604,15.50458388471714,1,484.1642374063135,2097.483376243718,2166.044835580595,4568.157439045517,4600.652683254297,2712.260051781488,4835.270202664321
1605,19.97377685279384,0,5.108371009152748,812.4072923574201,3880.7551596819508,1940.8152534279736,2316.904747152559,582.9539436533387,1468.0860189110563
1606,10.37916578421756,1,518.8924286015836,2835.7690590872166,4536.478802,3516.1428921996167,1434.8717285548566,1165.7963244828682,2982.5580368868777
1607,18.44546843121645,1,290.45192017628443,804.2565361649671,4307.558947386042,1345.5661495928744,3419.361217564944,2201.696683523338,3207.939989497112
1608,10.728986838037796,1,639.2355188190452,4101.604285200627,1322.6602484265165,3311.5792942342637,4420.341709,3576.7881207974256,4993.915482203994
1609,15.341175626457693,0,362.79555995025476,1551.7043685969486,4803.313466810126,2014.0265831787956,3867.4346050512086,1527.8830557437113,1405.3286397499328
1610,13.97379395775578,0,375.44681655131126,2930.053615720298,2195.043981932581,1450.4371636457827,4409.407537414642,2403.5650080879323,2854.481089852815
1611,5.794681899538954,0,696.5835469822515,4460.355894026562,2026.5829752822635,1909.319228166358,2914.496019548597,3008.052791224101,2057.8338847113746
1612,6.175826404553877,1,740.1770814318638,3428.948160712374,780.9409727500115,1304.784808285097,3883.4430996613587,4498.6662258048145,2866.518358605499
1613,5.311461345866915,1,713.2153392459862,2898.310039481009,2687.7814434719735,4558.622485270473,1130.2905171152142,1967.3172604720548,1544.5787094639768
1614,10.562511268909843,0,369.9709707636051,1959.5018890191902,990.5612703841791,2287.3409884270795,2067.2357691343614,1101.012196385676,714.2557029236965
1615,16.187015731490163,0,204.15956018966207,1998.5086087618906,1618.429194173417,1603.756872384653,2252.971240166851,2701.725016539237,3076.544543
1616,7.59133091,0,571.6922341,3512.6912983918555,1926.2417979527663,2517.835284571698,2800.8308581071556,3860.2472075782794,2011.3444213737446
1617,14.087794525758436,1,415.1157122919879,4973.6271254952535,4139.718455712578,1942.412751,4680.843621155706,994.3689067373004,1318.7363078679514
1618,9.332416700466169,0,580.4938388609962,3478.2763543222036,4439.698926781534,3849.886642159967,4434.334520999784,2411.075712636322,1957.7100473511518
1619,16.95488935968608,0,155.67833544623488,3010.025378165112,1861.0984285766135,4870.489603484725,1105.3647153013303,580.0331356811754,721.7609065148522
1620,16.97594223504486,0,201.67405878977894,3787.9272960766075,4364.1415456005825,2471.1514551394107,1277.5534334710844,651.0163174126301,4776.990053405465
1621,16.631217724496352,0,222.85417810122738,2593.4252552767316,4357.539218,4374.650299875082,2109.382473150101,2673.2901344749953,3115.165617379672
1622,12.87250270702065,1,423.00621292547646,770.6405417035335,3940.9292767319307,3046.3838310182878,1808.3473965080327,1841.8878416791824,4166.459066061612
1623,9.268500651197776,0,584.2390549486895,3030.335671450594,1160.128013068317,1207.5604929240508,3266.4692892031803,4302.982845524355,2404.031888964787
1624,17.141660658179518,0,320.94590302201294,4809.313780274211,3606.4528110532806,3607.802339366037,4562.492214940452,3209.6943775690443,4564.916004047836
1625,7.791508429088623,0,726.9923469954299,1288.8632406094684,4752.608290612559,2810.4552370661904,4830.311937526641,2542.6983278434564,2674.931997
1626,9.34639403,0,629.5543326394295,3605.0220086929958,3571.4321544522068,3427.7293546344654,3441.2132864085193,2335.709169744334,3082.753949903012
1627,7.7592155924093245,0,644.2794035552574,1404.201598965754,1992.2758209852527,4503.593356572492,4271.7164063048895,2737.6046608530346,2713.072910281956
1628,15.113152405814715,0,337.1403917524361,2911.224580128866,2752.606928438741,2481.9555679522073,2863.409901038587,681.9747404569761,3799.752331404432
1629,15.293540421737271,0,332.4032515,935.0440234102383,3405.762695079741,4555.299304,1437.4712608701789,4517.570103892969,3049.952349209281
1630,14.787649891801296,0,333.98489768574007,2526.669213161833,2797.566839278266,3878.010564267447,2861.097854420648,4992.364200802813,1722.1951561117899
1631,11.234022002970018,1,501.0063927025984,3902.7349800286074,1039.7882377893643,2698.7221664509316,2997.8717064694297,1316.6920618641439,1154.9278909519085
1632,6.502565108021498,1,703.6225012480006,2064.0718590754195,1904.2882009340929,3214.4996104608367,3841.0590389610047,1041.7233414857888,3227.5597499733994
1633,18.66754376772532,1,193.89850083002995,3492.102760192481,4110.7821374913465,1965.1150963355515,1489.473453683071,1146.0985855186786,2701.309826961663
1634,12.615964460183573,1,462.1425523232607,4079.5248235537815,4376.3812074298285,4926.187848824484,2157.3967193902927,3474.621762054652,931.8906351325082
1635,11.104582923666372,0,466.9459639962146,4672.300187657537,1117.850147220066,3503.080233726782,2138.1236114655485,3476.483773028486,2280.278596069708
1636,13.832373398724398,0,388.49234756481263,1555.889368349541,4785.740385794261,697.3108362348346,4817.478180835242,4315.65873,2816.493899002041
1637,7.891856537286587,1,789.5892110155497,2296.9216211418866,1979.701780318742,1969.7985758660393,2497.752321470235,3883.218748,4221.019552215155
1638,6.9882316865731156,0,620.0832431430209,1185.8720599868784,3480.411824,3304.9149519157586,3897.9228528416593,2523.6035301620286,842.4547512501306
1639,11.082878321869153,0,570.9152872431538,4966.175759712689,3883.213156805065,753.4997500965791,3878.6512161849755,3257.849127043935,2068.229067107013
1640,8.408310411498658,0,631.4140467144264,4671.504355659329,4153.758055870476,607.4788609361425,1694.9488316145862,3597.2810166560357,4201.952552196733
1641,8.664354418057467,0,630.5497899212879,2929.807086262518,4755.873660016686,2525.1090778751113,3073.4136021727945,2807.314116283513,3417.9076929721045
1642,18.387672316677943,0,190.68935316617245,4289.149824693895,1908.1379661297017,1997.105808617015,4524.363019933917,2640.429430032365,1804.8124481170405
1643,12.961387657787373,0,465.33462426726237,2844.310898,4363.279045481995,2472.3437361492465,2638.3897375562724,3402.9385053919395,4304.008049101891
1644,12.252035964850267,0,478.9563106100257,3306.135596012419,1092.5910654629315,1682.1198944600233,4753.028783041457,3008.6354703904417,2719.8211125321154
1645,15.34219390592896,1,352.0551299,901.0599445220748,3672.6840785911672,1241.2298612434142,1465.0620319587272,3397.7403740115965,2742.5835108970723
1646,19.273221705151094,0,127.64881817607868,3898.7168922356354,3838.8997828129363,3601.1451064115195,833.7159759831383,3257.8464828351375,4894.643026401729
1647,6.6829784670584615,1,812.7651308534871,1074.7106763585566,3549.754585405942,2815.570023205102,4511.542429151372,3736.384522311446,4762.024264563703
1648,17.50301850663886,0,263.10865486070935,4217.304336136378,1635.4163126081885,1400.6939506221506,4314.5653908299755,3392.615789522942,2113.3970751642973
1649,13.760287698017688,0,421.19330972389963,4019.1263945167366,4428.694161568415,1938.1524181699924,4966.6544417023015,2838.8411889677027,1132.6060789838702
1650,7.192480307177559,0,648.2271352657671,3689.351139843394,1259.8630851667776,3163.135584484967,3557.2706965059174,3568.0856507797394,1965.5002952514233
1651,9.457239780334874,0,534.1307307421176,662.7217123614296,741.3565618437387,825.0320672261503,4715.0956700021725,2522.668843334426,637.1746714012462
1652,12.235421246971093,0,318.75282035433713,1864.0776017539788,3728.592457753605,1163.538541697808,4221.270612878499,1587.5205168767047,593.4554901967604
