MMM brand data.csv
Week,Price,Promotion,Sales,TV_Spend,Radio_Spend,Print_Spend,Search_Spend,YouTube_Spend,Social Media_Spend
1653,15.367657168661344,0,226.41961691435375,1684.006564598793,2639.6407185473017,829.6052184832555,4299.918499040391,506.38199060261957,2279.8496131313864
1654,8.639105254301782,1,709.1055945863358,2120.613833621836,4320.941089814042,4155.4279972135355,3061.137067044207,3019.8386621562945,4734.589202137554
1655,13.023182232013848,1,510.5036536371533,894.3923604372735,2225.2871347621654,3885.841549454042,2220.6406906251987,3157.9485197388844,4421.108035544935
1656,15.270074411237927,0,387.4384966,4716.310203639782,1257.2536482847077,3889.908193456657,4705.511326444768,4874.220341490714,2801.4927526293036
1657,11.731111262712593,0,525.9274875679681,2992.110083205693,4263.989866114414,3723.464045642126,2444.527290271525,2126.652503,3043.518715268738
1658,17.945389416802637,0,195.83996893319355,1874.859397961106,2970.0933423803226,3512.2344065144116,2924.687152623511,2273.5995927274025,526.7007353572542
1659,18.041886542606065,0,128.9261884066205,2286.4168268342755,1351.3810657565969,2646.4636192017874,2507.514382063345,1408.098116039856,1469.7552012519448
1660,12.060368264606687,0,330.36089003521226,2512.4114322717605,3741.727993639006,3390.2517357820175,3041.682412820887,817.4043285679486,611.4835712047268
1661,19.593885656133494,1,215.11089331516155,3202.6745001227778,2800.0113732027526,672.6269965,2617.2728554654723,3977.6202178778326,3895.427897129244
1662,6.133776386,0,521.7723835861276,2820.557425,3219.408420081439,3296.5899019555304,715.8540136076415,1623.5647895269626,1155.4060821192397
1663,5.050435674844049,1,877.3434038768504,4637.263879464878,2574.0425219296185,4000.4496749159475,4469.216837034644,3240.071874635171,4410.7119611456765
1664,10.710023957058786,0,552.0682461,2736.335673076236,4229.190427181029,2751.612621729756,2499.772185120964,3594.978659954667,3394.9594115410473
1665,14.016455920587639,1,510.33769421473664,4964.711066704907,4233.032220573725,2108.8099779225663,3150.246418283069,2620.5650928124146,1532.384044
1666,14.438002361744912,0,291.57401040304967,4331.412309852931,3692.249698209738,1748.420306604406,1126.3451124109415,4443.584508622362,1209.7414268746238
1667,12.146686044407428,1,418.4349105115537,1438.2973146080112,974.3061982840802,3392.6092257293712,515.2453159218761,2497.0767844087795,3324.311154153739
1668,6.873249698609692,1,713.9534540790744,4687.678465897623,4274.842379,3617.6053938345894,1603.8054213963933,1782.088803687943,4553.766411270455
1669,7.557462826818414,0,673.1138317146858,1023.6487904846424,3519.5584123980943,4419.3541993814415,3670.637144600076,4532.069853327301,3732.6209851147173
1670,17.782219757780137,0,199.94082689252983,4178.523688210362,3636.608747019348,2040.5033710744583,946.3753855079538,4377.039279124804,2068.459932215199
1671,18.01866697608892,1,353.40749559761923,2212.804821,2133.422781817422,3963.975383235135,4589.993481739106,1238.1797618438586,3143.2261787089124
1672,15.108478067910802,1,392.46433042361866,4450.884442002813,4456.7580027065305,3026.1012088520206,1467.6015621028305,616.8245825926442,1898.4276291758963
1673,14.963269584183235,0,309.1145567903874,4406.255105483527,3764.1722010568587,4472.764208051356,1420.671264312991,904.9350035732931,4996.173050503965
1674,13.965231920417112,0,264.7833618743366,4126.664300529295,1006.657099381375,2875.1544873302933,1316.7858272967298,1789.4632934921767,3869.776348
1675,8.043888285529823,0,533.4004354582482,4055.1369633817762,2335.001154827732,2829.3342277908523,562.9177083711413,4875.169107837698,3264.7173789053913
1676,11.423760503898547,0,519.2638490677241,1871.0561259411836,4488.711628820638,3100.446866484091,3973.1246081520558,3013.3226892237126,2404.6661424462313
1677,15.43841977195068,0,406.2023423366299,864.1367737306348,712.3851576382054,3871.9190981409547,4437.655390603663,2179.6777941317096,3281.685306168008
1678,13.05878408005008,0,448.48424489238363,2313.410804443227,4826.374788389223,4841.107154728074,3263.732161772895,4499.222425757358,2037.2722811030064
1679,5.278705010826488,0,642.8416662912546,1280.860317439289,3556.2315574380327,831.0350939709454,1346.8999175593804,2539.1134916532483,629.8917775611384
1680,19.303352100801476,1,153.21152038624209,3627.2799000610776,3341.191899395195,740.4557107595772,1783.7509862339589,1918.573827804595,2277.898350604848
1681,17.67224078858215,1,287.30801292659555,2057.448769420035,1717.5166541959613,4718.976518333024,2641.670138142335,4735.487879355458,4687.163688109401
1682,8.908175211646068,0,623.3348506662988,4890.245903869617,1619.5630493262968,2884.4403148319275,4794.556782304854,4322.829497867051,3318.3549264823964
1683,14.246884027494442,1,484.1482078490346,3384.3743480539943,4739.261988,3267.0635655512124,1613.0811731798426,4296.507689387485,877.8006638190573
1684,18.848590755922814,0,223.75578033929918,4201.1625363546245,1842.2260440535524,2670.906207,3792.406567639496,2805.281343725959,4482.471260277616
1685,6.440165181704771,0,607.3872848707114,1096.3610273383179,3989.7738352354972,921.4585367336351,2477.5170048181417,4052.4727946695475,1709.9368220368167
1686,12.545442211950508,1,481.99347541323715,4379.0651702268015,2269.048091931856,3956.4022028839995,1840.313067620098,1307.0901166904835,1596.9627188722734
1687,11.843645387694417,0,377.9589098599264,4652.407357310274,1126.643318531168,3862.510902898641,2551.6217165995117,3079.5033090030965,1836.9093595114437
1688,11.153075079252986,0,362.70284096791755,2691.7786346852117,548.2188396291152,1902.664946717654,820.4302289355464,4927.306652813955,3097.4100625668084
1689,17.533829133393873,0,285.2321559158742,3228.1382198793985,2949.1580165686287,1878.0766035278018,4094.0931691866313,1809.3129373308275,2951.0964204528946
1690,10.709692200461859,0,531.6191898875377,3941.6441040634795,4891.004683470197,4270.286214074833,1594.8586759233522,4074.5854816145384,2711.361895802968
1691,5.954949998615114,1,868.7661822485901,1286.7738226718566,2161.112872,825.6076598359698,3764.354554368367,2707.1528324363026,3728.9158858068217
1692,5.987566132464537,1,684.3320521455239,2761.5473440854907,2107.3655029687015,4464.973167604547,807.5676715168763,679.1255745,1924.4197910073156
1693,5.641169097869135,1,835.2108814251054,2293.983624975409,2048.412280322489,1654.9776045316148,4797.9435027455875,3933.5872901705034,4019.290347
1694,11.137181328110557,1,476.0842233798177,1158.682964730121,2842.447267871863,3168.4313648997227,1368.5674343256437,1258.5611497645077,1288.9475527036961
1695,15.77609417,1,411.5126663593991,2153.9049003118917,2482.9919754093207,4711.973806,4472.339342931862,3341.6310520973757,4021.7935508465416
1696,8.055836928957731,1,698.7039363537905,806.7753922,4459.615820271565,3551.551256914909,4142.629443269455,885.4888732113781,3487.1454736262726
1697,14.697027806473242,0,334.8632389740323,616.1535812726914,2774.8435627557064,2364.9341561016645,4855.369658366372,4760.903288731842,3574.4373929641392
1698,15.306327081555562,1,434.5379174373419,1108.2483011967024,2784.9102718485597,3602.903940074368,2650.5079742558733,1812.757492311624,2666.990287
1699,8.828031860233969,0,514.0073261944199,4834.018002151282,1122.6721762425047,2047.9083634236658,3773.287822306782,1519.0911125482771,3501.5068970638913
1700,14.008364840909438,1,443.6090413729786,2972.882911527576,4922.3279340967365,1747.6628735713375,2168.1979566700284,1081.1138182985044,859.0867095175583
1701,15.27302510040271,0,327.3801325568705,4846.199725,1624.8780089097336,4985.074750706059,1329.6570710886222,4757.009870025715,4331.980026722153
1702,11.999204342031884,1,501.35820533697057,2446.240452485594,830.1383036,3878.556040309045,2493.8416982005197,3703.566840985873,749.9625507
1703,10.050748959201426,1,484.3981900390376,1903.1725988836681,3484.15812,3401.2398982181794,1245.870569248047,3837.473999231399,1169.3367944217387
1704,14.28727327361491,1,444.20688911999594,2777.6383827810982,3179.1486657059268,2098.8033944869344,4919.200802538728,2747.3205262111005,3095.5536882375636
1705,19.667706309920852,1,165.01675553848344,2477.802598848096,2368.155442967356,721.2237311977167,933.1092101332237,2636.2750337171756,3827.351549555112
1706,11.40262114053467,0,383.3244009473177,975.4910791778476,2399.865052463051,639.7559421582002,3151.4527555367918,995.0955935,843.1320395581406
1707,10.876026444276816,0,517.4407516619805,3383.718416105928,4032.787645,2993.8156495195944,3319.0873486432515,3019.284930127963,4643.441663550439
1708,11.96400354,0,422.89516752413726,1472.1718212931983,1380.7068804484206,3929.147245,2921.357942933244,1611.1242279895569,4881.234419603144
1709,6.1432759016757235,0,777.7190733859807,3288.145797040233,4191.139935252004,2918.206356997348,3479.836485703251,4897.153997601827,3226.775779
1710,13.29744919507085,0,434.6449024806507,3425.904916,3419.3620125275816,4283.5328237260155,1022.8134875535093,4084.614230068163,2665.5955491957643
1711,9.930460808258953,0,526.1069842914072,1184.1118390789165,2385.3639820078597,650.4193989194973,2997.583359,2358.464270867994,3836.2773752588737
1712,6.821331834968937,0,578.1788322058018,776.0733219980067,2561.128774627409,2150.3843439167304,1792.4565700731268,1181.0356641118988,1977.6080854724244
1713,11.99385112,1,513.7744698710804,4013.427137307979,1654.912432337431,1566.8167602838012,4730.792284854755,4033.992610124528,2719.689953472979
1714,5.050759798609661,1,854.7523831042229,2569.1019069619406,3884.5144971363866,2512.728356707049,3929.3224404787657,1049.241951865922,4622.679620664806
1715,11.026778677441385,0,511.6285836120131,761.7370797746411,2807.9363403737048,825.6937693735512,4876.315169718842,1352.0018907368171,4800.449413586901
1716,6.586029018896758,0,626.9428518,4976.898427263952,1943.8454423742962,4793.592387069826,669.0023138308529,1451.8423298490234,4671.811022230333
1717,5.3643905509967045,0,628.7687924669482,760.0125244836499,3182.225520924276,1504.6493048121242,1783.0992883131892,3006.0078722289245,1681.0163013372808
1718,17.367125693667532,0,164.86174521950971,3627.658529863489,4980.805034230953,4650.384989676131,1379.4016398725705,4041.7549429566484,1546.1106809754353
1719,18.743732049239522,0,32.419709057437444,4926.555163685362,2458.680258454492,2416.519197665068,550.1956429032373,1914.416954261115,1839.490276681914
1720,8.115119725386599,0,496.37505073116887,1576.3104689716652,4643.111303503788,4934.858599648481,1590.4657861084463,881.0141642388023,2485.9000057480707
1721,13.089473957513919,0,385.2609701696344,1140.1221590923828,2052.5757796605476,2993.2627255709485,3554.491926,2590.423085859886,1913.753357563836
1722,9.169372356964775,0,403.53501503383836,1046.232227,746.2971811624365,4688.747888791134,1539.9001496055585,3866.496085,2183.957580825761
1723,12.403661580082733,0,343.3894295177889,1864.738164,1419.089479,524.0704491240028,2790.515504671782,1497.4872938932472,3292.866284543418
1724,11.549469813412404,0,453.99289530392343,954.7061495479102,2384.128144974579,3867.0746278140505,4495.181517342494,1489.660466177184,3931.3655469228916
1725,9.035765826207285,1,676.2691223444886,3614.7260376235936,1488.3571786755606,4563.7279389613195,3621.9106415708384,4762.521623060199,3810.0118922056267
1726,15.505903694529465,1,337.59946058477595,780.3130915852821,501.02167198214994,1128.7425514052934,2275.830814577144,4793.691772036301,4164.906051856184
1727,6.897364389803814,0,585.7099574524304,2792.3995766740536,4617.506919863873,932.5663327946818,2176.1102251044877,4957.095794277094,644.8298144693098
1728,5.796091732570507,0,637.0778116960419,4985.135842338395,4297.457351,2410.576732,2550.8111630381813,4134.468207086511,714.8020535544024
1729,16.51513149555919,0,245.01582980827627,4162.866212777084,3840.315041691262,4701.555077598208,1296.6864847695788,1346.8287612557551,4052.223323098832
1730,14.988950468310197,0,342.0816401242686,3268.487472039549,1255.165680407129,2940.739520856974,3353.0034533719463,1453.9168435966762,2898.8547004608436
1731,12.47789186219597,0,321.1496932763896,1878.1412935397525,1041.6360929449372,2873.554086747795,2138.6876859707245,2031.0135868507639,3101.633031929541
1732,12.016846557088122,0,387.7619425602575,3307.531263312373,804.2213726257241,1135.0675323469484,4335.644071679197,1931.5963910007088,736.6408709646969
1733,12.461170692371393,0,382.8891494694767,2871.686587602432,3758.1313494781457,503.5527999194845,3904.486970260173,4804.374870851041,1648.912105270719
1734,11.555361141480093,0,573.7840820004551,2417.3752275066718,4679.635823095484,4145.630408354576,3247.3092384147203,4050.8329229676215,3372.5943719846496
1735,10.893384437467688,1,558.2146186360264,1088.1966953308977,2437.4111941086667,894.0855334380719,2138.9100019228226,3758.0395647269925,4366.318505498042
1736,12.495359043291804,0,362.21714878216426,4489.718969,1036.1330239822169,3352.3241843089577,1444.6932425306798,1336.8345082615933,4626.425287316311
1737,12.927727567396406,0,459.1079199546734,2524.0309196959515,2805.7676932944796,4615.7740453183615,3992.6833884753028,4592.8650171304835,2751.887731257868
1738,15.378534711254314,0,337.45576104703366,1375.801303193443,2069.7435835638353,1438.9336092129397,2688.8409454598896,4225.416707777782,2954.6340473218893
1739,15.668107411010338,0,204.5187228149054,2154.917078947803,2186.7121595749895,3493.7277630660988,1511.3751717981088,1236.3882859756568,4248.723339810459
1740,10.66443620210217,1,510.18770161841906,2363.583886380172,3295.9878087006828,854.1435951837925,1378.2857676800281,4420.266493824376,2919.310703363096
1741,11.203107841152331,0,434.32023801777166,4223.920530050935,3734.2315096799107,3216.8981472692585,1244.3040702561157,1725.1139136671206,2825.8633649179283
1742,10.605457546043345,0,473.6477223328915,3801.2647125263093,997.7161949292238,1237.6927442894123,3997.2253829251777,863.9138562444772,4572.878169924292
1743,13.048036604385656,0,401.3120611925469,3961.8720213860292,660.1560386291437,3811.791022318301,1530.4423338514027,3455.700379313945,4054.6972447514604
1744,11.80030306871293,0,471.0638812566131,549.6406899289125,4974.486362085717,1855.5408265725869,2869.8901858633885,3442.1209672294876,4590.826368625825
1745,18.34394695,0,132.46971656018607,2372.6929918089268,1547.2775701199832,2585.259539620908,2531.958624378754,927.1940430452814,1482.111746515192
1746,15.445419003747089,0,283.3695568558659,2666.0486823589563,742.2373620880659,3197.4374391242977,3108.2490465272776,1934.8331402146207,2859.6896899491053
1747,18.479845756316685,1,329.7574969826625,586.3652457037551,1354.438981,1270.730347998078,4447.197051670374,4967.665080149924,4291.124578670111
1748,15.637054873391383,0,268.38486594912035,1669.159439352654,675.3103086,3837.370183779294,4404.863255367788,3552.9200015393158,1000.1652236019902
1749,19.56488222785721,0,180.34934280088825,3921.3042040496075,2263.1490257772725,1861.8815328656656,2529.8423232118685,3785.3382497149814,4075.979694322828
1750,14.536051673829036,0,281.79103171380484,1116.9936757804958,4110.808030030959,3480.6733696073907,569.1481283062549,1458.1277852193755,1323.3802253669126
1751,19.45325207244582,1,153.21076808370702,2908.8955915366623,2035.6000239097427,1212.2737281471814,2418.9971257143643,854.5193195176145,4136.534397433945
1752,7.372548356141391,1,733.9242302489732,1468.4084240775687,2498.8253309526494,3596.529466428576,3227.870918408632,1746.0576038342194,3254.0042190059066
1753,5.7871652124410575,1,667.2475924097537,554.5434858975198,3540.1404810534746,1076.846327647078,3009.941415941278,1620.0427333693638,1369.5619616819022
1754,13.68687777805789,1,427.6308391812271,1585.4065591979368,2790.023315314461,2414.1042332149264,3431.0124761009247,1555.448453366239,2630.093806997605
1755,19.75239808699662,1,149.53305385385298,4891.431897095242,4376.505587095959,1612.4273318249457,1193.3407961288758,1367.3944484916778,3568.573249073472
1756,11.264078709535951,0,546.1784903826266,4106.9170034734525,4397.160537705904,3867.6886224268214,3409.4079445132966,3086.4006079493197,3352.338053975941
1757,8.180650432894394,1,666.5115408305046,4818.094899,544.5981297101914,1679.1575202809356,1321.932284346975,1976.465641288198,2422.6123830426695
1758,12.82312173790271,1,601.0594385,2695.343197668631,4001.208379174396,4467.727878779283,3877.3579131353704,4191.552567713887,4547.149380144171
1759,14.731979368683328,0,344.3388842520688,993.8128940487658,2573.3012010875323,4513.190951329758,2025.89426,1327.763380313228,2836.6853651952993
1760,9.727680432738335,0,589.7586102344915,2965.817700381618,4949.782435866484,1383.9859185025364,3694.529450216541,2590.821819,2776.4028433790977
1761,15.721540377488893,1,267.5881019624203,2544.6980055198237,2674.544341439458,3262.306752534759,715.3951951,561.4602639,780.1276547365442
1762,19.626717605685887,1,212.48424316801717,4299.6068723282715,4941.0317542473385,894.7293877398395,2335.3701151591104,2667.5704510483642,4649.541754089367
1763,18.454446825659254,1,294.3165235302661,941.3716135291006,3895.5621254258144,2261.916948207331,3672.655350184997,751.2719939441347,1297.0245590526783
1764,9.373780603,1,664.0836787618191,2697.0851165980016,1618.7219807598785,3709.9477827557253,1520.9173234917234,4899.755803426896,2877.551120464494
1765,9.900855247168975,1,673.1354349502554,1175.2189911229293,2922.7774067913097,3467.404610824623,4078.7917015875014,4057.6645789268578,4116.054206301395
1766,10.573118366743829,0,535.9920588880697,1961.0416710052698,4964.610377653622,3311.1530123297357,3338.5087989721937,2705.501644864049,1469.5397463003949
1767,10.91829167590468,0,507.7735983644409,3818.1068482450983,4358.887734883657,1771.433886480996,3144.0279746740925,889.6431118070761,2873.179804868785
1768,6.504792487899191,0,568.2849281622695,2642.081582159449,938.1510220604949,2201.112272454809,2090.969843919517,3166.004483556864,1583.0820915050338
1769,16.429442583339338,0,250.01067188304518,2191.4972831559617,3678.673985644982,963.2576511512877,2671.031616715029,3914.436878158449,3918.627490099603
