MMM brand data.csv
Week,Price,Promotion,Sales,TV_Spend,Radio_Spend,Print_Spend,Search_Spend,YouTube_Spend,Social Media_Spend
1770,10.480088954160507,0,561.3373839675453,2275.143253565159,2055.1081364186584,3735.6026919512046,3188.071854400339,1358.2276385213538,3039.535255429178
1771,18.197299650581783,0,157.5587083846069,2567.5104578269397,531.4201784615665,2767.499585560731,2626.079512617007,3056.937533543709,4351.891371778145
1772,18.904109346801633,0,284.17999788485093,4032.574447266756,2315.6643606214984,3689.445345555446,3642.4099577325205,4163.949042722906,4525.511012948223
1773,5.366469639615322,1,862.4564976566791,4514.381100231055,1556.3948977623709,1620.2458615859275,2451.636198981318,3957.1149994084235,3419.3006710042914
1774,19.827546048923093,0,146.61903473707773,4799.006089267677,4184.911717342122,1959.972028857798,1410.2293178391365,4113.464080402188,3764.260608
1775,15.650340972502768,1,387.4120766099561,4041.065238148828,2017.9877398059448,2003.969017670516,1462.7020226047125,4456.955411913739,2971.4904494908865
1776,12.805883389894435,1,374.35883692987704,1919.3310308660573,4223.8566227921765,615.8408438624729,526.1169598,4719.569459717616,2229.929298803223
1777,10.84291413,0,413.6136345530721,3596.606177,502.6907247565789,2034.7154277378058,1854.309720014026,2324.845198415912,3416.5306535937557
1778,12.777771989145695,0,500.7341656447067,2469.214058249264,1885.186175117536,4114.8705808311515,3870.129382153338,3059.460961352948,4587.298806
1779,9.869370859676668,1,653.4518305383083,1646.0177992072304,1585.2434643849288,4537.843230873823,4073.7321897692427,4057.9678672052487,2375.061711941471
1780,14.340317205448224,1,443.24166867234584,4283.922107416652,1551.0531248087493,2831.9824203616736,1411.103939430875,3637.1291627560245,1914.845118682079
1781,6.394704146671868,0,617.7782179927596,672.9185703304624,806.8397889445821,2549.7576284864913,4815.697985921335,4979.841027189705,2247.9662234865837
1782,14.316839043677152,0,257.90163751298047,4557.928964609406,1342.0592168472576,638.7107841471661,2760.812571,561.5494299708986,2459.289335952198
1783,9.130172752076662,0,599.3714932079926,2576.6485908113036,2999.9730644852893,4456.419519134222,4626.404370583262,2098.0994689210584,831.0246304
1784,5.264522435785196,0,685.9747346,3367.406645637262,1811.124828,558.5459604164272,3680.443768,1764.625668215911,2742.988281957475
1785,13.290586492443165,0,384.04459827448494,3467.092649926022,2378.276520481166,4751.375360945953,3750.950403600859,1680.4213257449057,2724.4141162252686
1786,13.676716337790445,0,342.1830356983911,4528.029833179414,2195.900961562348,2701.473119096408,882.6962958773202,1501.384021244986,3147.997224382354
1787,11.398535070673042,0,448.2052310746839,3365.013569752433,4441.572162499526,2038.7052210862698,1489.960071036188,3691.0572836685305,2132.6901371209915
1788,6.084293488254753,1,703.0481821065575,3262.7011314202778,4573.845496,4658.9829567919705,539.6667498251269,881.4176297389483,3258.9841818001537
1789,18.400144292062873,0,196.60729881378376,799.9341825231048,2718.3063724513704,609.7594689954353,3722.574382145319,3837.2397527450225,4451.973396233913
1790,14.171462108418334,1,465.0799633375098,2832.8360987534184,1985.7017764202199,3116.412026910892,2049.972297928295,3620.4162890732305,4799.619457228239
1791,6.735699493534543,1,775.2820105,1175.7605036766874,980.6031680106364,2970.196360247019,4039.9363223435607,1628.6185962540337,3126.2549726347233
1792,12.663958648912214,1,494.5730661886321,3818.451959246685,4790.3129572194275,1486.9418054512194,2025.2129897166183,1637.7520242432256,691.6592928664089
1793,12.458814739227073,0,440.43936179071824,2804.9986436570352,771.0212520513385,2429.993441075948,4187.001885344875,3329.872634,4861.561988
1794,5.9060280318939045,0,664.9292479,3561.025006,1839.4262490572619,3435.188026746966,1088.1421418674086,3929.769975,3676.3792740331533
1795,14.102895554044213,1,386.4797480346752,687.5280527107292,1841.2979052650187,3772.0903859686737,1280.1792054087869,4444.185258893145,2011.8364184914346
1796,17.124895983823464,1,257.66154881311076,881.5640722061145,1941.805787630967,503.2258642,2033.9444281277142,4334.628037345141,1162.2096543367552
1797,16.23512081372717,0,203.03023780073877,3723.455246,1239.2907947258418,4715.840435409569,2338.1932499702298,4841.973473737339,1145.3837550632372
1798,8.044541212,0,450.97985343738765,824.3795119940302,4024.2264391566373,1240.3641757676558,2069.1626487934027,3116.232029,1254.8498276282123
1799,17.93438794331317,1,176.00097442631053,820.6552749436637,1051.2403788469514,1551.1119540006164,3936.411646354489,4588.950026031618,705.0763472621913
1800,10.138132484890264,0,379.44779303905284,554.4881385569935,3357.0799661892324,1685.630505622317,936.2812668202162,4138.309729671848,4559.693848938102
1801,19.19762567437912,0,90.28106395334868,4804.256292347661,1057.3071201761786,670.1906144841589,2080.476588373196,4526.0043094130615,2933.4570477230136
1802,6.076219463385706,1,770.9202687311015,3818.787617565531,817.4103691683044,1053.734556156462,4267.579997819566,552.3197057841498,3649.8173572122673
1803,12.293130327797641,0,420.72789740491726,2089.631338259289,4592.432766586444,4938.574653248729,800.5868476797739,4846.563463396149,4226.488291707384
1804,13.956865657663238,0,406.46193112588657,1834.4101157944485,1355.5794484341754,1918.4753181977874,4740.5457845211085,2630.8857328091526,4061.934528499401
1805,8.714751477119071,1,751.7463620385223,2073.664533856323,4195.625695518669,1018.8549065257221,4938.425790224058,4091.823453086793,4471.7253067797865
1806,16.570702830803416,0,238.33704661514403,3985.9408903153185,2950.8389199821113,981.4606752858049,898.5567822128604,1072.418537020014,4852.645801362283
1807,14.403435197160755,0,283.66542434696674,3476.1677498168647,850.3543382394632,3737.5698545148734,1810.7263501508164,2281.734931162883,2475.817766338728
1808,5.271641559319333,0,673.0256703054112,1333.3800554036056,4799.516861471304,4345.558988146884,2175.8029971591027,1721.5729835944592,4776.509600007757
1809,14.125528860443538,0,308.65615653062355,1283.4920090033795,1611.3252514635165,1656.2853477881144,3993.7611589372673,1812.4644672542165,3754.8047675426737
1810,12.372173516276696,1,493.98024160326236,942.7804237102879,4368.404054086729,594.0928055085574,3181.6706545253023,1054.6502897789678,818.0068563863531
1811,7.9404380255526155,0,610.0911460091805,3471.3622386560214,1259.6450260305387,1503.905083004101,3399.645652216553,4125.937246443531,3568.024045455554
1812,19.936223405892946,0,129.1240965420366,3939.676979997812,4342.742969638338,754.3206086,3908.794202683277,541.5904156148517,3590.224968221819
1813,18.457432922414224,0,107.4877422,1692.7089274625182,559.5296580738229,965.2772148351868,1030.9054974666158,1906.2745564334111,4576.372537066372
1814,9.387615425435953,0,467.7058763562635,594.2523246391077,2803.0120545626633,2441.7865393143907,4249.442556096181,1284.8474444738677,2178.1945961154142
1815,13.116063811979245,0,329.0298424605658,869.7725036439231,3962.4916073970057,1534.6326688773465,3675.2891188106482,3150.675232737532,3132.101751
1816,9.747532099,0,517.8321662135523,4855.370156802637,4706.579828717525,2821.7564533644054,3098.037763383666,1644.1358117654472,554.8439795528413
1817,16.63243627454117,0,250.56467559648752,1829.5014986483911,4591.409612929192,1640.7218896573568,4503.809006523755,1665.4930453764484,1994.338589816012
1818,18.954971497946826,0,93.16162958238033,3961.5041652716013,4188.311912964402,4732.417854963264,3651.3785924771323,2697.521647978934,780.0967677145143
1819,10.382429103715754,0,501.20768213758066,3310.986059844187,4496.861073475869,4576.747855668191,1407.6498318396143,3437.1006770341655,2848.4283774420364
1820,17.083763737154413,1,315.37275056484924,2218.7283784380315,1396.4885862668443,3050.627472547097,2433.8542148405004,1045.8711705432363,4178.5144272812895
1821,12.476113140698073,0,332.8493494338839,1425.5926798799978,1778.8293307027795,2094.9079639432375,2723.192901,1289.8015360947327,1428.9921145808103
1822,10.948678419673659,0,310.77927272487824,1046.238881717329,1800.3583621447633,2215.160969,748.4793203768254,1612.2863506753292,2873.4847050100034
1823,19.076327781481545,0,73.80213904191672,3267.558356,2196.7426895076446,2353.3352741502363,4795.868810120251,4881.866963530822,1418.0388642984517
1824,12.656070330785472,1,393.2550310444518,3985.852012870046,2269.9430167333494,3774.106949607248,1078.597673585953,2287.1862497431416,1043.0981053080818
1825,12.011157503861973,0,427.17844736170076,3397.569140935088,2950.498961,2532.375479834771,3638.5757025202706,3195.455407839619,2799.485563704541
1826,15.086516029435145,1,368.29030304487736,2886.3595996212125,1219.4589351489863,4355.284759276538,2778.039662408961,1586.9426572219004,856.1687942737743
1827,8.918513015274266,0,459.23605764291557,688.7805054423632,3610.6099870369517,4748.426537,615.3451244799016,2707.0678632086956,3143.0958401209523
1828,9.871893061824736,1,582.9031631049085,4858.199499174727,1254.0494268702791,2011.7576902052024,4661.363641389627,833.5362847368112,641.0185730452682
1829,18.980687543579343,0,-9.663155512,4094.2138624455856,1896.388169470464,3023.1251661905603,4333.26564,656.3396566504712,980.2173734076898
1830,15.177947681554135,1,343.83141715801946,1817.6991651543412,2765.0530877276933,927.7544157,2859.1606755672597,2609.3008706965707,2974.9886846931104
1831,17.399557216565086,1,289.68311150099555,4909.866482114828,4083.982526855648,1402.1107149486154,1530.2405126275037,2293.9667938328544,3161.333358045112
1832,9.066676429031444,0,397.7807528108377,3208.4671533634496,3827.611549574273,2360.5959501957204,1047.303008060424,1115.9614386132246,630.4411854219113
1833,13.15685284894808,0,366.70231225615584,3120.901961932609,3404.9046038473502,1427.9122215580048,2135.2661574445697,3594.206430143302,3080.195546007013
1834,19.570944004842474,0,70.16878473279701,3866.3293074328944,1200.9796726107656,4444.522209,1649.4272647074072,4968.065709,4273.261363956366
1835,9.780558485423263,0,574.6228948208905,4152.964046405619,2961.7040552700996,1212.2881522659413,2780.110404528344,2280.410695385206,3750.4227978227927
1836,7.407147144755628,1,728.5861577,3454.153732991762,893.5092580994844,2550.4736969889136,4848.841833,3310.513861628275,1090.3329676435937
1837,12.663290123369961,0,425.52037116475896,1076.430859,2198.1342955849286,3225.6465820694407,3087.2907195333864,4833.391740640186,3166.135914036267
1838,10.817316330873144,0,586.1781430890536,2022.2037769752428,2360.8243863048165,3613.387587,4504.689751505441,4241.907376010939,3525.1362503339606
1839,7.393658491800704,0,639.8924597236867,4676.376381467224,679.1514775058922,2223.8121637692802,3428.954768730998,2585.985004862086,667.5404079
1840,18.328270740550522,0,230.6263099250812,1510.7702532973335,1732.9464476148733,4410.945809261279,2638.6093696424023,3818.702680069637,4349.064509076302
1841,19.860858658306668,1,362.7602567525356,2174.751607,4800.422602699202,3057.4361798506648,4345.734032,1076.607681127358,4578.2032878042355
1842,13.528732710349967,1,576.0914391,2444.345973248882,4791.346735233603,2477.785012013983,2621.156495778489,2804.4673495870966,4327.035230130164
1843,16.620151525601813,0,277.59381543129604,2477.3224536250345,2085.471744136427,802.5828532341648,4408.826767296625,1755.7712473097145,4210.841605951009
1844,17.88557554319449,1,274.63430531995505,3258.2281212253647,693.9504902674582,2591.1026080032425,1812.0954630909437,1225.236595532725,3852.343393
1845,15.514730090327404,1,307.10121207097797,4743.841269851184,1305.927226976817,4193.311283670786,1079.6588319334464,2418.2640781454065,3350.4441407688205
1846,5.662340736675969,0,759.6463365351613,1583.1172032462723,2264.9800704509307,3265.4345819959194,4348.915089633223,1089.565494951265,3553.8215224471337
1847,7.364513475752267,1,811.8552565963037,1046.7561933541313,4765.008640861534,4244.731041781033,3143.3682370670003,3645.432986785185,4128.778820007424
1848,6.064837867270797,0,711.0997154260541,1388.617204369718,1135.395785917332,2723.0525176968754,4500.9157921203205,2553.080198,3481.2430626258706
1849,5.148194099630849,0,794.7297775614363,4491.1620509417135,3935.821296506955,1033.0776729251684,4720.222431465724,2890.150846540987,1974.7713050693194
1850,9.589946131358548,0,384.56106895225594,3406.148656948427,989.0714271861143,561.3793062614648,741.3277566715212,1158.6917240067064,2191.824959726093
1851,10.885339407223396,1,561.3689223094732,1786.5805515762206,4915.659098260746,1864.4879602336603,2754.3618583649077,1128.9724749207253,4536.758607675314
1852,8.615445985038885,0,504.8038826141946,4171.761225358778,2217.2742459911074,3640.957121740066,2187.340470835382,3125.3694586705583,577.0493860872285
1853,5.969069721294814,0,692.8466237799823,4376.164983635463,3988.555425045752,4056.169567737622,3316.362786815527,4932.543865232508,3644.692615599269
1854,12.947946362550164,0,494.5092174836728,4309.314524106251,2041.6598726500931,1830.8877557914823,4071.1603874104558,933.1276245697652,4796.498985913469
1855,9.099789799357126,0,601.6331858563537,4635.169401377995,3324.509947214639,2730.442643974612,1762.6559718846602,1785.7914285460156,3678.0267648108816
1856,16.940557322953435,1,399.0558772796472,1635.0845907801272,1364.0723813301652,2395.0350699533674,3005.5927296792725,4412.566024420494,4972.603947
1857,5.120789324379218,0,729.4813158918207,3897.688679358252,1157.0945868363315,2347.352529581425,3689.278609572048,825.2240551485662,3593.9520748774885
1858,17.637905769314152,0,129.94701369922163,2572.4277377336302,4721.288628056591,1541.0692094006772,1104.9398727608032,4441.485746151281,654.6336314758748
1859,19.321305184189356,0,168.39417317508034,4288.993488005277,4629.412750569951,1113.6699726325628,4163.301076780701,2859.2869251863804,4221.544467411156
1860,15.742025947303544,0,289.20376341254524,3778.2080472272596,4493.610230957971,1385.098512040459,3227.493199338379,2337.2004826689163,1780.834603726936
1861,16.004660978938496,0,297.9493455963696,3994.013509248761,3314.4505257496708,748.9957422350574,4772.918467011433,1893.5625395815514,2507.257515489984
1862,19.003434674040996,0,163.2584827,3452.728269564822,4137.206950473252,1391.5883382060965,2027.8801360881198,1837.0272115752884,1904.4136215818694
1863,8.136069279505236,0,456.7274243967195,1298.429462613681,810.6662161,541.4040393142076,986.6567405173939,1876.1116210226544,1708.4934779435575
1864,19.91848352312865,0,39.98291191640265,2952.6211350362223,2006.5506885080563,3322.662802861902,2779.255404666164,4481.6138643208815,2441.3256665140343
1865,16.60221805067813,0,136.4272754679449,4931.013827860287,1911.664061407203,1923.689333244573,886.1484726924748,3757.0785357865348,2204.3815179830317
1866,15.898560624916906,0,341.2519435175224,4718.246299237036,3360.4039487867594,4879.151201421088,4862.869355,3513.7535352401774,3350.0236182916524
1867,10.416358684929392,1,497.0717816846808,694.2818110865526,2101.8099806178825,1371.7267284933405,674.0823121573619,4094.3711702840037,4159.180404443798
1868,13.186662281084159,0,396.30731575219136,1241.666670782467,1168.2805173965635,2056.2285663931725,3890.767554982886,1657.0159835186523,1836.8989393425834
1869,14.808766824100205,1,386.1976191671755,1092.7794805455287,3184.1018393609465,2110.2852138868993,2862.9607916400983,3281.1926543679006,1461.7451876990785
1870,14.30514291975824,0,313.5518352877675,3766.909595,4164.727643010867,538.0317322810724,2158.792936242299,2570.2980753107795,3501.028719
1871,15.57476957716371,0,288.0672353306374,4180.033984356252,2219.5557250698794,4276.435788677565,796.2897403,4020.987358,3516.4402962385175
1872,6.235726086176159,0,660.9484557036499,1460.8011483980235,1095.2092179431677,643.9750706494613,3299.751158781235,1891.6524971297847,4555.090576787773
1873,10.33472649247545,0,471.26636522098556,2776.3371182832307,1385.0968879077036,4730.809256281586,3133.4914822592987,3394.303775914531,571.7555890398988
1874,11.510000248932158,0,464.59763525308153,4283.163626,1568.674873262228,4514.334579921293,1763.9747288041988,4469.955853177911,4338.682979524295
1875,8.909439468124496,1,741.6764168252189,3797.606951448128,1849.539168475413,2909.848622386836,4595.997656346404,2309.677142877179,2844.509778267606
1876,7.589409054038356,0,627.0286407349051,2940.0674247133175,3392.577817278391,2946.1800871008145,1868.495033042766,799.7993931535765,3295.8594012744447
1877,7.083912198692942,0,637.4796526957739,3156.564607064478,3204.2546804197355,3442.0006533027035,2523.7643476644776,2822.2287005380676,911.1714825263665
1878,10.495750883848777,0,493.54478781852697,2787.6224611232597,3632.3593770516763,2241.7250537069913,2946.9310516339506,2056.8761951316164,2446.7671979242054
1879,12.401625508438489,1,426.7241831,1838.9680309346925,2131.2589303918094,3412.5002752903497,951.0434517932874,3525.014212462287,1522.8608325733571
1880,5.944646602199911,1,793.5683607653551,3042.5989678655724,4207.989433459903,701.4577490981909,4694.727736461346,4779.648161368727,1644.0126353712908
1881,19.196871418858244,0,89.44261266988522,3599.983859225408,1418.394475200921,743.2143230737695,2185.4126860296847,2685.2374309858114,2768.4280160421235
1882,16.478649842911373,0,186.75224338605042,4429.9531213736345,2610.6833638316925,2557.5368882879498,863.5064624345463,2597.8560356999023,4156.051776814005
1883,15.962776597781998,0,338.93077544298467,3363.3110929066165,4104.224246936436,2973.3003549771574,2242.810281538985,3445.6316008615713,3847.0141856518526
1884,7.592907874830904,1,803.8540981094035,3925.046916694211,1310.7139147967866,4495.179381511185,3200.911461916613,965.7387661710545,3159.499815886792
1885,14.057011520182835,1,470.1110745551515,1220.3223572955785,994.3840118335233,970.9728525855332,2811.437023195983,1640.777850162566,2927.3818673906017
1886,12.94587420213001,1,515.4865658576065,2577.0086348890545,4476.577854595954,4201.915672372503,3625.438883167733,4635.406964751794,2422.877194555205
