MMM brand data.csv
Week,Price,Promotion,Sales,TV_Spend,Radio_Spend,Print_Spend,Search_Spend,YouTube_Spend,Social Media_Spend
1887,19.737032686800408,0,34.283534848169104,541.9922892219198,2043.1834824163816,1445.2130178143132,749.6777393055978,3514.741760136948,4877.194881026238
1888,16.21507655120237,0,167.33314422743234,1610.0548903473036,3577.415562090644,2273.3764182951436,1780.4327462242525,560.4981979253731,3020.866494
1889,13.636428255743468,1,440.7878786092613,3769.077718008522,614.0687191877232,1924.710956723358,4186.537596,1420.8146265155892,1642.8487924049996
1890,17.762189997051834,1,141.93265124974158,4963.144781072136,3605.2109978425233,2300.698727894295,859.5215950611239,3572.7676971300457,1535.408564180178
1891,7.326414062910642,1,717.9646739612488,946.3014481424716,1922.4559019613673,1177.2297413266351,4349.686796131809,3939.796411531584,3251.0886384881383
1892,5.228247945364658,0,669.7933927894928,2306.724421375797,750.8338411434878,2766.065334815997,913.5324143469782,4279.3680770331885,2852.7238728991792
1893,15.353500001217848,0,325.36342669068756,4100.319359146218,3244.1574269665266,4107.3916542411525,4255.0439670126325,1814.7956152192019,534.6401132962076
1894,6.474671903558562,0,642.9522338586524,1418.1603558300449,1583.6171723292796,2486.903046705036,2123.547805,4689.628683249031,4235.294174881007
1895,6.731504599752638,1,768.2792336308652,2997.8822718602883,2240.632589,2707.761091541896,3254.940784657471,2988.261021100516,3668.5505940459557
1896,16.17021089636796,0,244.09200097020346,3798.8208321335364,862.6136552893112,4319.454133765914,1187.9920204159916,3634.425600745518,3478.231803551466
1897,9.058022662009837,0,440.4096911054778,3271.934526170806,1162.234629927254,3677.2615158711387,797.7592477633139,3185.3248825095857,809.5129596394653
1898,14.429468233533393,0,185.35719162511472,1346.1113057693726,1840.897559731297,2707.0448383390312,1471.721918090608,1052.330246035792,2129.251325776211
1899,18.761103891391226,0,34.33459257786924,2099.2305590858277,903.9177525207072,1659.6304168513086,1075.3421805891298,4834.015967,4709.220173297538
1900,9.747117974567875,0,494.40023378050086,4027.0630301842875,4598.718191088418,4482.170361,1905.826539558343,1052.940109523687,4381.651586036137
1901,8.257162367598783,0,512.8689388641116,2994.019313594075,527.2116943279029,3096.5918076075127,2814.724609299591,1646.9688038503261,1784.9432204129005
1902,6.598443256115775,0,611.5768108004752,523.5332609431073,2677.3709848894014,1495.1642454981202,3149.417586042543,4161.325461003411,1206.7649784461241
1903,6.956935421295892,1,719.0746260395937,3924.4584201264224,1054.6135615964815,1711.0388868710465,4054.406483208843,3283.6863267549566,2520.895807258597
1904,5.933340430682641,1,734.2677859081355,658.9010972310758,1884.5559026507683,4114.098900213106,3453.0795196176136,4271.671244193607,2101.2367040044737
1905,6.314635682446102,0,721.4015500998813,3855.8020222905448,4667.268019182195,698.6550293935495,3239.4124630829883,2820.812847683202,3570.0186951769597
1906,11.48006883213731,1,590.6005035395967,1411.1625207435684,1227.6254897329409,4964.414842,2353.019123685986,2196.4695591498567,4848.956645379439
1907,9.812975675359546,0,584.0759127398524,4811.330660537211,4846.245438732497,1086.582558716563,2632.137957320624,4648.304747965032,2133.5065249215268
1908,15.59841221484497,1,325.8738579722196,2155.7333808593803,1426.0746964523978,4082.3083642862184,2365.3437322558148,663.1354288165768,780.0087769
1909,18.053624873705026,1,304.4206996672928,1971.192273521356,3837.047488100733,2276.488925472573,4289.747135276224,4352.585991588707,4539.263037540733
1910,16.771598047135765,0,198.4037922895449,1169.996226496001,2960.047692037903,2714.972824793601,1535.0020364677994,1538.6800333450174,670.7737860794186
1911,12.959558849984784,0,310.1635513475188,1875.2189697059669,4480.154274185416,4462.927598590601,525.7441919388408,4319.313474892855,4787.446537189999
1912,6.536631743489801,0,662.0331828610938,4444.928428226903,2992.9696497640894,2358.100353,3430.9395375180766,1126.3847603759853,3490.607426040679
1913,15.646509259123302,1,360.4467882482785,4983.504519322613,2905.516486203389,2918.7218915295553,1411.0798263747413,3110.985336607432,4737.601437988771
1914,10.442430870903102,0,522.4328751669527,2157.3928872808174,1379.5610016577994,721.8484808412647,4505.518113394142,4496.485635551624,1398.4685899204023
1915,6.284755908731153,0,657.7385342713236,2518.7478392954417,1248.0321292324643,510.5636324035392,4365.708483679952,2630.928411045007,683.1490786421343
1916,17.636996108189386,0,138.9531261666014,3749.3192219123166,4624.201180019814,1601.5994285077666,845.2731736769265,3859.550032115268,2696.944902244213
1917,10.073247757737583,1,511.99852072470344,4487.881012092836,1975.2718948251534,3562.6239181344527,978.7478243633481,4121.022280350013,2527.8053655655635
1918,8.273732488,1,676.9488894655823,3168.6995038405285,2174.3701473330316,1045.6920201161151,2728.2721651099982,3814.2239392255065,1991.7152296469728
1919,18.07178096928265,0,240.90572858995205,2261.865641800232,3919.206462927748,1011.9288146204724,3241.501982462096,4663.983815935692,4809.454134749139
1920,18.532008026705075,1,217.03141119555522,2356.798283818807,2024.705670902633,2349.3227361615645,1737.0875186700835,2510.7540373396787,4201.626794726445
1921,10.084562557873397,1,703.8144300191047,3630.2816592356307,4784.281009875513,3415.266673737019,3725.589725147168,1279.064476243201,3477.119096
1922,10.32202129,1,669.5853512,514.4821862192541,3820.6749604946012,3704.3239651156873,3177.122094134922,715.1497867,1232.8623123702248
1923,13.69442791374716,0,263.5662945524635,3288.152018569283,3188.431592,1303.0280334426866,1961.7084938684961,1609.069413368773,3804.455336983361
1924,16.00162240715987,0,105.70944774766522,2099.7185469861083,4464.028222451387,858.1466632,614.1716961904201,1144.3887674610896,3771.556046148758
1925,5.947238028602952,0,607.5006648360561,4073.887990746879,723.2265875726723,4731.786652754949,3875.6762658433295,3010.7693364551624,2412.8067812720337
1926,13.900154857827076,0,289.5358893577269,918.4578792040948,1656.7821148514392,1672.9987215294577,1466.3914962128722,1332.254017452794,4661.536593713062
1927,19.292300926753725,0,146.38382484495625,3146.910201267757,2592.6635039940948,4340.059239239257,4255.131845581827,675.2016828021704,1251.400470030547
1928,8.931408457699305,0,459.6904482,2664.378004487557,1521.4034276218445,4385.711527082682,2391.3061702441482,661.9542299090053,1703.0190308524893
1929,18.632408211454006,0,175.0527505437075,3390.4648665735235,3847.5733428596836,3976.351663,3096.8484918429444,4242.062742641878,784.5095266278514
1930,19.252525111446403,0,220.46178614298987,791.8411751733576,4636.436139741763,1259.7512299365653,4428.269286840508,3161.5246914936115,4079.5293117991437
1931,9.037304614566345,0,671.3976014369546,3109.927043426591,2406.9655396891553,4198.106566643902,4386.303504139791,2111.383858520202,3297.9172374292875
1932,16.313027988280258,0,318.13120445224433,3026.6806458178567,2039.5967005035272,3961.6275165871402,2171.8380885960796,4524.026192331112,1917.2313755656228
1933,8.581625125,1,597.1223251839099,3022.9704248727694,4826.978294619048,3185.253455477977,1440.000017216794,815.8847513347112,1237.1614861744192
1934,16.064167425981992,1,351.2123881,3215.6944996840466,2501.8359477239337,2017.4091582602873,3988.1573497786762,4911.449327275217,680.6649651293317
1935,16.96129956933239,0,155.35867568700397,3544.105718,2700.7178020217743,1681.2887191994485,2448.860916,3273.3130561450744,1250.3550588167145
1936,8.708085555659741,1,561.9367607754306,4122.450498563464,2082.424425538574,1048.5014543616153,1364.1889710155183,1325.5891428598181,2539.780908519462
1937,15.738043153748524,0,304.75574900352444,1714.1932405769646,4592.968128554623,2793.9068010539213,4569.914040427177,3555.8109453963584,1612.2963605477278
1938,17.18156808296135,1,290.3049077130848,4212.722346,3060.2996747683283,3133.6739397943093,1391.4688740848933,3935.2156690260317,1665.4197984438501
1939,10.378683081603675,0,478.3495384282963,2742.1505701855413,3929.7856423174007,2117.0254573210423,616.1322568605399,2432.042525168485,4440.093650004715
1940,7.515541639845904,0,515.3883939868564,846.7622561044902,4153.130232578988,2639.1158045639086,591.2598819533898,4377.346728104963,2818.119530574953
1941,6.379468509762703,0,626.1539756896973,763.4791815979064,2038.3206886276619,2135.815058,3300.419104044189,1178.2958328341165,3781.633879077866
1942,13.630725554149128,0,313.9397873322973,2004.0724341322737,2451.624491,3384.5272579431557,3477.5377732288866,1754.7691260992376,660.6992706
1943,19.671471789735698,0,97.68540328470286,4032.036397001604,4318.122984828191,4555.666435084535,1899.6876727564277,920.7156271279539,2143.235100551129
1944,17.344254800333243,0,106.11646354411769,3684.564206334121,2134.649082541146,1237.641179211252,1940.0494516117853,1448.9502827330848,2656.2620632794883
1945,11.537594584018292,0,361.30816957636483,4048.767341025829,4072.7081005333307,2216.3396445640556,2027.7226177697423,1574.2796536001526,1338.8758484458313
1946,13.049313542824379,1,502.47194133942185,2827.7107539872422,4734.465451584967,1133.908717778876,3560.713460414954,4629.349359147695,1040.861936504924
1947,9.192918281177285,0,496.9473875989435,2480.8954907997077,3304.4466788060313,3312.246966835244,761.6020596207286,851.4935993802029,4416.367003249292
1948,7.445988010400954,0,682.2679660627923,1163.5363701782778,3837.322794,3779.917292698681,4681.023587110965,2423.3680408446926,4727.4423219490845
1949,12.23121737,0,404.4942655466664,1976.867391241902,4122.937904185107,4693.607296688551,1501.344698798509,2895.7940925211083,854.6301412043333
1950,11.952523492507778,1,560.8240969788426,2453.0871477824385,4302.678420034891,1754.923668174342,4998.529423589415,4544.118742109724,2070.584206440994
1951,12.828949292056404,0,387.93518406590783,898.7019335582775,2277.7400203555817,4775.950426394435,1271.8521220423413,4989.632983975461,4812.2853266501315
1952,19.29206878345911,0,114.04753266724403,1492.7537872004507,730.6855662919918,784.6820231930366,3971.9590579056985,3890.246517139261,874.2277991
1953,14.058429502171583,0,336.7885986973381,3192.013823286825,2308.443220565328,3213.5623851406467,1505.3564521833127,4868.559457560633,3396.386177954268
1954,14.086577549335606,0,324.64905174428173,3810.4840140763545,3531.903034028404,757.0972370449849,863.8106073946428,4041.955096411432,4874.996169351525
1955,6.920371442916151,0,747.2210436859721,4992.563801268273,2526.576736013568,4521.983844928752,4437.19996,4834.411884371375,4902.006508616186
1956,19.947332992652306,0,276.46728627550084,4699.009991046009,3870.3341788717935,2884.1407568152435,4364.380666359013,3682.7182667500483,2620.5049890668447
1957,16.59267416352003,0,325.5402217404004,3391.543397908362,2106.4209326089876,3512.067578432582,2316.066766023206,858.9354145298198,1232.3709850207129
1958,18.158050161410074,0,235.07369916660008,2395.6162398233237,3356.348634968133,4242.082666597036,3660.7826414319206,2308.640841467044,1409.3794173984747
1959,11.214506177464912,0,539.6397349198512,3362.7981411870473,1338.8891218428857,1176.3978011778595,3006.796697077627,3409.6877771111167,4503.206278059775
1960,12.531921436784373,0,446.0508500842494,4035.432281361044,3872.162464902306,673.6620287216023,4338.302512,2078.2332925441297,4602.573519483812
1961,12.831257137434147,0,389.4209338090234,1032.512859155243,2955.631859658616,4454.965156607835,1917.7518619339448,1730.2276315120037,3235.4583974309962
1962,7.911418089344078,1,731.7292371873451,2344.572003633297,1418.2897484597027,1917.1995235651962,2856.5257999954333,3098.2967020989095,3947.793797614601
1963,15.342337344904358,0,278.59528706341064,4279.110285360277,1813.6002807401326,1080.4050856722438,2684.175670420477,4700.758445160957,3829.690631616837
1964,18.54465085426185,1,267.34063672184976,2227.2482836986983,3868.739188618246,2608.0755668918896,2092.5762181558644,657.4184308,3478.1971909509816
1965,7.455587272076285,0,725.8732278964426,3073.4252205223393,2671.705560476843,3192.3773406320847,4511.547790503675,3961.540416,4222.746296923726
1966,6.294774102292467,0,683.5834061399077,3144.962123879892,1472.141481768825,639.3677154012955,1246.4506609814098,3752.272751200822,3584.329803681445
1967,16.07328358310513,1,321.0831425810574,1330.143139101377,4852.720356666339,1737.0304621568948,1172.7888778431327,4837.790414247292,2903.010375863747
1968,9.098027475094732,0,514.6370384718218,2130.059487435298,3718.0625891759955,647.5994342,3096.092908952381,4688.200500496446,1566.3036316467055
1969,14.35793812425994,0,405.9843356714398,2005.3007993386946,4807.106746429083,2391.5092513797454,3458.724034932239,3930.046529198868,3847.4966485337854
1970,15.43637506988271,0,240.08059758868023,617.8851883942916,2421.9727041215447,4527.950130798099,1375.7866444605434,2841.839441071694,2630.470405272235
1971,9.828661453727328,0,452.66036999032553,608.8629375110986,2637.9515331127423,4921.935851721061,2258.228490145809,1419.2039895508394,1826.5625780337919
1972,17.227168961386766,1,403.7443542224954,4242.636696540981,4540.798472832586,3366.7139907663236,4759.537293404347,2953.5607324650846,4108.758240837989
1973,13.249834731713253,0,392.6366703813379,1728.8186448776557,2862.722031104231,1227.369622030663,1609.7784021080329,3944.083972638442,3635.2112015886273
1974,18.03499111927704,0,278.0458308312477,2831.3544480746696,3682.7551035755023,4576.322254996876,3507.6231595282734,4530.511456870519,4718.028034
1975,16.44940328838421,1,377.7306855159112,1844.2650811494786,1634.7779487298849,2823.115204400272,3830.6722716391587,4053.704041447471,1244.4873800849498
1976,18.028634480561806,1,292.7625367089246,4733.056603019032,2510.2691091618826,1191.8719044631314,2516.579147593218,1378.7012083597429,3421.351780864219
1977,5.302420731768411,1,804.0567706911239,1666.8354148959818,1055.524396146598,4647.770012532476,4718.866940418124,3198.5884140262674,1599.077606396792
1978,8.652593911,0,554.3854995420952,2433.4556573252075,1426.9101614463275,3908.6107282539633,3814.955308484557,1994.7805678911066,4566.123433857388
1979,6.350119106689079,1,692.2319507046494,4427.286127180709,504.2453687043399,3792.673727254182,2560.660609,541.4255032578934,947.7473641547706
1980,11.631245257840238,1,507.25242413828903,4288.701050563139,676.6927324,3691.313167074821,3062.0084079924227,1400.9942110489974,3452.7281290019473
1981,18.349401824229773,1,308.14563775454405,1337.4563803082478,4897.7772042961815,1401.5291949339903,3616.760495412953,1009.4929247005217,4059.885746876135
1982,12.013103934003038,1,539.2238206,4111.894894080697,1590.5916281154305,1449.5301126838672,3164.855811931482,4292.2360559276085,2097.1302816411826
1983,17.745695668705913,1,353.6633326260594,2561.840990320517,3484.898192768009,3597.3184929226477,4454.139127217341,1663.2781346651539,4793.621357227142
1984,9.907673570289768,0,566.9496215905401,2673.3599243840986,4275.948644598252,1488.752375496786,2105.998980261805,1781.1408599939998,4328.288080637168
1985,10.093551092078787,0,522.4374576634585,1100.6598758717469,2977.972066564539,2474.022636,1849.4858302511223,4819.714573094979,1825.7823485820652
1986,18.433425954903164,1,162.85967841049893,862.7068119070609,1189.1502503778029,4019.008215172736,1462.2750027286893,2205.8902537198346,533.9349172
1987,11.387257197675524,0,350.9368591558751,3775.7268813819433,3776.523968012749,4027.7863314402844,670.0233562906781,543.1353806497755,1834.9572925312739
1988,16.846482316919996,0,62.44356278,2734.0751855988487,3201.1313454481237,2539.677976366368,693.5628397,1777.3076675576144,1765.8971171183414
1989,8.549653218,0,580.4038493288598,2465.828161768308,3790.6276520631877,4064.854722238603,4415.248368991773,1036.848112708156,4504.840734
1990,19.232012445164532,1,266.2730132777954,3782.787028935785,3963.859802856892,4273.798082891255,3552.769158826583,962.6385278113428,4852.045302146364
1991,13.618673697958567,0,313.78075524958837,3944.808045459994,4889.346654581353,3446.490880779171,3472.3958694641874,848.6928056108727,816.9799368661716
1992,16.389853528676028,0,291.69757085666356,1215.086754512091,3081.0347601201947,1527.9163353878907,3265.892685206987,3169.667615789198,2620.8267283999253
1993,6.342735496923282,0,671.3063778780969,3246.013172649386,2037.3850071077081,1733.0530117349638,4321.486151123472,1352.064756334364,2967.493993384081
1994,12.38996338745793,0,381.8307967071406,1109.093370249585,3418.0905060510668,1916.7851993393092,2661.2011654953235,2125.5925731845473,918.1024759836648
1995,18.51557746601035,0,212.25105617948714,3881.1878871307053,807.9831915918176,1025.618484802784,4416.848728512352,4379.079722585076,2198.7396911188516
1996,18.155579435649567,0,151.06371377305527,3456.2982032021278,4538.287932447138,1729.218291664753,2117.502617820076,2409.5216290832404,1926.8708782682777
1997,5.7022093585134135,1,749.0253316305584,4804.7657948755605,1037.2145510218857,1442.8365094063945,4670.183769525907,4620.611075232369,2912.253594471893
1998,9.555477037,1,685.1857177,810.3110736038952,1975.2927704861822,2548.9793741387098,3643.9564103655803,2740.7212402802284,3475.359048793721
1999,11.649800097186201,1,561.1770764771018,756.7462451806445,4170.854212817544,4587.968965425192,1657.2971121099226,2294.7647667789006,3665.6829972345495
2000,7.583972215336823,0,575.5615419782572,1769.8418361194006,3187.905702488203,970.1614253928113,3038.382147598813,3876.750171908157,1115.397606260244
2001,15.949974664849556,0,288.3559536029737,1677.6755768115768,2271.3598412484894,3741.205658,2898.637527,829.2879444560094,4158.264658750796
2002,7.7676799339806735,0,538.6732209671621,1611.4045958239992,2630.4604671875964,3592.773519859075,1120.5446977865029,902.6527234208783,3553.439134058415
2003,10.199595415548293,0,507.53169984258284,4578.145612344665,4345.463269409811,930.8938939851095,3160.5930758777636,3433.881712653323,4500.837125360238
