MMM brand data.csv
Week,Price,Promotion,Sales,TV_Spend,Radio_Spend,Print_Spend,Search_Spend,YouTube_Spend,Social Media_Spend
2004,14.949209552867273,0,299.53674031017283,1622.9578993227774,2030.0197372695147,4651.575822,1916.5353067263109,2691.2332095766174,2522.012267459453
2005,12.231340167867199,1,520.1140858427069,1723.7737675788394,4413.423581654771,3058.124909705688,735.5694506,4056.868626436446,4522.5039322498615
2006,16.078565579523406,0,325.74850402270386,3917.292180880837,896.6049393951117,2136.764845110579,4768.952709679542,4623.218768045891,4395.983550602339
2007,19.418118518342894,0,213.07693777220882,2523.829291,3995.5929674388385,3904.423626,3386.7066607892953,2247.650949521964,2472.841995616713
2008,6.748200315727963,1,746.8873220950087,3995.1975062983156,4313.964348746314,1658.1445628073532,4446.1351934188115,3183.8451196309084,2215.1449188184038
2009,15.643515745970914,0,309.96361892591835,794.1477090397336,1318.1794377680244,3620.7942667084417,3542.252022559639,2753.1348250788947,4697.654067366156
2010,8.455162334481718,1,698.2207497998261,2694.0703715302293,2436.5593956749017,678.7004340751125,2106.426614630508,4917.247950390948,3718.2413054229696
2011,11.217150911113539,1,620.5100546319363,651.2612008247718,1244.7489859864504,4277.336169241724,2807.0963254796516,4239.879833104678,4677.104059
2012,5.492940886927097,0,698.2832866172562,781.9394155490954,3679.7185804739797,2516.768811595933,3540.860421562297,4602.819687248091,4086.386505031159
2013,7.038610734390485,0,726.3796537590421,4578.968540049849,2909.064956277455,3365.118114610738,4821.135463406469,1644.5303940992187,3241.8384768113647
2014,9.796659335733494,1,594.8700594063887,1126.6041700291782,3358.955060187445,1495.5701891300764,1641.5125660476342,3976.3689042316746,1021.3374965169403
2015,10.129787079319774,0,545.4598674387101,2895.893070238477,1384.1913513029501,3546.8317069630157,4437.396764,1694.6295124894202,1811.6630266059433
2016,18.493778246931434,0,176.9312295661622,2349.9302117031793,1452.8563792358877,3975.0812415197447,4658.3501238242125,1439.3414004277545,4859.7908319427615
2017,16.127193638997724,1,378.16365035222145,2063.044968164792,686.7379647945786,2629.4593409797944,3516.8698159653045,4749.197718449978,1937.399444
2018,19.582744522805616,0,91.28847518804106,4549.250055592726,1949.3039083807837,3279.7711582780744,4690.699823,586.8698752303999,919.6469140341685
2019,13.986072655028607,0,373.8638689313879,598.2052854897028,3018.850976001537,2553.4666572007936,2290.4536436481585,4844.249166485433,3683.990101636939
2020,8.625705981,0,651.0277802,3487.0535877901507,4360.707113,4523.411161660304,4788.572792181993,1171.678536449628,3803.019145446579
2021,9.914825448824644,1,684.8902425,4835.274953960977,3501.1735135640633,2740.411312314436,3662.522947246887,4187.471368069707,1784.5597412921784
2022,9.797538849379507,0,484.12275618479265,3020.756825578289,2459.2834552988816,4288.139190629685,689.0259533846536,1741.651488806464,1839.5239070583668
2023,9.897414914948774,0,582.8295353324968,4715.701079148913,4789.040515,4106.084262216118,4580.927743185737,2078.160473438273,2610.0184347895274
2024,15.094462596677236,0,268.2384338,735.1604568,3736.603402591243,2347.2716960676044,2680.1276406493666,1475.4097009489324,598.0502739
2025,12.962118921356243,0,402.89785310842086,2384.569935833726,4685.743412881475,1535.3802133586378,2571.471431500248,3134.8131911648584,4051.953546625236
2026,10.781362671299664,1,582.7426177202432,1670.7100593292303,2874.1458797247456,2327.3695965189695,3049.099726908354,2066.4299637854333,1926.899542733565
2027,7.236346530930749,1,709.4679809357982,3788.694342413284,1665.0692365691282,4217.9781909884905,1172.2304604705255,3458.2686777259846,4341.9339590088985
2028,5.332087444132188,0,637.1916212639467,4915.836907,737.7200886412489,1524.3464111872656,2611.247218553294,570.4129307392968,4111.836897200152
2029,8.282520163815388,0,591.8782193300989,1654.3852809991151,3767.381831677327,2859.963556359872,4240.072475229856,789.6869758176783,3476.309149034524
2030,6.612071059530219,0,488.1313732568272,3443.785706633335,1045.8634910249034,4127.435365823363,569.6710661,948.4751872906189,1961.9369019467993
2031,16.78167546278359,0,135.50934656471907,1391.4393474188305,1862.4880772238523,2090.6486380777046,1728.1272214596709,2385.471584,2823.424527475265
2032,6.687469367208281,0,514.7864207427283,3043.9861455722444,2896.119085477538,3389.9433665121383,511.04563899729897,4166.582776969892,2501.7316591908157
2033,15.863423559602543,0,264.46152939486626,2587.696190097513,3039.8746450088647,1605.3420832196655,2370.700891174318,4496.800596702722,2024.968488119034
2034,10.78488034664124,0,540.9810676989309,4874.023983341916,3202.624386442112,991.7575041567197,3777.4197972218058,1601.6483302740535,4316.613301864301
2035,6.100675846,0,699.3905323276402,3238.3727271340995,1248.148986573653,4074.7290129178537,4094.4732310158283,3084.663759075563,2675.7818355994937
2036,17.190950741473785,1,394.93878698109455,2072.7786743906845,2208.8183216974194,945.3588053391807,4753.353925071529,3957.6424671167024,4247.253940087159
2037,13.69445855,1,489.82156204703807,1013.4310319957002,3277.3740220263503,1721.2162778581308,3238.270758368539,1799.732434638239,973.4831336382092
2038,8.536422692953597,0,507.48042586494086,1180.6107293072055,4864.1848908520315,4347.992398988481,1645.8208999380297,2340.5348153132295,1134.6115487015109
2039,18.42021761499002,0,208.11154021799177,1513.9261847805578,3774.3401196485993,2059.111791854002,4658.665771115146,2857.883912085713,4897.941373008395
2040,5.678874708058272,1,797.3316749903878,1629.349976031341,4651.716907,4878.704072813725,3988.9208924616923,1106.9368088362146,3144.958081727403
2041,8.027294122966444,1,739.5643793679333,4327.77226,3929.9542624137966,4908.804506482369,3084.9281735141503,616.9203217660114,2793.9635307457206
2042,16.280703917087916,0,297.5585703862125,3025.5025472713623,3162.726360015802,1707.2420920410052,3630.380970735212,1187.6261419322745,2854.2022841485027
2043,15.640668954648337,1,380.8608126295044,2855.259101184649,1364.1051611135504,684.4020001,4659.423597533431,3320.841296,1468.7094831478692
2044,9.339075406,1,676.0065050931826,1016.4599234114786,3500.085433516309,3672.784778924206,3705.7731281281476,831.2821769015675,3734.1677727588785
2045,5.930373130291747,0,531.1094579418836,4370.628620072457,3305.208046819582,2529.439261917547,2157.685284131303,1353.6336418255773,881.5128067838946
2046,17.871171083374158,0,232.13916169045396,3752.6643644381766,3211.111267057699,953.3877978180933,3708.626910300935,2020.3424856288668,3079.9567089636043
2047,9.705464571,0,409.75914100126613,804.5076285500071,2704.0364059470835,3683.8526854011925,681.2517323092454,850.4152893786486,3068.4595846365564
2048,7.935701223923978,0,529.4823114905352,3685.257937533959,2878.9547179517403,640.2870910036455,2238.8700282376158,1362.646720227355,4613.847908600799
2049,12.740927335414657,0,399.5303016414463,2945.921978041907,2004.9913720314682,4415.885107,2328.4536433051067,4600.7140504257995,2867.8226454718715
2050,18.65340798923671,1,183.64572405406693,867.7640558605021,2836.9071168903643,1123.9363810098666,1250.772054893756,586.8460950214314,1116.7821318838078
2051,5.6531986676506305,1,591.1411284790017,2562.352886878954,1389.0015755531522,1072.9034543602625,603.8846624829658,3440.4436587846294,3077.3896666167316
2052,16.487061320463315,0,126.85406017065947,2681.1332920852115,4123.284788121695,1290.5253408586304,1100.2155648698426,2229.840189118332,910.9743996439956
2053,13.587098419080634,0,321.55300596097095,1245.985430734741,1335.9962961441852,4821.198613214299,3445.796731086748,3526.919327,1417.0722588496476
2054,11.381736748277255,0,409.03003419660035,4755.641662,882.3483045025989,3619.262121142307,4110.299673636594,3149.1127416353206,639.9886288433726
2055,16.16120666,0,280.30290695197226,4324.889171662979,2463.107118607208,4106.171909586365,4946.915717271384,1505.7443945958994,2809.8211210677423
2056,19.487366366624485,0,67.65686607873631,3510.6005179809877,3462.383477777278,2289.3574357973885,2058.6357639882244,4312.442694080249,880.3967688210756
2057,8.438093167440366,1,710.3167703130233,2580.3300245027326,2469.725712200936,2013.407274,3197.206500174958,2713.731721742105,2612.2747033909804
2058,7.154710476081794,0,701.2572016951772,2352.944937130288,1745.3935937808888,1555.1780305242648,4717.152350668049,4201.412085110623,4698.252658958649
2059,18.693226178340456,0,216.61440553686242,3429.380602179294,3011.7703275069834,2662.916127,1251.6880160216867,2327.0564128469864,3738.9263585869944
2060,15.034296161859556,0,334.0389316850238,2954.443412331075,2061.510509,2983.2293009037585,3729.4051385423422,4931.084992618576,848.3525340138187
2061,11.56979032342949,0,471.48379986787626,780.2289764684853,4697.904605569849,3342.9867964373993,3897.4042991712345,3967.2021132558334,1508.9441549397943
2062,13.598893553964245,0,396.5929650029926,2806.2619194664926,4651.903128216074,1657.0332679941253,900.3899114120227,4846.775923,3531.480889520454
2063,16.18420857764366,0,425.8719761401745,4128.816277547778,2760.6731898744297,4768.943364063458,4375.622233323793,2814.469155094365,4526.158374608827
2064,16.595478480585758,0,287.30881094981595,2566.579449186311,1975.4779730821633,1263.9132419321113,4158.972711998797,2631.6100953081523,648.1336404377919
2065,18.798412712284467,0,120.58149119366107,733.8045989942078,3817.095862804876,4845.4392864488555,650.3135296,3899.5421419636605,4156.030092742672
2066,11.402641833434341,0,390.9584918911025,4038.251897228149,665.2082456737999,566.8525512837671,909.8798669602317,4461.310683560436,3028.162461522389
2067,9.401163650290925,0,428.79300870973043,1406.1370196118846,2636.4605271964306,2665.065613175805,721.0710225133355,4838.656081395011,2957.410963833767
2068,14.594964001847629,0,301.48838740554896,1663.7937569961746,2013.4552742165008,2000.1552715245325,2006.345893,1960.4835771462488,4810.159322390111
2069,11.235918489192954,1,579.1104832163721,1241.1785904453316,4642.411482961496,2521.0553626861283,2791.8004580596676,4094.1705822918752,3864.400756685479
2070,13.91897680923467,0,405.8635392133157,1985.967791921739,554.0136227270715,3067.990605413551,2895.5647757958295,1447.905189359915,4325.534906252504
2071,11.299786976839254,0,420.8379506574502,3905.3817755988575,2987.6669407325708,2460.1512110571907,1704.500418962492,2955.0845603545035,2092.980063
2072,7.294936800172618,0,684.4802062442751,2837.236367767718,3832.986114799817,2366.8108263571776,4602.185989521234,1309.3166678413963,2994.638183727844
2073,12.041401274884375,0,422.0546039782444,1421.9657336782066,2682.5809438581855,3797.2553693598793,2157.1825544236094,2063.288127876525,3269.3255484249685
2074,15.363767329115491,1,306.89247306816515,4450.235351684183,884.3136357322475,3586.443237889091,704.9757018440862,4691.112652429067,1947.1277316310927
2075,16.989257115014748,0,199.7925332538738,4458.118347281881,4876.076255,4249.720769161315,1851.0220019362387,1157.4081489788873,3066.116562263298
2076,12.399894151948203,1,544.9185468304543,4417.602912707031,2831.0469411924405,1624.815416,2889.9924014486996,3345.804028108384,1564.949207658712
2077,7.478568353156014,0,612.5405539626223,1574.5829512169269,3263.838099435551,3242.8782938932864,2336.998201647044,3168.294228173315,1145.190519807078
2078,11.220315644741474,0,404.33806029620564,2530.5770488144462,1564.744022183783,3133.3765342678425,1732.2913359466663,1043.3225871904392,2182.866166747997
2079,16.794408932625473,1,261.2695243617327,4932.453452633938,2675.7413829806173,2163.8201489270996,1090.9546239394285,1966.9056969596547,3826.8033293589665
2080,11.192889059256093,0,530.6514926887044,3974.0561433949565,2431.1727138124484,2687.258938562064,4186.240250433034,3033.416770318696,4622.842166332494
2081,15.447961904063336,0,337.86204718535555,622.2533955150192,837.0312890089268,1912.0196448757792,4982.653589558863,1342.303740448206,2559.7132317420464
2082,12.608205225171346,1,484.3191866,793.4206606722142,977.7215909636025,1138.2997892764333,1982.9396008574693,4102.806453857669,3392.7065972394425
2083,8.618346877,1,546.0970977879854,2587.6911956554973,4268.626338284485,1462.1054479822978,2217.2946987947175,4874.704292906375,963.6670893879522
2084,16.942257620346112,0,228.3491121006486,4591.4909263770205,1579.189784929656,974.8114088054049,3281.1688610463066,1466.4172998311242,4570.086913485479
2085,6.263201811060306,0,673.5802360231298,2924.158090787214,1377.3122217438374,3573.8130883555586,3732.986636309936,1341.1038415575917,3058.7189610647047
2086,12.87335424132726,0,437.16583119085834,2740.156286154306,2772.1015306256268,3473.273268991182,2264.1329066161607,2547.207823088501,4011.5221143132067
2087,8.133365513651075,0,674.6329899,974.6316498048377,3959.3620911313083,4777.728672109428,4572.182826418169,3864.943747130145,4074.9854041462722
2088,6.005984428120635,0,712.1499718499476,3455.5104712593234,778.7593336054456,3783.5528614125856,3020.0179515301324,1767.2027460586314,1654.1623686564767
2089,12.544009056248733,1,457.7007777297521,4199.4642227010145,3095.6356383721513,734.2062744025915,2526.7553438266896,589.4595891377618,2881.285039318323
2090,12.493432339023855,0,445.8084870364938,2211.8900337840305,1036.446993,4479.103282680294,3410.0273892195733,2935.4928261480227,4822.158882024399
2091,15.603513525135813,1,434.4212471205132,3990.253329163974,664.0747287152831,4382.038233255766,4787.6173171212795,4804.702554952884,903.3554517
2092,16.171260395778575,0,236.09662919762295,4840.144942553652,737.3477847299782,2494.9414434771443,4075.4853248976747,2260.745849331255,3573.7245411330355
2093,15.916872330393451,0,341.0906661691352,1416.949066074601,4253.738486937986,3136.3837273756467,680.0590874080596,2390.605493823952,4830.188351158274
2094,11.143380993751325,1,580.7102120696198,2854.983340376336,1030.876176326277,4892.352496126335,1995.3945983298183,4860.057727013171,1852.5969862430998
2095,14.475346808398438,0,319.5035570861911,1792.1208113805899,703.1811398553137,2895.369637316748,2617.4510822805023,3625.7342523202774,4376.515646319567
2096,13.654178639659404,0,356.6849678197875,4067.8448856522773,2470.5494921431055,4573.9482276924045,1915.3290749409737,3736.273652789563,4701.458954337222
2097,11.323426341753795,0,530.6065343764163,3099.1701464652087,4297.970623739111,873.6744101458389,3650.844023737054,3032.1590241698045,3861.8879422767127
2098,13.958190412789898,1,511.92140483926386,3355.620878976367,1680.8376942018588,1359.733409189073,4218.211174381615,4885.741448884587,1540.9774053813123
2099,19.20871815059394,0,210.01860875265146,4090.6137182715233,2397.7067788666236,2483.3972454859304,3791.0529283337223,3599.8991799150026,2003.0032347196725
2100,7.893406155,0,636.8623290344938,2281.867126981047,679.6513965368805,3131.405637517871,4951.999790727239,4527.647382223263,661.1418248797883
2101,18.586581436782893,0,187.53483946618567,4617.905307831695,2520.8533136069414,4173.025333,1726.4644155186309,3647.2048957994953,4241.539554104098
2102,5.801832709747975,0,803.4069798890205,2898.629903,3099.2588628671015,4947.179518,4437.452727609896,3808.021211781782,4323.250339
2103,9.625838194,1,671.9950091102321,1210.7967027590662,3069.0817418846514,2249.831734133524,3949.801993285188,1806.8491496401093,3347.1963948478674
2104,9.322178729172924,0,519.6562423634252,3631.546031759611,1995.9201147846431,713.3703626303821,2129.8044090116573,1865.6541410621855,2086.375330687331
2105,14.395476618213586,0,357.6362520623065,4069.676076972145,1919.8993129841099,4105.271764828962,3803.560446456359,4023.4309230921313,845.6496243796424
2106,6.968374276659355,0,586.3936107,1925.427547,979.8062852146904,3219.7132358726367,968.3418038821113,1835.1783012645483,3888.7592446170925
2107,18.235214177596305,1,293.1771281584618,4357.306656494388,2150.592442908208,1393.4428649069075,4052.0006705324854,3032.465318606892,3769.367871244653
2108,17.42827112697562,1,311.86196790249267,4577.644646445949,947.7260099,2726.7280547963906,2895.487711641962,1622.0853990801588,4606.711347825055
2109,14.780987295279166,1,495.7748652,1746.0701932001402,3949.681751204232,3840.396105,1815.3057771916392,4176.425213640812,3787.3940945241297
2110,11.876207476882966,0,550.2780039704704,4925.846627,4848.234339866836,3966.853041808897,3450.9978580288107,997.2560805246051,4229.127240098009
2111,18.994340632131177,0,253.44398272252766,1133.201876219413,4865.335055000181,2748.282853994429,3387.2899942148406,4232.509879,3856.795780567998
2112,17.46119832080834,0,162.45411083443565,1409.0705078112048,4392.819947189272,1873.465385579866,1442.6880022381988,3212.284102284208,3338.092347405424
2113,12.489727221218672,1,503.99701574801924,1329.0117765711175,3203.564672028286,4881.841619,636.7883666518676,1341.0929067218476,2421.3487738595413
2114,15.528100316814669,1,414.6190764952512,4522.953695035417,3653.895638,3485.131749304218,2451.3016410575324,2939.1592347775318,4559.527889
2115,13.503949282695269,1,496.43687322564216,3444.3164854623283,1783.4261120618633,2337.068837058344,3062.8034120498955,1771.244765813032,3429.358573583614
2116,13.819133575823969,0,382.20713160433456,1184.469274500228,3338.4668907767928,1762.0845089209358,4444.723752667693,1955.6030062872346,2292.5989488465907
2117,9.964641041562068,0,537.9311957987514,2481.455383,2550.4229724794486,3789.9634235160297,4676.975580414175,2081.8761871859615,875.6118283188075
2118,11.931269069373451,0,401.4851997040983,3268.8411128141092,2669.0780289961963,1589.8255051719545,2879.6234817054487,784.9366113754443,1808.1718515697196
2119,6.171821461846163,1,813.2873918073105,875.5883824522248,3909.9945216882106,1272.6949503815968,3892.115676958452,4936.827579806379,2946.7703067357415
2120,10.360230374968888,0,440.25441561838727,4470.8736578330245,1768.6326001876323,2884.2525003293163,2476.8647254759862,641.9058265905085,1740.3591650728754
2121,15.43742773043228,1,373.51545002843017,4116.2159094869085,1931.1782526253394,1804.9432668986383,3857.3697045780186,3481.235929329253,1495.5590656305594
