MMM brand data.csv
Week,Price,Promotion,Sales,TV_Spend,Radio_Spend,Print_Spend,Search_Spend,YouTube_Spend,Social Media_Spend
2122,19.298240457592794,0,180.8600913153424,2773.430481094872,4660.888060078865,3330.0731521562675,1421.606862226251,2170.5244149084374,2873.2708133953124
2123,19.445961691445305,0,70.64020016774292,4852.069768666267,753.0093268293751,1030.7240369340507,2169.7913066158917,3407.0463092601453,1264.1915565308057
2124,13.335843036873374,0,404.4777143763845,2379.9244067379486,2685.354342860032,3447.2349705529473,3354.0259946612664,2103.117138894127,4101.845284962966
2125,14.09933377714373,0,274.9791453955169,4928.496436,4607.603601835378,1774.834376,581.7108452318547,3531.877908164864,2679.656681041961
2126,7.7858177825145125,0,648.9554860696766,3505.639994616322,3246.6335351817065,501.09320495530727,3751.075896525293,3781.5597926076234,3082.3824828319257
2127,15.42962162140296,0,346.7106098199588,3356.0207296427366,2958.8318339545945,1071.2122595337937,4259.909755706751,3607.4868817984016,1163.2247041880685
2128,6.059881890115793,0,679.2547771341216,1246.7970288310325,1623.8488065320985,4701.269200257923,2296.1374749227816,1012.8289161116852,1960.5935103321533
2129,9.270285286991669,0,532.1483860647206,4468.674912370898,2044.7397007900172,4403.095876,2515.7408772972394,3456.019555946081,2345.403574675188
2130,15.025450209281633,1,490.3304630580524,2423.703595642768,4334.217871121118,1551.2406441630658,4330.769954974389,1759.943972543438,4136.957737324263
2131,9.654651973,1,723.2148136592474,1230.0503260211572,3016.481592958062,4002.6735704547104,3990.4458589671503,629.6061675620008,3965.7178538876865
2132,5.747703111716815,0,674.9120127791433,556.7338398909156,2816.3398719055094,3238.5721692828843,1796.6727006501876,2366.738023500293,1503.3986365445662
2133,17.478056140264457,0,141.32932440728365,3018.9005763727214,948.1087109301302,4869.071201524413,1957.8924795269254,2450.9439626171047,3272.8058672315346
2134,9.654950107018447,0,397.92005667973547,2873.2982995520433,572.1267040480541,2181.225467903266,3554.952045757685,2602.2836000860093,1595.553609973989
2135,5.946578372880176,1,849.0427065848074,3737.0913006612136,4836.583349091721,3566.572756327271,3034.3914160167255,3671.7087442582233,4947.112200606104
2136,6.1218224675429775,0,671.5715599212269,4506.161238580109,2196.4377527907873,785.9107509076337,1230.0330699342362,1889.797141141066,4784.5574515889175
2137,8.776381981831305,0,498.62215035787926,857.3296308936328,3214.4587794477693,2283.113060673827,1894.6845915312488,1918.7623089676515,3034.691242342792
2138,7.670239208322894,1,726.830773,3791.7342065316307,858.7178293427825,4837.179475346812,4549.924745953944,772.4851530856727,3645.0615735236433
2139,16.61450176670226,0,303.21736818669245,1343.353748,3574.0142857537094,2925.4139350255423,3596.7849652501855,3590.6954719653318,4106.436719938903
2140,9.825260700005517,1,726.2541111173167,4361.796739207238,4696.5501891768245,1795.4577650068006,4936.884429584838,3055.217411298128,3744.4928902020674
2141,17.070436775597486,0,287.15046363941997,4185.785812377453,3090.4936384883886,1041.2193340787308,3951.5563849134624,2072.413007122046,3649.229109870894
2142,7.607689967347292,0,744.2523200470881,2933.5718974349497,1067.5189506893475,3665.877530816887,4738.884944646156,3673.350405128096,4813.493035772876
2143,12.393187693161256,0,461.71100206125936,3696.0925938049018,3117.746873630645,3401.8521954337707,1472.8485824171394,2918.1098715209473,3184.052478382775
2144,15.320557003296932,1,449.54709972786156,1914.5755093268679,3948.5624589709355,2182.724211216986,3971.6819366761656,2611.6022564174286,3363.3620231857503
2145,14.779862807987824,1,428.91800979068995,2620.255545197666,2328.874414583084,4779.236083396254,590.9788406650885,2800.960446475069,4321.709376971816
2146,14.01694114895403,0,375.5961858326668,4197.366039697123,4459.269865736605,599.9126584453264,3518.4200977019027,3363.5665637017546,3514.508905362831
2147,18.872324028967547,0,248.1827401403295,2566.6933872794625,3419.07329,1866.7573323432161,2611.770251541086,3470.0117205856977,3798.196799078851
2148,8.427877215601166,0,618.1600478480544,2110.092193964488,4546.620132301411,4644.812688348116,2060.420323640309,1800.3101861332273,1553.759087884891
2149,12.405788066931581,1,589.6206967606598,2723.9560126263495,3305.7739006130173,1944.2094724374817,4380.819585318901,1133.3451352601896,2170.701158517819
2150,18.25988825108613,0,150.34899075754143,4227.121635967483,1090.795874021709,1635.1377523482668,4344.204616958888,1204.8538153573345,1162.8560557035185
2151,6.168406483927356,1,668.2768850398445,2008.4362131689272,1893.612699973351,2903.991844690613,600.3576720438962,3377.2589865635073,2775.944490506625
2152,5.838324023796129,0,668.1049534777881,1281.927169110847,1408.077267136056,4207.107874642421,3242.7730510224396,4427.929785952067,2550.7733030611084
2153,8.499534313,0,591.0139552337886,3704.0630914885132,4589.7192397258805,964.1604239526248,2155.245009444304,2342.733252554983,4987.232664257556
2154,14.495318293070277,0,343.3720748,4216.901957186368,3921.800302793672,4743.593193405813,2370.474506752021,1262.8407214825806,3250.438937669941
2155,8.898194396747103,1,729.9821464611545,952.8686534,3543.7926600950273,4077.827965315238,4244.183326484492,3904.7112423223457,4039.001704374905
2156,7.853598257131985,1,689.9545817334753,1579.4335074017513,1854.3484383422976,1315.6261499819839,1894.2789718745523,4246.202634887519,2003.066018409444
2157,11.882034730374382,0,456.0531356553483,1138.8739539244725,1328.2014742259607,3704.035825391732,4743.719648,4462.620994,4241.953991042585
2158,14.203971031541172,0,362.9802232338737,2065.736352,3904.0298959501033,2232.3142518690074,1308.3522186746334,3230.741430111799,3267.8823491945755
2159,8.728365605251106,0,610.4456233712327,2526.579405074357,2633.7107564558587,2310.3260513434343,3482.250905,4373.278517246381,3636.4654921929728
2160,9.510367801,0,547.8537622256424,3869.718516334879,1516.052984677831,4024.8054159748986,3524.472801561941,569.3673130178346,1824.9385007725448
2161,14.203389572172709,1,389.93610328006537,3430.1641319675336,3274.798901743738,4832.531635913295,1634.878226425632,982.5611079628559,2968.872762630097
2162,19.18607632984179,0,25.346304004009056,3294.178554,681.5023346230339,1069.9514278123727,1961.3777403524089,916.5923017344444,3353.166380361239
2163,15.121125911571324,1,484.9826795618775,2085.687259743445,1967.7661435771408,2392.836065954687,4256.593216609732,3706.7210791462985,3150.9260411746145
2164,16.74356215,1,362.0773032,4286.513988881419,2608.506475660106,2664.237236379366,3928.123647297286,813.1180259461056,4618.371701
2165,10.502151421332032,1,601.0885213734804,2620.7922532917405,1165.8125034923264,2193.403176297489,1980.931461416418,2733.6396760983816,4542.226990216491
2166,9.083815391,1,711.1674280574409,4905.972221068196,4930.945149158778,2134.3510567230123,2902.8044612072026,2627.181043863301,4869.428260445918
2167,11.814016148039338,0,278.0093254284643,3353.6396223308157,1440.938140653264,735.2090040271844,777.5613331389295,1898.1658560120843,3503.426027031452
2168,17.106992430675106,1,329.4831887743119,1068.1913370402622,1086.589085194695,3584.923792531805,1439.3564707938317,4416.823264739449,4873.613585565581
2169,11.844494626858337,0,443.00204583763434,3542.799029339453,1415.9069324910338,2462.9648770402046,2686.192514871796,1266.949408459982,4246.151
2170,17.700881131847915,0,93.97153196,1962.9680694426454,3960.775099218759,1376.5721118976703,886.8818087564522,2086.0825297965794,1718.7446315298168
2171,19.831579710426908,1,269.3937104091432,3588.4723850874384,2414.7754667232925,4172.150760359307,4294.995597013718,3983.771750103181,2423.460512980837
2172,6.0803999859550455,0,638.1962134973314,813.3851667308259,3044.371728886421,4111.523366682326,3731.0279454844153,636.9004147697791,1572.765989850544
2173,5.681152341255555,1,780.8333314531844,1286.9664672918173,594.5412064386234,2688.762326400022,4746.351517918227,3528.276801108659,518.8872237375434
2174,7.243845543700427,1,622.3130271742866,4350.817665076038,654.9408885799155,1843.0279751649223,3620.601076838122,4173.789768627068,1346.2193891610887
2175,10.765545136015193,1,507.6382200690574,1522.308006605817,2506.2149742215724,3371.417266084036,4731.806175179835,4695.205274771753,518.2726382909404
2176,6.965633137181486,0,661.6492893114947,4266.685064,4174.948594407306,1796.6846109983137,2995.3065006093425,4443.334882211682,3739.273076077205
2177,18.05996716428134,0,223.58912422812438,1756.742398044847,4483.574954184043,1562.035686456704,3200.983749778862,1937.2285257515832,2414.904339745398
2178,5.347193765405957,0,784.3951906975725,3392.9685952641844,890.1795542,3787.315943,4896.369745818174,3138.6386359532867,1906.5862718503622
2179,9.736890745037337,1,705.8222519610397,3623.6775807942395,2922.6339594546025,681.4635787442782,3389.5811608891718,847.8207191770964,3927.744009928346
2180,7.770419442,0,521.7467642663053,2806.946389152738,4609.533588256717,926.4581196556728,638.5395598733597,1660.4150159660387,4246.190485788403
2181,18.973089952362983,0,132.83786157815032,1873.8980451352909,2245.8773947904883,530.5467831,3757.112494837355,924.0007043637833,4888.847924
2182,15.04221507335042,0,321.85713649241717,1456.8996936699325,4233.046241427659,1188.2443391394177,4574.609115,1918.3428056928374,3389.0611310385852
2183,18.680453846770618,0,122.20461373633074,649.3520955,1101.630444797463,810.4550391970675,4080.111124,4438.342461,2576.8803134302325
2184,19.58493065,0,220.45408143166085,1867.758805583257,4709.275203505094,4981.110655009634,3127.2497268144016,2062.250778534317,1873.6893572334616
2185,12.456473655160538,0,470.0137653413244,3439.2325573907738,3881.404928890862,1799.644864793403,3520.8658089208234,3028.541463506419,1500.4319414640183
2186,8.514786620720393,0,601.5640694963332,4722.371683018172,4736.004767541058,1171.7060570116128,4955.863051632523,2450.2138165172337,1458.1667771717055
2187,7.905931793,1,698.5259107836655,4420.420170183734,3544.777550986279,1584.4831609816308,907.9793982920224,2565.1243593443087,2341.3521862390944
2188,8.343782925287607,0,698.8111240807949,3947.2914944088616,2135.3176939974214,4712.565071930606,3502.6017288495777,4863.074233264512,4963.038598795684
2189,15.628899614330043,0,283.1923826821546,4048.013044639844,4721.815276361251,2840.7210036097804,1775.2896255676721,1832.6951071873607,503.8416384683147
2190,5.606685921845011,0,697.1940871400353,3492.4320656419786,1740.0504933913032,2141.6814333853563,3380.406784637765,3322.960112854271,1387.4265375395034
2191,5.770416095490723,1,807.7091287529591,1671.2908590470136,1994.7763492777965,4430.261560591487,3234.3060914777243,2390.2820131075114,1347.7684208160822
2192,14.12214413574725,0,276.0368242820625,4582.3776381762345,3653.6378810078313,2277.456217470646,1190.5557444867295,775.1578147,3727.0376848953156
2193,14.630857201061097,0,317.7880394145848,3518.295403576253,3943.923347864238,2007.538564809631,1430.359905831076,2701.9887423090618,2086.181274191278
2194,14.97894386,0,334.2563227018536,3021.982839,4682.315677321192,1432.771351,3297.3331011944606,4160.044980702987,2557.6736206631927
2195,10.57820756882887,0,420.87330499298866,999.4526114606649,1421.6108407529427,2200.085707592352,1077.0347628669836,944.3883590675977,1168.8085871145722
2196,17.08917333,0,118.16862896851784,2511.7499471289148,4090.9911584865076,1925.079602076167,1693.3139380864527,813.1633132833904,2322.4866749462644
2197,13.004368815899264,0,349.5744445936479,2571.6122204086682,3823.4572402863355,3547.8678168416345,4258.604964821011,1191.3418417696998,964.3991535762623
2198,6.581984450141292,1,713.3528796281187,4390.536242852015,787.0755031411904,1803.122171018272,1971.9117770073738,3939.8005012518774,2898.694795498624
2199,16.95648960601018,0,174.1964347560752,2959.916990845048,2242.5041354459313,3097.3988589015266,2696.270703213483,3757.9792286513207,940.7226442228517
2200,19.296016794056875,0,160.99679244662818,2211.8024703668434,1772.4445567704436,796.5147426438772,4735.131508156282,3042.5799600774976,4057.287715279203
2201,5.900544695,0,687.1922819878196,4895.601478297967,1870.2069095931367,1360.8012051343146,1522.1708997662583,2607.0188184168455,3049.707728932203
2202,10.87027008,0,430.78941542839846,998.2426699684206,4923.260957996154,2333.3237222510697,2253.3170781110466,4497.466166161799,3757.855431980826
2203,12.312740672521215,1,541.8926431942706,2401.4679274037508,3392.4983606596757,4716.271642589129,3229.0599899459553,3950.140207250671,2383.3237399370773
2204,7.197061401174754,0,654.1090330310875,689.1110382713238,3729.542710070748,2197.6339357206293,3899.025182767875,4153.740130858123,2216.7108195900228
2205,18.01563421674316,1,313.20080584706324,3829.5685434511865,4894.779367917541,3488.3335453992536,4557.440240207174,4159.680356077944,941.9400007198863
2206,9.262244673350661,1,763.1219308625297,4631.344484896178,2197.408021059374,1647.8925008962917,4619.628444080819,3392.227196355011,2857.350231692702
2207,16.745128099072403,0,336.50793182807917,1760.1679829772024,4108.280758037627,1071.6510918795427,3994.880334676803,2561.0658094217565,2815.259741856914
2208,15.06491723042474,1,410.4185482878568,4362.537545596044,2455.389334870229,763.4147003602257,1527.488764669897,4391.049886635426,2606.459200023224
2209,13.970687337005351,0,276.06195862381696,1814.9820370785399,4412.901523167409,1874.3607434423811,611.6419851915462,4667.033379214628,3832.3326410710215
2210,7.882142730448316,0,608.5848145,4598.465727397618,1312.9589359008642,1209.4746205860858,2226.982686600307,607.1271946625436,4246.269800145596
2211,8.310552808263585,0,460.0426379276914,3892.828566185528,4764.587796789258,1283.047016072559,1136.969829445205,731.9969296981309,3878.5535372682866
2212,5.710226071,0,785.6413655253897,4122.080495786474,1484.4726878489587,3923.4168877412753,3696.7444134723414,4814.344836087967,1147.3958426307972
2213,8.610686446733995,0,553.7148117664772,581.0295002020453,1967.992281414192,571.2713193,3475.0876407157257,1747.2227622988764,3299.2677917694864
2214,10.18165414190771,0,427.22050107443715,4832.6466068331165,3902.8650534805124,3010.145565809455,697.8723872965468,4430.162478422384,861.4539756029002
2215,17.49717955793638,0,250.58322916984991,3770.0194643164546,2271.898137,2207.5762126705913,4264.672006,2249.5780353263117,3625.8002934821443
2216,10.49589000072208,0,432.4002146,1871.379929,3236.951195,2779.4749995884627,1619.3446983103202,1035.9502592421002,2218.275935
2217,16.319326741484097,0,248.1442015213043,4232.275991864812,2500.5807548124285,3032.736067465713,2445.02184,861.9944009420042,1096.2453031982898
2218,11.591634219432313,0,473.78534384399524,1766.8453928671847,3840.6647169040184,1910.154625057752,3505.701809550841,1204.2855458620543,4379.228856392576
2219,16.773024679908325,0,251.3759656,4427.392278047576,1527.4906356587487,1827.9898708292837,2432.384541,1624.5193769031412,3263.037525675218
2220,19.64407401,0,39.06935296067619,1006.6117568537165,763.0609425659466,3800.3083220070757,2485.795112599745,2698.332592688718,2096.2623557638735
2221,8.597623370863701,0,433.61623390381345,3666.586898573581,1849.682288628798,4420.746446545207,795.3259790108317,3656.740552546026,638.2723084272479
2222,17.935124179458143,0,173.96120271937005,2933.1431449020965,2634.388991907936,1366.6173460633754,2306.495971670017,4938.793594,2917.8961655162475
2223,14.32736129458662,0,351.22759578760747,934.4051158794837,1256.0902348670536,939.2844224081703,3941.8155194899255,2486.780345,4654.516453188046
2224,17.259413923829822,0,234.82544519628124,1588.5222271647754,2096.587803453749,4540.081128764117,4618.293517,2831.8322405439944,3183.7092471606456
2225,14.77378853401708,0,356.42042158595547,555.8181632479166,2299.9235823210583,2074.529586413294,2360.737116785173,2848.1706562246504,4872.427720787719
2226,11.359242609112252,1,505.96143834263034,2609.4558445902762,758.2632965972309,2980.9282579826636,2406.1362209558547,2927.454599695712,1114.0300322170633
2227,8.421124091626854,0,554.2101323,1855.6936734200017,3124.8826168289206,2117.9441503400158,3661.8219784564344,2829.832957,3057.372970676766
2228,6.050528379967475,0,651.0977220824309,3192.6086793399145,4479.545425870794,1066.110513557231,4742.474004973745,539.4863977786302,4091.5627160289328
2229,13.032775466910755,0,345.5506151,1837.5701346887774,1182.843108288736,3151.992402264776,1701.774231077121,507.76169949428316,2864.9332900657228
2230,19.854891417902984,0,86.06365478179671,1849.636001781431,3190.136060306813,2863.1338329633336,2480.648929420716,939.4984315675531,909.7986019436266
2231,16.070627075213096,0,200.08843110248978,3844.3693942922155,3491.326422098808,1413.4710163603875,4081.879595985355,957.0047154313047,3122.987007
2232,9.910183120985248,0,525.5839096142239,716.6427619025906,2387.0060618867974,2533.410701,3243.6210621831733,3672.036090296582,3252.8205762911225
2233,17.40807200130103,0,210.2505802147318,4563.0274783639425,3654.939143139215,4086.2637680704065,997.6385478377963,1422.122146321999,3779.1916181390866
2234,16.53476,0,272.86436560252116,4335.187434760317,2348.291945709554,3156.917463985511,3324.7973100301956,4526.213471400258,3925.4518182446327
2235,9.224536900301851,1,628.9747258688767,3505.121074518829,2770.867795898457,936.1279718014769,1340.358280687971,4678.728483096587,3968.477096947732
2236,5.214612347,0,698.0320512812502,3169.4970654832296,533.0887004949215,2966.096737531108,2795.9717033528186,4891.520020531544,3485.499771375347
2237,6.772439578009244,0,720.0110611350259,4515.361241628435,3612.7405136060997,3662.322346803141,2880.964704471973,4725.865872,1471.1503388839617
2238,18.159592854680863,1,397.69719076030617,1333.985807879215,3476.042055,4067.165326013381,4442.915130012432,1723.4974486333608,2319.0609012776567
2239,17.548445529573076,0,234.52295028929726,855.3612298587287,672.8039479685506,3331.0291038542005,2581.2242330559716,2793.9958011658064,3992.584876764794
