MMM brand data.csv
Week,Price,Promotion,Sales,TV_Spend,Radio_Spend,Print_Spend,Search_Spend,YouTube_Spend,Social Media_Spend
2240,9.428135013175437,1,570.2810539,1577.7957645929214,2157.1254832780987,1186.9617404335268,1757.490900061524,1289.5473658862345,4790.421425
2241,9.277931394266307,0,498.04962115530947,4075.602254150856,4905.643283562503,3695.779699655723,1539.348566972142,4127.943448,855.2613418
2242,16.89297480653707,0,268.6777497989745,656.0162003,2393.3145315587753,3548.0383073668236,4434.133445079513,4497.942673148433,2909.9150500873766
2243,19.06606204843133,0,76.82020257291714,3122.6307578757032,2758.754323093288,609.9209732328495,1269.5488448820279,4330.799776838817,1906.350220959379
2244,16.687058851963997,1,325.91890596522825,4979.468822860895,4594.685711718734,2352.864504156094,2416.408523974147,2450.151269135757,1514.272524425734
2245,14.083680155461423,0,335.81766961836126,4350.632422268927,3727.678441395904,1998.276111,1342.2790171712613,3914.0324810905145,2776.1480758387174
2246,8.640070254977068,1,737.2501096787151,2846.5056006961527,3119.315590059006,3512.3542891413954,3979.8681805146894,939.1062630932124,3227.4020325044153
2247,12.88621871142891,0,338.7901597590399,786.3840917898906,4090.1210660348265,1472.6111553991432,2634.6768798857856,681.1014677866281,543.9750413876657
2248,8.502677879,0,594.3700199430518,4241.180814735694,4389.648199,3158.923653384163,2080.146607505654,3889.563864389424,4010.929574905359
2249,17.120171301451606,1,352.26584586470443,3195.4032867974474,2555.9963228177007,4609.426828163776,2124.9483828191005,2414.0987344790765,4189.469590667514
2250,10.804416192766059,0,538.2861356684889,1017.1984867680508,2637.9876421932595,4090.110674938735,4334.963930253407,4979.971691328061,4844.798710555699
2251,17.505458254910394,1,333.4392049091644,922.3577817,2237.229210433261,4646.559812974387,2991.9827943249716,937.6439713498958,1312.8967995111273
2252,10.72413826974088,0,552.7937608457107,4593.320687464666,4850.1776300830725,4903.276851197105,3730.405330090686,4350.324566908552,3175.486530624266
2253,17.36224107799837,1,354.66311765138835,3511.4011832213528,3637.2481443065767,548.0155715277324,4536.6733231280805,2659.923794880463,2419.814180643775
2254,9.999767227478628,0,588.3913896474462,4231.790597,874.5037979363253,3302.335743698649,4557.837542,4222.1758797674465,2006.725331999078
2255,11.601990569265048,0,482.8823267273923,4455.405051270203,4383.318304908583,2357.7772899150787,1978.2907445203841,4177.072769765651,3045.350531468771
2256,14.232326290139863,1,566.7354364710079,3072.975584,2662.519733763206,4369.345206508047,4786.0306841587335,4621.9640061293485,4020.723919505976
2257,6.05431421,0,614.7043294650421,2828.5085828976858,809.3925789011936,1633.1661590410927,611.9414690657245,1840.3250507874625,603.7375255034456
2258,19.223105927231966,0,136.67858828105742,2436.923346444456,2973.727648,4914.632701017843,2195.7600245727454,4774.097090579014,4862.300507
2259,13.604086791857048,0,444.63399221795413,1926.2596450600367,2377.2392553906593,3261.685862946863,4531.094858789787,1182.5013216092912,4144.467135675699
2260,12.617300220362035,0,371.2252859999709,2455.6818238642027,4449.872321881812,4070.918310029739,1735.865959176423,868.8594991707073,3880.1916664051028
2261,17.59090956679868,1,327.7350478716866,3982.458450785704,1417.9757162422432,885.1979877024575,1728.8665264459325,2442.269828175571,3921.7432198122656
2262,17.98644094845241,0,134.58915669148024,3208.655439568092,4219.090742714823,1325.5604814148928,1861.8002828684992,4227.453358888291,2250.7731932839365
2263,12.83390606793524,0,447.28386211714803,4516.354804796807,3009.5991103345373,3912.8165286539142,3255.410232,2630.395087850505,3882.2924788016617
2264,18.90893488690456,0,188.45425830712438,2495.210064706345,745.7463644606107,598.9393491769563,2472.4974902645918,4231.790048887313,2240.4659387133092
2265,5.9710664911472096,1,865.1785503734633,3231.903104234393,4873.303855964681,4175.950936522022,3770.3067635900416,3783.5906260743736,4544.180733086569
2266,6.698386883768263,0,655.5909996604885,3340.883988913949,2806.7685984643995,562.7705841136016,4527.097891540996,1442.427737625201,1297.5007248791135
2267,13.951823450216603,0,419.35084887378116,3162.6372303784647,1808.9458440421213,3457.034776,3533.897187242873,4769.967312047587,1815.5634089681816
2268,10.310987926903756,0,495.80157136058006,3661.8519788848234,2612.3307889516614,2142.9226410431265,1420.1002408890897,773.5152588323153,2981.018942145842
2269,11.963377492837981,0,476.0403648726696,1568.4506076866282,4360.360025828701,3251.726837236396,4697.068561,4542.258683947077,1936.4496614927264
2270,9.921188268457499,1,590.2414869933535,2805.636998956058,1872.0640597327858,3632.141331451012,1690.2179300636533,1869.9955204566832,2409.067604
2271,11.070879671674035,0,364.7199366643319,969.0116126375644,1367.0437841901514,2041.138486338369,1174.5243289767116,2750.666374239797,2715.902102293676
2272,17.33969520719449,0,71.31340955387078,2230.3009744016563,1080.8206111889665,985.8310164987599,904.8527548743241,2400.583427153305,4353.59007
2273,13.90214299781457,0,220.4290702315916,2694.501809,1840.3672927559505,813.4064048671954,3035.226832997745,1273.2555061261228,2854.3651412391177
2274,19.960168239252475,1,125.08424497437335,3435.0091679546263,4010.2163916801956,3150.212101531465,1011.9310811629332,2111.660898807619,2131.0693187655224
2275,16.803187967314443,0,172.2683924038088,4777.389736637916,2622.3186433786777,2842.949091803502,1124.4914785068383,1368.2049633175789,1614.812738158021
2276,9.104993812,0,420.4160477860624,3202.9297994676012,1523.667217,3839.9045410450963,1850.137162679735,1417.4891395723573,2339.0419045648873
2277,8.965176765900443,0,428.7269966846484,3846.172622794519,1247.8324982438712,2793.809795017717,1767.4385435800873,1341.7557621187116,2820.8124698646648
2278,10.038474051755106,1,567.5424648854589,2778.1972677284125,1997.282644296706,2401.006055138956,3219.077796,2700.578211559674,3857.5168574145637
2279,17.64889220971614,0,268.6192969138522,3353.4681411934907,4729.659678,2291.392302063039,4175.353757627066,4090.691154,1044.719492775524
2280,5.409314759758484,0,715.9462205069547,819.1949726019805,2043.6202066551098,619.0110616895035,3926.073452913016,3060.3651519255845,1497.241347076179
2281,8.452719183068865,0,580.3560990853771,1644.7621137883114,4946.558341795859,2010.0074076349572,1681.1800462241454,4519.429648478788,2208.4430714090295
2282,18.573776305164003,0,88.42364041,2128.338919423124,2683.5370509441027,4892.090708860224,1603.8972409369096,3364.450198595259,2121.7928230378157
2283,14.59844654124878,1,478.8392728861728,2626.2200975293113,1306.237632305679,4431.000093021899,4846.061885481355,3602.03052,2262.8663942234525
2284,8.402706432515846,0,576.4989114,705.4193547607268,4510.130413070792,1982.2013016539795,537.0630871638206,3504.232533771514,4070.8456908814605
2285,8.287174523488705,1,713.5505728380799,1130.1084389899297,2571.599179106721,3145.0793227986746,4458.742398770972,2522.5663693268352,1958.694813329779
2286,17.939271526391458,0,180.65129340826888,1745.664385060876,3693.521046,4312.835354909723,1398.7783360508224,3602.0246999003725,2758.541811811991
2287,18.406362624155697,0,231.36862456583796,4871.897109054728,4926.702124441183,2485.734515375309,4762.779453903955,813.6848591103253,3307.5816478605343
2288,8.841966364,0,533.7391008,1991.0615319637284,725.7890764,580.8103868756793,2040.3827817238387,4369.331623620485,1544.8034758262231
2289,11.307655371147984,1,551.4973341816642,2669.184761504371,935.1255190440521,835.2970781838803,2481.582982519635,4000.1546454976283,3734.129242163925
2290,17.518936079424755,0,245.25591026795405,1382.4397073227683,3742.055336582403,2796.7672460691797,3682.0427627497143,1603.5348120425547,2962.0009388222643
2291,16.56511157914828,1,347.0977470383193,3248.510319840957,1768.212514829624,4862.477190541453,3144.510731629671,3956.146044143371,2510.515233641201
2292,17.208741598491265,0,177.23377605093543,1763.0744698218843,1329.3562862754457,3619.442939984905,1930.7269836807027,556.8917063000832,4144.028120322412
2293,12.775972861819533,0,338.57298445742856,1431.4666029729206,677.1284591887827,819.1228614735628,2992.239121405206,1477.6095761639617,1595.728666333319
2294,18.673235724577598,1,181.8883760457695,2824.576828006906,598.3102039379081,1352.1239410633825,3788.180979632988,793.1175740190317,4474.291867764454
2295,9.889273159316529,1,539.3738294287515,524.7760962218937,3985.185214039059,3970.954144475825,690.5072565612145,4011.021124780526,3024.7193091501667
2296,7.350082015,0,442.12397215790963,534.4881469215139,1104.9504231629749,4286.478919803101,550.3968736506686,3901.4336803027422,3241.286957208462
2297,15.630984988472973,0,282.33326874747416,1485.809641,2604.742771870179,3279.6256378486587,2561.301225828011,4161.362107108238,4437.765338760242
2298,13.090316240103446,0,325.6737137917669,665.2461312536951,3226.5356683076734,3399.9042633341746,1093.264780115814,520.1676199648798,4179.122095322012
2299,17.818786532142216,0,181.48061233118756,986.1158935881112,2427.583102559808,627.5185267252309,3489.549311591215,2755.547270052836,3207.0293096985515
2300,6.217388736870724,0,621.6295206862154,2024.8729220243822,621.9799355,4228.386168116788,1463.2360530234537,3671.762888828014,3889.3446673167837
2301,17.655386051571003,0,183.62593989325475,4111.6355581091575,4025.756762,4047.238436768733,2447.829980580519,1199.3050793255695,2449.9377060480356
2302,9.399419798132332,0,445.6555967684957,3074.2188951618537,547.3095104374407,1665.6581484650621,1389.5192159342103,3424.058273806811,2963.1998907488583
2303,14.822835007522745,0,270.3187534432912,2807.0047668038737,3928.504524698678,3689.0452398447815,2968.176136,878.4954468935857,779.3156151883002
2304,5.601931836173836,1,627.9945631356894,1820.6997044365473,4519.870222046552,1466.8457289124913,1022.240567,1315.9663524694092,904.3606310002108
2305,14.14371944455401,0,251.3163003590717,4692.891737447674,2447.7796447572755,681.4857247318084,603.9808375436612,2641.0856674757047,4232.414318838494
2306,15.759075337810039,0,142.13109346946308,2286.567685567363,2909.941128940092,1405.1144416566976,730.0923714801373,3441.043187064959,768.5224505712349
2307,10.531253217584304,1,535.5594706346354,891.9174505809717,2646.425266779442,1303.8299453943478,4794.162986818895,1156.4110712925324,1262.2960653467328
2308,8.231160578932103,0,457.4173653,3276.7993225301057,2251.4387838054745,2019.8659853068125,1140.2879837492112,1333.5049887392206,4081.246965276987
2309,13.064460149053176,0,269.6822288128572,1012.2727706447064,4493.410409166621,2383.0227372895615,3688.1521391157585,1420.0086517954835,505.1567778271533
2310,17.497862066534697,0,75.13926581067726,2053.504142607614,4522.700798014957,2788.4250117396855,805.6679190027181,1574.1536211454031,1770.8194798063894
2311,9.853210374449763,0,402.3192381863733,2783.353724,2011.1736408869053,2645.3924397874766,986.7215850583198,1519.4923183683104,3128.173960219798
2312,8.787039462819193,1,631.0003488966423,4434.001361083291,3267.8138930661407,1718.0357268438022,2789.943131342006,2278.170988239365,3179.5246916118344
2313,9.184029629565316,0,604.8583757331598,2720.959611530534,4671.084029656388,631.2680085833351,2591.9191856945463,3442.053428765253,3997.1880870326313
2314,19.236982293749968,0,194.4627810569947,3660.1644471424893,4829.263245236082,3222.957300067178,4782.111392479414,2471.1430241051135,2776.668145214767
2315,10.389153736468394,0,560.7080003011752,4967.675775495816,2790.315681899214,2280.8517343130948,4751.759538593318,3991.8825893744965,2792.3084128893665
2316,5.054063598324308,1,875.5987894484662,1091.7010395409175,2537.7116237794708,1844.0247082439737,4008.238891441093,3736.7082767687666,3763.897589933152
2317,16.725218119394295,0,262.37968923053023,1736.291864837838,1754.124421678366,4401.2346927373055,3209.458235573074,1069.3711132208405,2743.8100846982757
2318,15.489121930030853,0,322.0718677057512,2275.592340189409,4814.923429356845,3860.344885091719,2547.3214282685494,719.7873049433476,3238.2098895362756
2319,6.928523969044534,0,640.3339669075214,2398.226803424741,1142.664370127903,4359.9449676759905,2102.8034044778947,4450.737037998228,4539.983307
2320,19.773563737023686,0,118.82592702742733,2349.594838694956,3109.2330922147626,2727.4225762060746,4761.893961389999,859.2397995329304,2306.5295342556738
2321,14.120934279576668,0,363.0398084394692,4584.249511504497,1771.476203833875,1089.1906345704988,3213.089651411085,1167.526313238709,2233.062819
2322,12.511692364109022,0,269.29059634038526,3713.146900100854,1755.5373065650847,3632.996462545726,3105.8263745869754,599.5997400115313,515.9704634
2323,10.733289014343367,0,389.07536808860885,3235.573463408167,2322.358643192848,1427.3320097172887,1543.5550479601168,3327.513643843942,3260.4181768455437
2324,18.480091333454567,0,-15.20988696,1892.1772303825194,4994.5682111704455,2485.5335109127254,710.1401804830089,3120.6675342125686,633.9735833320939
2325,8.659452221,0,579.2725436059225,4207.056728995826,747.3483807791993,792.5035502699982,4753.348609,4941.066499,2768.668203777423
2326,9.286533503298529,0,592.6029367617259,4797.772302,3103.4381819158916,4213.887810903421,1911.8086648009426,4491.195783427274,4119.052050645019
2327,6.836162100298504,1,794.026694,4195.392271476019,871.5747111587473,1066.7328847137526,2491.650604960064,2348.7942986640937,2974.644817338484
2328,16.386786433763902,0,182.2731344301051,507.04297336162807,1195.3437349573355,4563.938781721894,1015.8797461356808,2172.1362841064074,1713.362743475042
2329,13.93323921,0,438.52301683027304,3363.806165825332,2478.033237978044,4389.037710177007,4266.159484591813,1835.8341542599328,4037.7578965221705
2330,14.135992538817474,0,250.61051777838904,730.1092164894533,2797.070591058986,2590.6224399766074,624.3432478516878,1185.8311401704661,1713.7265183714248
2331,8.277056465291954,0,536.2950701437723,1659.2324915017484,1664.565837640358,3849.656919367958,4252.958429445935,1121.376454709041,3798.643014256544
2332,14.767525836906257,0,204.57558846124672,767.8611515649726,1924.0570889348728,3287.502832,1131.2825575458505,1095.2766860432243,3246.1630483560407
2333,16.48187670870296,1,287.7418586352082,3217.079538272245,891.3515911516988,4113.840390519852,4489.538506840185,1013.5164073405035,1264.9833353660056
2334,10.368327960885338,0,498.7339927665809,3589.6546107167305,1864.4890272991274,2443.122953536604,3783.976868012708,1582.304190824916,4573.102436798836
2335,17.020207159425684,1,242.10431538645807,1015.1943712965731,4849.512977212448,4036.138179099575,1241.0161812828728,1880.0088364090238,1402.8965733073805
2336,10.231858827980314,1,663.3226801357806,2227.274973702408,4751.183217526168,2581.0556767931657,3046.1809678676063,4827.105369675121,4953.141833633014
2337,16.372076922639316,0,200.34902760262582,2553.064290299939,2006.9523056164326,4734.346045292572,1906.9534145984876,3103.129629508486,532.8971989472335
2338,5.505951611865784,1,687.5352852,2160.7385979241244,3068.842713254427,2688.674453713164,1302.0489451021256,4944.180985309764,1685.6751971430638
2339,13.26746902210479,0,340.34673395058905,1044.6125021833686,4593.17926,2581.786723701783,4366.3198973499875,2176.1012652155296,1399.371337733895
2340,19.54289841,0,30.467983916368496,2385.2650558436394,527.8272019,4032.8233770358074,2315.8524492825322,2559.3198466524846,562.9703457670819
2341,19.71866901023586,0,88.35138746103571,3880.3012151378816,4148.076066519163,4197.099613,2293.446714644221,1960.6039662437563,3795.655551
2342,9.226288675,0,474.43361896113606,819.5344903996496,4767.662987550136,2995.2010144452684,1264.490037,1322.994429034487,3620.4161094481833
2343,11.620986366205333,1,491.0070233853178,860.8100633685656,910.9658045010068,1309.0901607278392,2223.795542386004,1144.2411849991063,4065.5793395971873
2344,5.944668619799495,1,735.7655583656427,2096.470813261929,1226.5145871481445,2604.912039309108,4422.275808479826,4752.856390135244,1655.1434590905435
2345,18.100119614068994,1,310.85420740000944,4737.765702285163,4823.358362471099,4856.326263093552,2134.0791972033617,4940.6480680944005,2499.5082518733648
2346,13.528582297103211,0,453.1257255339215,3508.576910253113,2918.9306463815583,3888.437868676333,4782.216031249046,702.0927342892919,3466.0108472969637
2347,10.776510184107757,0,523.3381655889532,3554.0148050265416,563.8848551227567,4150.231717456095,4758.390046437744,1176.5564362929495,2478.958267496646
2348,6.691558377337296,0,578.6845150370457,2128.6399587703927,1659.3439944358813,647.7147446865806,1152.0439668830572,2405.8584153546017,3637.965966430621
2349,19.201509282453337,0,86.75947526075056,3171.4735604384227,2524.7465342098685,2605.3675818537195,1297.900640851902,1338.500643549833,3352.8803379819897
2350,12.953285717314905,0,403.1632449876495,545.5903281248452,3618.0900996114547,3409.795101458999,4382.033316493501,2137.4617713209745,1015.9151135997942
2351,9.243918936243558,0,572.6257241047986,3362.432209,3799.2217016155982,4235.147076326336,2267.4241351612363,1080.933574,4014.694044846356
2352,10.253226951972643,0,425.99174736631153,4609.791264093065,4979.396808164553,721.7314411224716,519.6829203,2554.302905248056,3743.0436159163323
2353,9.060457713832214,0,491.2672084597252,3256.580607551686,1793.8003972269155,4335.974985,1732.4231886741695,1722.6257727616667,3451.254744278324
2354,14.02714713285471,0,328.35361242013414,4431.6436705985525,2921.9904584081387,2967.8042153386027,3189.3304693800196,2083.572750913974,1197.9212282195103
2355,18.94945363670765,0,147.4841158653925,3757.878749597422,2899.9559653682227,1387.9128675922698,4096.696846819856,924.4069315823642,1705.9840195791364
2356,17.850407049898465,1,199.47405475190135,1042.512873816606,2325.403667512569,1927.6484740236501,1100.248776919668,2426.5762281956377,2269.296642144202
2357,11.905713131389662,0,295.97287887993406,4561.039882786288,1261.2285222908909,1768.6829828820235,997.4361399,4924.659249327065,1759.6832974539955
