MMM brand data.csv
Week,Price,Promotion,Sales,TV_Spend,Radio_Spend,Print_Spend,Search_Spend,YouTube_Spend,Social Media_Spend
2358,17.39749043451512,0,209.50982871630563,798.9972996009869,4898.554534327292,2888.865654298141,4649.416941075492,1979.7487109653564,1525.1463080425915
2359,11.346582219144949,1,596.2172500806423,2902.853626464937,4339.927339999637,732.5855596000932,3880.167655201622,4443.931736790957,4124.109515727991
2360,8.784607111,1,700.1666365,1139.6170570705594,2742.4986273240675,1213.412713249656,3154.008203501353,4294.396137306583,3372.0451086209105
2361,19.751226728996418,1,238.6667822955123,552.6797482890682,3214.604402078134,4157.118695,3961.340554981676,4784.262882337448,3044.6245919761263
2362,9.558313519562327,0,520.4664662028542,2399.1541705743757,1522.6747410184803,1096.7179583606498,2429.844625879873,4055.492805201925,1516.7871988396423
2363,9.855863464803626,0,575.6792001609322,1827.683184443703,2947.041816762861,1550.2832125615714,3913.0508628910698,3468.185721764667,4631.344530208886
2364,19.845393016797836,1,204.84473324259218,2687.002222089214,3627.3655990466414,2540.1677252187083,2173.1134607354106,4354.629999023559,1360.3236759379233
2365,7.008912397484823,1,772.568735,3097.3994903054786,2818.2516277396494,2827.043996509987,1598.4255762167106,840.4010629580735,4077.279197711047
2366,16.408009820145427,0,314.8023906070135,696.8258253902632,4956.283267632236,3936.2471582637136,3780.5603958183588,2582.737957394635,4850.027000173819
2367,19.037191377240898,0,133.17869758775265,1053.5148280568553,3251.0374531147677,2512.995919997845,2388.5253147077074,4951.653073767765,3771.9172815090624
2368,12.67692491413128,0,495.05575989256926,3013.890784026914,2169.3817066647607,4054.3907946599247,4916.196969467876,3963.200680826295,4967.864488330833
2369,5.037826425542301,0,771.6292315689876,2044.253089276962,3974.6841242712717,3282.5583817045585,2072.6833203864544,4829.339201167504,3429.7300264007604
2370,10.625884161696593,0,553.8520138259414,3781.280693972516,1267.0813021173892,1008.9488274072011,4647.773392389797,4008.354602600656,1478.5715462175276
2371,6.673534885772407,0,666.1582307638954,3435.3124186637283,2230.321161678199,1203.4914727677738,4698.331468551858,4436.968853489649,1417.187721724301
2372,11.242814914005436,1,513.0845781395161,4305.219633454581,2061.315276699136,2466.6517645239687,1588.3382617913576,3679.3833453643597,1960.5392791496436
2373,16.85040142463427,0,185.31262394198865,3616.217720011514,2443.1319279849977,2286.0022689006782,4091.995317,3922.2590198775792,532.0850909945273
2374,11.580673233257007,1,569.4801102935712,2434.6898482556667,4018.0092166792683,3845.9492133678255,2448.835273150543,2854.301044277753,3567.643115372756
2375,11.478876820188837,0,501.0053025512817,3528.349800774946,2678.7786447353337,3113.317129088083,4628.8612725365665,4659.069653663598,1709.0050308252241
2376,13.35184215,0,412.1958061896323,1739.2152841493835,4073.065026196832,2246.5988645101215,2525.5592268585747,4212.675097805128,4168.324545317388
2377,13.725358771215204,0,393.47332108858814,1878.410744501957,3094.2000641293967,1268.4212755267354,3849.3667280181476,4297.482345495345,2116.276927516851
2378,17.844444631984572,1,341.1976568767609,4050.43322,2039.3124559589992,1520.766960464728,2601.3533412370903,3528.5409543337355,2659.8042205849074
2379,9.625331588434271,0,591.3343551402694,2508.8878238071197,4144.904346575626,3089.7545831107655,1525.1034007078529,1870.6097618926206,4845.600124521662
2380,17.325068965520238,0,171.7172855533918,4092.711532332586,1572.3035174889121,2405.474622049066,1397.0755802510885,660.3340793,1589.7745537127469
2381,13.48900623038071,1,512.7564592,4200.9006815072535,1509.7234090990796,2817.1737898730244,2414.4403741535552,4710.448082,3745.643438433828
2382,9.507943245757204,0,621.2871432726465,4359.030519475777,2770.263158246761,1268.0484588600516,3899.725956563967,3137.541569624736,3898.0300518743775
2383,9.426890660091157,1,687.2905428193009,4624.858561285433,1673.821607,3483.078135550546,3222.8216833134506,1841.6433701666313,1494.4917088563584
2384,10.417062756585867,1,573.9662976169974,2439.433492309833,540.8916572804734,4336.424333851852,3598.8318045524447,1171.1079853139202,2754.485765
2385,14.340398639299632,1,424.47514527842884,1934.9006824451249,3417.338872844607,1660.7277805410527,1770.468578293741,4232.854244753396,2075.9086639083575
2386,8.462175970399237,0,596.2377770143185,3119.8943596735126,2799.922196625791,2711.8140162432196,2666.459056809225,4264.340875014104,3973.5780953004014
2387,18.80500342508401,0,113.68872647500412,2170.2759054693242,2504.8301652192254,4889.872980594058,699.7786923619715,4165.285856587392,3301.174935630668
2388,13.623688762668506,1,545.5997092227086,3204.8337506010485,4851.358315782419,1999.5878324782743,4178.895871811543,3402.872113850538,2641.923746872462
2389,18.80023665,0,290.0965266632969,3675.136381897211,3070.3963278331116,3177.708552156925,4954.514730079436,2147.069244163442,4007.134692714732
2390,5.6960653786873205,0,721.7852366788466,3597.822583214616,4385.442100052231,905.8806509010997,2330.955781811019,1868.3162815111564,1558.2000650378766
2391,10.13917056,1,507.82449532483605,2185.487991590546,1127.5260629232207,3227.067511157494,549.3364390919451,538.4964655317658,3891.298462629616
2392,5.342114910314346,0,625.8761958111177,1250.8709076443877,3061.4290840824247,903.3429798707806,1264.0668779792632,4251.234014097081,4394.184404
2393,9.083777226469547,1,699.9290377509408,2437.382023079934,4405.908320289063,4816.559458957199,3436.370949876885,893.4471387213911,4453.7971856340755
2394,17.930097084028823,1,367.66442483053385,1141.6736483685893,3123.975907759541,3720.481934325401,3254.356931917366,3338.3974911834543,4026.531168588217
2395,5.549145737633013,1,826.8498166518358,4505.436658327138,3731.0638015715067,4046.719046610679,4045.391238134948,2768.3372607803976,2336.063751492209
2396,11.542206498736173,0,446.6630011026895,2056.4485733203583,2174.196055154933,3668.469623472366,1642.4780493248068,2870.1021151685804,4918.136102230222
2397,6.763506057098416,0,708.1053254212901,1195.068862504957,916.0228266667998,3153.780662344096,3936.3436199621033,4670.2078038849795,2208.1713972009793
2398,11.252609888905516,0,464.9558418473583,614.5149195758789,2560.5513280718214,2524.607514884774,3595.928096856514,642.2675507205895,3373.8142959609154
2399,17.582773763965662,0,169.77365305436152,3406.2007382891793,2275.1572587748587,4362.680208924781,1952.6652397122948,3980.2650108294756,1224.833801312609
2400,14.346065501037787,0,367.56714062134205,3366.0604285463446,4401.770820705263,4805.760503943784,2954.696666256329,734.2357926528821,4912.020043863768
2401,16.05134517997135,0,185.8957607412106,2032.7187496158126,1597.9788605861252,2745.6627780683657,1162.7321382424702,671.6912267091974,3667.9366483909844
2402,10.236561731743715,0,509.3430656854022,822.7034998144295,4850.304023907986,4691.907721198679,2536.540265460122,2434.1796416362185,3890.1989536086576
2403,19.165965425152123,0,104.04518027902579,2343.330027028544,4811.621539120232,3124.998094948329,4465.388028000384,783.8382845433503,795.9951653501507
2404,15.638931406692501,1,400.07336140570453,1900.478727785271,1614.3423938214742,2922.7288410339493,2395.3612092142585,4051.1477808181044,3935.380163993023
2405,11.326982289267963,0,526.5763126313714,3547.042878807542,2066.233799647942,2545.172298299105,4278.050179139399,2883.0339214175174,3986.255431492706
2406,11.396972003405825,0,499.4127041595695,3226.0066225371065,4530.000833932483,1441.7949268855393,3156.1401436686247,630.674522,3522.9772686300344
2407,18.780262669149465,0,64.51633341473502,2140.6717768889303,4849.7999940324835,516.7384736812663,1363.4452089606054,682.2530891686379,1813.5932620565463
2408,13.646070401530878,1,453.318745,1480.5164941474554,2495.475962762198,1586.7780208522756,3114.978101140534,3257.0083838276573,2703.6051897239668
2409,15.595688148545626,0,253.8685647,4946.161847700163,1944.486705,2793.7542722160433,2776.9249812067856,4127.503179462822,996.9546708892242
2410,11.255528367697561,0,416.83925945526164,2543.007295382517,2867.423059631939,2209.8197851688865,2293.886008383728,2470.097890736481,2622.1417990661866
2411,8.355391471470712,0,571.8351968675476,3597.234061011067,3594.961428645807,2518.1835260118523,1038.3369778223164,2995.6130219103097,1597.2073367018218
2412,15.85338937991628,0,232.13268988793175,1132.4883541026234,1730.635319187409,4912.916988038223,2375.188987312534,4099.232543224557,2070.9364392233692
2413,14.117356582120818,1,326.132053,2685.153648,3814.1292857858275,2076.2256680119744,827.4306930783221,3247.2777831881863,1231.7018378166438
2414,12.52014320637169,1,337.84483852649214,623.9152394125947,732.4581070158847,2534.8232271204856,944.4607312943806,1511.4210694646877,1535.2446548610367
2415,14.360314099916957,0,203.27153662148226,2774.5480305970245,721.8252174,1100.8199810876881,2371.624398197222,3258.7341164126537,844.5588882
2416,8.124283790963505,1,595.9964397568262,4838.0783320296605,2238.2946731549537,715.8097959664444,1874.2166688580867,3327.257565793461,4639.556148966146
2417,16.909080597979344,1,355.10071467039995,2228.930208436101,2090.6293642732426,3989.3428156662258,4664.949466380006,3803.4814139650703,2886.848095889315
2418,19.222442075304585,1,192.99691810255695,675.4820565871021,1920.3494691521853,3068.074287823904,2190.6761242112175,3293.9338440056054,2285.338870682329
2419,18.36654716251554,0,250.89446117569594,639.3010591370459,2709.588932010095,3923.1716271975274,3910.3615493244506,4861.589587061171,2907.6314574595276
2420,9.821536179605257,0,482.59756577866193,2245.940419760913,1943.3011204020706,1174.3825949894822,2886.113868648092,1387.7973892268083,3327.319528166987
2421,11.090086599231139,0,485.3162261,1220.1122140843731,1365.1606331064136,3073.229470322109,3668.3855088905098,4779.908058051843,4648.454570162071
2422,17.126034496963417,0,105.21385155653476,605.0844334768366,1892.6129708987041,1641.391135,1670.5219235692964,2922.5277065750734,1304.1182852884099
2423,13.926756962369057,0,337.4183274836256,3902.9612627757956,4887.069227646058,1526.2781760500895,4738.572377772481,3523.8026322271044,1829.9862438584792
2424,13.218716655149738,1,471.30285454988325,2563.353539968508,2350.0103764768187,551.8670632384336,2885.398236114908,947.5771885348543,4891.052013548516
2425,18.899629513001678,1,220.10588442498846,1801.6014738769454,2501.2074958625108,1086.5332560608235,4240.958320783624,2212.5917362014816,2170.36844
2426,13.040374414655762,1,429.5081844,4550.374323574163,3094.452455,1891.706501748629,2142.7056206425104,3962.206159084277,601.5274284079744
2427,12.724080193809648,0,324.0019676220347,1022.6253209023653,4925.0334578640195,1025.9544226592257,950.9510707273604,3681.099567945457,1164.3957168672146
2428,5.630278868995394,0,623.9412032,4801.634730298936,1587.2057439609337,4936.362981849219,3531.7024147438196,680.6272467443458,618.5241579
2429,6.041254378852065,0,631.3553236,1912.8502281980877,3565.7694973959524,1888.8469183577781,534.9184175184101,2959.6741857376005,4954.654140893278
2430,5.111304618209752,0,686.7101781018991,4497.816525389066,3721.9311209377584,1086.4577601604767,2638.818394544787,897.2518683578426,1754.9188204605036
2431,18.698663386754504,1,236.18671759221752,3213.242944157577,3232.9598755687966,1395.8704077258099,1367.6085619990668,4981.353931,4655.942406213017
2432,11.125799900265509,0,512.5752703328128,4220.183118836694,898.6025283648983,3144.664527536644,3323.1897699591295,4537.834648399826,4981.488240918721
2433,12.028420642001187,1,609.3573313771805,4928.059234,3545.925241224094,788.1958573915483,4907.389429120335,594.8629719284163,3199.285495144014
2434,17.68080421388693,0,217.05698176060187,1797.8244701843557,788.4261996627897,4380.953585635206,2589.8130784429068,4363.923105061838,649.3834177950279
2435,14.13869465563667,0,357.46195394575426,4825.109684334168,3182.641922974536,4826.748556567163,4178.742154,4637.433202512834,867.1623367411713
2436,14.142523945858716,0,380.4858506,2252.6685270608914,3828.1152974978418,1610.363393003214,2785.0288412800446,2090.9670015355478,2667.150748
2437,9.448016440322187,0,520.1756705828709,2234.8035713161507,1449.3645077897768,2525.428708658867,2731.2801399681084,3737.7574477149465,2327.774058101687
2438,17.50862560886779,0,253.1952889,2031.7419691452756,4287.299033942483,599.6050296327368,4686.905719,2489.4668579350055,3227.7978760179544
2439,7.487449640592407,0,649.8214879175863,2936.3342330641335,636.5921248985192,3383.196011272497,4504.846409360067,3448.5461805935483,2474.8151437011375
2440,5.797243882594218,0,715.7124054430703,1193.6526943031918,4297.157886462377,2362.667261,4036.102093345885,2031.4283193418617,4703.345821721679
2441,7.874050362777984,1,628.6523979347694,2991.7016841110503,2571.4807278924427,1715.2630974570006,1833.1508899255284,1951.5165648497075,2906.328719
2442,9.016058282,1,620.6817060260347,2937.671655845018,1479.1457296924002,1430.7669977747382,2952.5378707577324,2409.952499859106,3621.767277
2443,9.234665867813101,1,642.0633190704195,3928.558156721915,1102.001652472856,3443.103849464422,1507.5375498755825,1155.0549139362552,4534.183726891235
2444,15.057703979281513,1,411.7507013581085,4251.424828719135,4789.882254120676,2372.976639645415,2497.625141209429,4240.1253399592215,1160.9234412494332
2445,8.267368809929653,1,657.2981144786064,2481.986076405908,826.9951441152052,1308.4668006346042,2678.9587959190576,2069.140529127365,1533.8059435333785
2446,15.149874567424767,0,197.7725918375803,1860.4996220817218,1395.9203897116654,3600.990866690708,4242.380180761989,2300.672992576303,982.9339721330678
2447,6.366982598506996,0,596.8113534739826,1667.007037926925,2065.200563448707,3042.8252736651216,4532.127643962469,4523.245757159651,1128.3727965346052
2448,7.208036916468635,0,577.2935925271217,1375.8072651719237,3291.0568203250423,4364.024247182733,2365.790281,2734.807163284271,2806.627851204049
2449,12.632321727364925,1,365.2223505646743,759.4141199,2951.604883742443,1028.641544944218,579.6700028295675,2949.1425920788834,1945.3066653535882
2450,18.82843703864964,0,223.74137659144597,2041.015905,1065.395715855413,4035.499708750053,4377.982279052096,4804.241561496943,2404.2777778703967
2451,17.89351383216671,0,173.9485631817345,1716.1146145885245,1803.7759268219659,3530.8255406776657,1284.2540532561231,4490.268724152451,4921.204243073278
2452,19.53130163664205,1,256.6093734659985,4848.878236398833,1574.3829698871084,1017.5492157264401,3298.468837506771,1262.6001899979778,1205.1695650817665
2453,14.757185979172563,0,210.75581143107047,3009.6897181251975,1460.9428452065363,3626.693284422743,612.3690519535903,2629.4676346314727,2933.654319
2454,15.13722299624138,1,376.42733813265147,2062.746675637284,2350.1495141599416,2486.9627999592367,2297.7791386725394,4870.833023428455,944.9201977414293
2455,14.375344983972381,1,535.9168728,3112.104204471632,3668.141536662456,4752.431535001294,4936.821359519074,2175.6483420287122,1933.2334096874538
2456,14.342283842872959,0,261.9883347,1126.3851560556297,1478.5381949775617,1137.251077780547,953.121205,2172.0789883229004,2873.866656535694
2457,7.206805176,0,583.8962132630204,2498.196871409913,2150.054958663416,3392.750258670821,2406.6191839983903,1377.6360430511945,4759.8428568440195
2458,13.15608434245893,1,378.5968132171556,3318.054446394787,2259.1284207852304,2218.910204583257,1882.1747758547847,1014.4540135360635,2260.5269957756736
2459,10.791019001775886,0,499.5232377164705,2700.040243066031,4894.054382459346,4805.666018,4572.896555247189,3831.371558401918,792.0801329660142
2460,11.63805824,1,604.4158915881559,2308.0046029444593,4795.998606,1984.887028806244,4412.030485583098,3965.137109156824,2246.726515821426
2461,12.85400859588856,1,556.1052635105051,4972.317750048642,4100.619122384342,4829.836592713101,1569.6444213780296,4860.558336,1155.8352914328998
2462,6.925942577033775,0,512.5639659,4461.416429670171,1587.4651436863332,4556.686329953371,865.3450417269403,3980.3819490741334,1534.9532598115038
2463,10.392316007781798,0,496.5674327663112,3305.3268117174803,806.1679134125136,1716.7245588979536,3322.1227732750285,1595.0862231511942,3281.4078042424567
2464,5.951743413149054,0,532.8551539,3062.1981253202725,1926.0686197428115,4115.937995718925,2013.6592034766938,680.5246022983195,803.4073979165676
2465,19.695021956335985,0,121.10906268981554,3292.9721592106284,1700.5754724522387,4980.218908115777,3524.379757727284,4934.468229663471,2591.2569031251683
2466,6.777920432301892,0,576.3927265079772,1405.9044852009497,2776.6661006587724,1636.9835097707705,644.5389023051652,2032.0281299462258,3242.577137
2467,8.877871078174318,1,582.3905274198137,2278.1198446894336,3999.7755953050687,2465.4972619549385,1100.2965582987024,1903.8719409458934,2398.362765653736
2468,18.36939390055096,0,166.91930432020868,677.567898,4362.453224954861,2840.8133145504185,3588.675047476895,4576.7984438722215,586.0685778067866
2469,12.240650693587128,1,525.3071086893264,2639.957169,4301.888384347289,1827.1901111173895,1455.667949,3132.9495434524374,4934.837106062894
2470,7.034558022809454,0,656.0916968245048,2943.6106278094844,2118.540025503805,568.6917784071339,4359.144540930807,1466.9202823211056,2152.020953032409
2471,10.763458070590234,0,430.5879437220031,1524.873812464443,3592.554545573073,1490.5815988888698,763.6589946956094,4500.933092223078,4003.597341199701
2472,6.738019912870787,0,555.4559602523398,4838.129812244812,1907.7538888589902,1768.715979537913,1469.6689225350858,4970.123847746345,1965.4092148435395
2473,8.003239956267526,1,661.9467618636377,4592.545749217589,774.0749445583222,2496.198655931842,4993.521118182809,890.0535251787383,2637.5754064703847
2474,5.780447704247676,0,682.4853861,3749.6445595515765,3657.0436952132404,1269.9611528603084,2448.842461640567,4380.132327361192,2248.0863917494844
2475,11.573412418236499,0,453.5491428210619,2900.239829444132,544.2239865640453,4429.644605112527,3663.3454859508956,2257.320639579773,2041.4265327932346
