MMM brand data.csv
Week,Price,Promotion,Sales,TV_Spend,Radio_Spend,Print_Spend,Search_Spend,YouTube_Spend,Social Media_Spend
2476,17.099541825878894,1,278.3824427306486,4414.861218414582,2341.3216435631984,3672.1000972910124,1321.9837198565615,2858.3260092801697,598.3311974350044
2477,13.789537680498432,0,323.39274900182727,1087.9355472055831,1982.2067118593409,883.4021490184789,3244.409307,4616.6718909424135,2120.094220345266
2478,14.095179582269177,0,427.0460958730277,4057.2940742369824,3620.198923334836,3425.4160301296915,3767.4773076623833,4880.206380988027,4502.704956797885
2479,8.008760451248605,0,639.4279674013841,1061.6936628508174,3948.104627421705,3441.454143825292,1915.1448613992975,1679.7375968395972,3606.7700236715764
2480,10.158407648785499,1,635.1367936,4073.9479814723245,1868.4258618707772,4802.995281396325,4230.037004,1457.828469319612,1154.4028659294793
2481,17.67863155761248,0,237.4927207885838,1740.9540571311063,4152.321565001841,513.5939211027256,3215.379103125275,862.3245136618034,3160.1975208023264
2482,6.317842764897718,0,728.6027981,4446.907614581851,1822.6254222722018,1615.6960241261324,2251.053543267636,3028.090336979621,4515.038869769922
2483,17.868959805028005,0,282.4996447858424,4748.189422,2508.4686199395255,4675.0616571889195,3009.3907700442137,561.2197795280072,3650.1531843418493
2484,12.255350393971785,1,536.7821614751269,1169.5818623230202,3771.5833715636027,4694.602619292274,3095.4238134616594,2353.5423392447146,1169.0797656051354
2485,17.55721146987676,0,173.41223761195698,2582.040222794271,3618.1410315115486,3742.6388871678682,1244.908817122397,830.2280749340384,4405.246235305235
2486,9.770096290916005,0,560.7187700739474,4914.443201732083,4943.158125404901,3945.934945,2312.2956644013475,2323.5160231820028,1856.9480597998943
2487,10.082644273745313,0,431.0049273938079,2675.3334618791596,1513.2246089716934,911.6733107,2045.437646087719,679.6948516952417,2543.342649405538
2488,16.27407302484714,0,287.2369041291749,4385.963851315453,3480.4306109281206,2812.441256502051,2304.0622516060675,4258.477673,2867.6424186011586
2489,16.774942600883303,1,356.76532597028796,3149.2918495909394,3243.568587240998,1542.1234608004972,3924.9976481836607,1443.8254727235465,4327.279719701879
2490,8.444670169852202,0,597.4525805690315,2188.984585638208,4617.943045205135,1315.4811962612775,2671.422833600027,1977.389196610604,4692.233728164475
2491,19.593069872328584,1,357.8258499856029,1786.025999866416,1203.6296374019378,4146.364846054997,4731.42269,4415.215984728764,4683.437950057502
2492,6.267351563672435,1,735.8544013931527,1414.5039098873926,3883.0917361411985,1107.6716150624634,1821.5438601129629,3858.197275994923,535.7938157534329
2493,6.027544446531963,1,789.9451644983409,3928.0918611996376,3057.2087732094574,2608.9323664837334,2370.6661022821804,1485.6726273892632,4648.498185134557
2494,13.932563229291542,0,303.54845401404293,2239.432280703625,1735.9964140455743,4723.602078137149,4041.3056471556865,823.5473839587322,744.7413470070755
2495,15.84111151657432,1,425.60285054223675,2800.73958,2634.9571136622835,1336.2442500440416,2957.1106699433763,3720.5319958490277,1695.981455678459
2496,19.413291938374606,0,179.55538326567955,2715.464660005319,2001.994687,4900.970406822055,2961.626658910015,2258.161478096492,2817.445346275248
2497,11.074186711982923,1,523.8240686790468,3097.7556315490906,3106.9103125480738,4974.295935924765,740.0307335233258,3947.3599960319957,2659.6656005197733
2498,5.379371134844496,0,727.8362887078766,4395.097155310485,4500.5027486659965,3000.2771960708133,2293.6984822330514,2503.826475688447,3221.194072493264
2499,14.043445091696105,1,442.79210464829276,4913.327046125432,3061.872429854909,1265.6423307972107,1718.3017958977962,2057.0108583752435,2657.508029316526
2500,9.345440308981578,0,664.3290402512695,2334.1289385821765,3342.7508824696283,1922.4719957340303,4997.008052740019,2530.4243369557844,4704.690558381893
2501,11.494206817931033,1,562.6717610146509,4223.835149478364,2834.3653120161925,2410.2177470444085,1887.5978178453963,3868.5154355180453,1582.4698169656415
2502,12.32704223374903,1,571.3537908452644,3940.3750759462296,730.2447790046416,1891.9590096120032,4480.2344065723855,4559.991289431684,1733.1111231731863
2503,5.967689161070507,1,834.1953490602237,3080.880282,1547.8635059424241,1762.8601094443209,3543.0518076821486,723.9523846485899,4643.320710618753
2504,12.289726768461541,1,549.5965452139842,4802.212146253699,2714.0077824443724,4875.033691473609,2034.1238413644069,2858.501935521298,845.3278119
2505,11.394795002064722,0,363.0986066792827,1402.1353198778124,1896.0587768511714,1190.1417233708553,2945.9047026835565,647.7594308774492,3243.023698571644
2506,15.688163979298897,0,281.53764963709574,991.6889463932964,1317.936189925374,3799.9755892258804,4282.411459771372,2607.8429526096143,3567.8117842952483
2507,14.68498866818517,1,442.2720050982017,4342.8288512993995,2768.5977886329724,501.8463024762869,4475.157341139104,4483.772730936052,2774.9377554338275
2508,7.778235772258416,0,591.6661742,2476.174174851867,1952.6440705153263,3182.8220123106958,1221.7724375276534,2127.1561988913936,3624.0434547041173
2509,8.092083773155956,0,500.37408045102706,4311.359843931772,1661.4843942803664,4621.743517793236,2028.0791354367632,4696.026894862895,1277.3959070538515
2510,8.765092681615599,0,507.5247052478379,4518.905923379367,2587.934378481714,1795.7034234194855,2008.5043109610724,3337.7381224277424,4336.845047471929
2511,7.684256604,0,537.4187386601981,781.0591712858215,1099.779161369779,1334.8668886597363,689.2015823417511,4703.699047068529,1130.1156026144852
2512,14.858197995027007,0,363.76689641707924,4475.591433437274,4674.855798839333,3432.5590769529213,3192.0699193335345,3907.2498143563384,2303.6559994208737
2513,19.916452688004057,0,139.8035371048666,2517.4357491623996,4404.659440636576,3706.7063328427694,4346.690238464846,965.4582499194303,838.6592058869261
2514,14.781625107739048,0,342.3948579425076,2796.946200519045,3684.292635832409,3596.137335283916,2217.084745,1540.1811540320468,2953.4498546783007
2515,14.100223192869368,0,384.89959668936274,3319.666299919446,977.9622241480529,1936.9259600961832,3830.1617524287967,2273.767045625778,3513.856133415376
2516,11.148919000266087,0,542.2034862729679,4668.721730285391,3991.447645113619,1634.910809716989,3324.6518612033296,1265.480969054342,4735.497357928807
2517,9.688703883,0,542.9961546869813,586.0224249339382,4135.807976490585,4801.634599829199,2190.4193097185034,2727.102221494972,3827.012881532004
2518,18.666106353597186,0,149.65980841913262,2645.795607430177,3954.9407797145195,4654.847787214682,1134.769097715337,2621.1567006567075,2934.9631240436797
2519,19.535028112132295,0,205.9025421661736,3594.749190937523,1012.8464920365852,2557.9247445176916,3691.9573374918527,4803.166391123215,4696.776577266502
2520,12.451642633815917,1,577.045548,3752.1813096420283,3397.585806804941,4307.872398,4345.543260235582,2451.7754730318998,2652.9657711839445
2521,9.353007432598362,0,674.0723033,3616.395941916986,4254.461580872294,2535.4556493543323,3586.3452158067134,4035.320619,3025.425438944912
2522,16.551833115046513,1,319.69485771407585,1104.9580823365484,3098.090305488505,2409.750581326297,580.4531781566812,4738.597451831659,3182.443374515431
2523,6.986851863003176,1,715.3779221551432,1847.2801476725656,3408.8331885264006,1205.4332641968258,1473.0480247594605,4446.449739382935,2344.9087664895505
2524,16.483823564655225,0,176.44748712732215,2114.2198643765605,2562.635657418378,2418.8272542138775,812.6599319758936,1439.004310302163,4273.172107546208
2525,17.28422561467008,0,273.1249075216515,4119.967434557772,2879.1829394782367,2918.3762236991315,3066.7374480930202,2732.134524140949,1333.291724802766
2526,6.873559169,0,588.3345038508646,1754.4194258654886,654.6958625827634,601.2694734290891,3904.149554781856,2064.8290203316656,2996.789856672236
2527,19.652922031948457,0,37.07950784932968,1448.172337402414,3375.3335988797808,2498.508523289329,997.6063418089675,2299.3641281174696,3750.0496528423732
2528,19.78268435582718,0,131.75949220987303,4808.516085671433,866.5124580102164,4016.1029827784014,4272.520192670234,2123.6307181058805,4567.892773444597
2529,19.05079218991027,0,200.3348329976112,539.884783,2457.5656745310052,3560.2072536842143,2999.7904027796744,4218.616445787518,4477.632783954253
2530,12.440522141093965,0,515.4502466014989,4990.193850568902,1816.9479395033352,3358.2064498877075,3604.860554637762,2534.6257480510135,2789.331302435639
2531,8.691112134152426,0,707.6710188888283,3545.6958448582805,2954.425775952709,4592.999427967411,4871.3083187389075,2856.6244951010967,3394.2265302350374
2532,13.730139213228695,1,362.13234089544767,4228.111847521027,1100.3735098544319,581.1440442,876.5644471146379,4921.0131067118355,2274.0698125818544
2533,11.299007577071535,0,517.3268176319136,1825.7872835578692,3612.3953088799317,3006.7141378650535,4555.508103400052,769.9067248618239,2606.7999329609015
2534,8.089229670757955,1,586.3608825247582,564.4187495017699,4077.5519161781167,4043.069817843682,1067.4621319433418,2695.809379,4578.196066578723
2535,11.355146144267714,0,500.3891705124613,3820.412833526885,1235.0950238442042,2936.0092221557024,2268.31463,3983.2776812575225,4688.167969366133
2536,14.958347535163858,0,388.0657960485263,4253.650686503041,969.4088930834697,1957.5299866117061,4331.4741334900145,1180.2288118470194,4529.363261301589
2537,6.063699661789865,0,676.9768710909393,3832.142593790836,1154.8196725431162,1113.1275429139005,4578.144065320406,3251.8921757664825,1122.668878161372
2538,10.001270021690248,1,665.7104445,1142.8262928537738,4447.074028543258,4494.033823172861,2778.672530953154,1577.5915079051003,4325.378095987863
2539,5.266923350192378,0,784.6082926440473,3890.425650156361,2876.8516779036026,2618.430765744213,3173.470872239413,4403.318509510555,4767.636789596661
2540,16.242432581925137,0,310.9685532,3960.1525194843844,2602.6744820337617,4451.518386435657,3686.6630056935073,1971.9484943003567,2125.623625581221
2541,14.610369014250512,1,487.7770000142649,3463.432320515247,980.2031859605943,3136.3345509492574,4247.414008037214,1980.782676054093,2833.9083023975118
2542,5.940082020529488,0,677.0774925425955,3947.521697580138,3423.0020304063282,3533.8645247675036,1046.8002629194978,3191.872453330521,4005.9286511584814
2543,19.471063394029517,0,236.27978720603392,4306.646478549795,4405.998163527905,4119.175194703025,4145.311887031525,1326.0330865395892,3029.3516190454193
2544,5.339323357,1,860.4431608527244,3261.218514068563,4226.836411955538,3466.199950700605,2665.7426773022753,1781.9988750637747,4970.675847678122
2545,13.84940969714133,1,460.31148953728973,898.7212128635558,3317.2461904136057,2291.2467830552196,2527.8054129867605,2374.843325537352,2550.7101432057275
2546,16.645511926985836,0,197.6241758758448,2694.325143502449,838.7542249325313,2811.3502276789295,2407.548883986492,2091.370384130497,3712.7422004331993
2547,16.818444695670845,0,173.03102479658222,849.4220060222228,1005.7866222920584,4113.7048610414595,2791.4521336071916,2861.947481025121,4066.660130884449
2548,5.514277033898057,1,833.2262763318998,2333.9436396459387,721.8904419942111,2181.426333678429,4752.727490275716,3198.380648310348,2723.4518709129775
2549,18.59622698960659,1,260.37313963199404,2331.9792010653246,1658.6564742161117,2246.546555458237,2966.9169775646824,3050.0035418757407,4356.4271257011915
2550,18.77677507890683,0,154.86171520813053,797.0442986,1110.476602,930.6055222610053,4789.298922184126,3443.757403963695,2957.695660432384
2551,13.42085559731559,1,461.27449932042515,2069.692402862657,1670.2161811359524,4615.629958497865,1311.3055877703828,1884.872824735191,2352.428585607341
2552,12.231247983307192,0,314.0438234232503,999.4914445609168,2232.761250735328,909.6634172544877,3758.611904746849,1068.9180221976262,985.2065323337615
2553,5.673011945938997,0,698.7495040135653,4137.058445,4743.422528,3416.9412985185013,4155.077923739363,3923.633936439847,2270.361093576909
2554,13.42931213764803,0,450.2721810895186,4764.596116840118,3246.6922690176143,2359.3751546125895,3556.0797410068785,4328.511721838069,3802.7140462997786
2555,11.140686226553461,0,533.6384394086795,825.4241386607237,4257.3820355733305,2325.2872561494905,3231.1502610194316,1656.528045000945,4645.788852560483
2556,16.59209611112984,0,357.6685424190846,4798.018432812656,3696.581753205495,3557.9832645770775,3041.657515,2331.913802711089,1632.5573173713963
2557,11.058253503291319,0,540.9540938493346,2851.594697015353,1006.2640873698429,801.9217968344542,4374.187171604131,2743.5614763359986,2098.559827987262
2558,15.253712499870646,0,343.3331626072769,1848.0455507924326,3811.6418286827698,3171.676023281456,4197.409687,2899.970792388214,1192.8244734699178
2559,6.521122193562962,0,660.5980035483648,845.8793387427359,1737.944967,3974.1430368755964,1050.2992453126978,3467.705769894433,3608.2530240303595
2560,6.994284061489504,0,679.8878166565744,2752.809206,3375.9853114761786,4226.957410489674,4318.644456638951,687.2145500989461,4820.847935044663
2561,7.095652859737376,1,767.1045625353129,4075.319950208369,2034.3288813934485,1267.3867522719888,2363.308787481991,3746.6468723030766,3384.284989
2562,5.682882496996153,1,773.9048708097873,3681.8891477001416,4989.525184690966,4538.385725351782,1641.6357349811485,778.8695314073462,3276.844385028018
2563,13.119932889047057,0,394.13269237145727,726.0170516,1685.9816577355002,3452.657413,4413.9585560626665,2607.2985545279053,2990.7046872519527
2564,16.90951589065454,1,344.5875707269885,828.0582591555658,1756.0871184842135,4468.346603693073,2444.1115983518375,4224.520110061374,898.0508330849143
2565,14.156168055404992,0,416.1870475767821,2312.929771846867,4688.025150030792,2683.763226995892,4137.641105795676,2530.4689097527835,3782.767218932226
2566,13.624323283292844,0,321.69739003478884,1828.8072232157447,610.8998208634521,2939.1500529374093,1685.3162538013003,1170.903869457115,3209.222945972079
2567,15.209358926041046,1,320.96618414535595,1545.7294537522152,3635.100445429386,4635.672247,517.6819463999801,4932.652302526819,3476.645459853292
2568,10.094679846080222,0,486.5123877276917,1764.5202450892111,3763.9687583114514,4549.592945096023,2729.5663680632497,4501.784579334185,4544.649918623397
2569,10.429311074723433,0,453.87746838043677,4115.672344835981,4263.703598346798,2516.723930160509,951.0271548929792,3970.911349512563,4027.8235417745805
2570,9.714051473313837,0,623.0487855618428,4681.526241343343,4884.976897873139,1734.856842360568,3894.6917998620934,2351.802213046447,4014.1186346953673
2571,15.681633992803633,0,300.4643626804702,2322.962125374049,4890.208636204936,2269.2669555391885,1742.3381123123465,1327.3057710018402,4672.326959957064
2572,7.424605035061615,0,658.8662814189853,4577.499509596237,793.7454090490876,2244.939478383874,2496.405409715654,4736.350316383256,4954.707281583498
2573,5.195379204693865,1,771.7563403126296,1946.7306556154688,4198.2769523880615,1790.9009374225727,891.6510429119941,2895.5800693271253,3115.7722938247684
2574,13.942946700837386,0,294.01531697405386,2643.9664385470624,3408.394701458216,1708.6082194983496,1789.966618012637,4335.599571743684,989.9672721402459
2575,19.13572047101308,1,263.8693116382798,1517.1304901719986,3413.039605,4374.783214158737,4016.706094663574,2039.4275259174158,2566.0845849894636
2576,14.141118754944571,1,352.03179923328855,3382.142189791298,1077.5746697661266,814.3786430809776,1182.1456035604376,2008.7974268576177,4044.2051590773995
2577,16.743824794113426,0,258.22687538841524,4905.415018,3425.842249,3549.2503194481737,3412.218025071308,4934.932163033176,624.7639614283214
2578,15.091860641990452,0,336.3227550952955,3215.7189321952037,4921.171612705615,1277.6902315540353,4628.416337620255,2848.248718226824,755.9934726026709
2579,12.461549802845244,0,323.88559411204335,2110.163379,4603.183562927511,2050.2765202732844,3559.265418909741,1133.1294073733584,802.2100207
2580,15.77588602675769,0,292.37472097203784,3415.1785069573775,2476.0879736218276,776.9436536067658,4149.597601815021,1488.5360509761833,3789.6609124773986
2581,17.361561857828328,0,137.97135574160677,1053.143053094244,679.7658797874245,1714.8813658495792,990.3723318676211,2668.7492572672436,2755.2498285342745
2582,8.370974663,1,549.7426392461672,4498.965861194294,2130.3207050009214,3957.8948200275895,1628.2932170092452,691.1190972,2160.040745842671
2583,10.041957207247183,1,652.2698859312309,2763.877778509264,4218.756402202498,4482.568960462664,4525.424835,2581.4029342023523,975.2767037
2584,8.355885987549257,0,610.5928040253399,2522.0738391783893,3656.7459565932472,1496.8721835606516,3717.9752612814013,2385.2337893605745,3795.081125926501
2585,11.782594333856615,0,477.60076306188427,3136.3915480408364,2567.046450172804,2585.9652766651484,3377.992219,4007.0131939376915,1944.5891474790485
2586,18.275968263750016,0,168.16847532903404,3311.527382552311,747.9569082147399,2616.4582157174286,3486.950313,2097.2388402015877,1693.9583152910022
2587,10.178106512529986,0,465.17876892866053,822.9911280193087,2421.026275204862,4431.088875918804,2363.9024943708955,4921.469426928197,3435.4364069909793
2588,10.617003336958302,1,549.2775658993853,3571.777495505311,2610.6122287304756,3932.5957379411243,700.5048422794395,1313.464636854064,3015.549016685788
2589,17.905508520078975,1,305.9075750114466,1588.692561419883,4678.499898023611,2808.847482656224,4029.9869393182807,3159.440082356607,2130.8478881598576
2590,12.730614961170128,0,443.3224574886308,3712.786846279654,3384.8874661197174,3518.3624021229803,3554.209562969092,903.6468365371459,3386.6936186251464
2591,13.031734994711517,0,433.7345539344371,4201.406574728886,1902.438125,4313.097743,2627.6200885072612,3802.387927972919,1720.4968417285318
2592,17.912018049983192,0,323.69278462862087,4117.813283986341,2863.932190028246,542.9252931149523,4548.918269157159,4976.3915962788715,4076.7361772194704
