MMM brand data.csv
Week,Price,Promotion,Sales,TV_Spend,Radio_Spend,Print_Spend,Search_Spend,YouTube_Spend,Social Media_Spend
2593,12.357901055382097,0,376.9951854,2986.254353335501,797.2488851997202,2313.0051397252187,2012.718492432945,4186.123869882345,1531.9352763844427
2594,15.22336301944093,0,268.19674831366234,2840.7645153983804,4876.5570604238155,4582.594252746854,1824.4478490405616,3000.6659332413556,1214.7696292190703
2595,6.284669988110911,0,769.3771380879883,1142.9418260273528,2120.2695586882674,3831.4086387977814,4427.583462857492,2681.3361082986144,4020.9773427449372
2596,7.679475697,0,711.5984229678799,3989.057677,2650.403097109111,2942.786184503336,4086.4444464154344,4257.634825700811,3685.5141381406993
2597,11.065643010743685,0,519.9186580873389,1721.3422120102146,2098.7778840661517,2883.4003716581005,2817.4091479175513,4711.8833811982595,1321.8753906580928
2598,12.422586017298123,0,315.70526314399575,2735.1294026807595,3571.3027855229006,2064.965439,1088.306327560325,4951.429366091418,1023.1058871047209
2599,19.486005518543443,0,89.57074551926766,1779.2334181738252,3480.0447124831685,2842.3424013868153,1467.821621592736,2284.4265240401783,4272.795898190114
2600,19.55977449571685,0,179.70227336883806,1102.227633498619,3718.950397,3449.2243975855395,3453.025957,4959.128636575306,3994.6931698850963
2601,17.767956312181425,0,172.90713118309898,3333.0096360128146,1706.6445332536437,2382.633672929569,2232.6855702818525,1201.6681347822419,1972.658181648489
2602,9.733982529283619,0,494.0260666279226,744.4941567030672,1920.508165238297,3713.689158764783,4264.129362496871,1640.9739916935914,3461.8883369601504
2603,19.460424362486595,0,98.34189939383404,3868.903554,1063.6305399329358,4375.545022671737,4774.797541994919,900.5725613025329,1058.7208394651486
2604,15.340112970143188,1,440.11577306293407,1929.140578675025,3449.794873307507,1196.0818168318751,4125.3661637371315,1722.8233241801674,2781.7144657145514
2605,10.894101917261006,0,368.9008483431582,500.60611852018394,679.0870730104365,2531.9616026784097,2198.9544034800074,3955.718982,584.2863142718894
2606,15.525123754771496,0,327.29910159735675,2800.0811265675343,3189.570509855566,2336.0904107828646,4049.0889315414083,4338.159611803024,2262.2084641469996
2607,5.247840946797899,1,738.2405108,710.8335883742141,4413.631481832352,3593.5916182237765,2081.4875306180757,4005.0169029615727,836.7926966213229
2608,7.192320234113204,0,515.2572749991061,1742.7630101940476,4508.744667303351,1624.4035936606822,1251.9503949453524,3339.7960017546334,2638.1623107059713
2609,17.445285673345516,1,244.0470351948673,3681.394193550723,2520.6699216648276,3381.129117285243,650.2694218963583,2812.849306351905,2397.5674108380244
2610,14.683604553097567,0,282.2203121930946,782.1032972983965,2566.866596958832,4448.7015877916965,2235.7252074245903,3689.1693014614093,2499.732619871252
2611,10.46292051937826,0,493.9559648253122,4277.023216,846.3613235360781,2381.5921990713023,4566.0168666377685,2258.750971702498,703.9908592159734
2612,12.50999960334078,0,330.7197096397339,517.189652,3518.4426144936606,4599.57065,1575.4396449005442,4285.887581748659,2127.273535768246
2613,18.577132244686503,0,168.28814946700777,1610.7074114085601,4195.6673916778045,4969.236825200653,1429.3092421840279,3547.3554228955345,3904.177320949624
2614,14.473671642186298,0,411.66809107818705,3834.0682526843216,1600.9477457212088,977.4142247657843,4864.193533584681,3640.1211432248383,2160.11468
2615,10.972239259014954,0,425.87561238790073,1923.2156737818805,2395.853967350141,1548.739345931864,612.5185078276645,2911.711969080821,3718.273786743113
2616,6.804899860963025,1,758.6154901094418,958.5157462970609,4274.777015443717,4776.7088816694195,4036.0196767718944,4483.5304289502765,2162.6542563517996
2617,9.406202024383415,0,533.8196097900645,2121.0526346019255,4447.042104480296,4812.474589166241,1946.1648008339166,1634.0663015557361,2404.577486705839
2618,19.67510349194875,0,33.14140791,1716.769788730365,1594.3099111890167,939.6827392404132,668.6958059,2215.1644401247286,3037.5145077316974
2619,11.560445942776663,0,503.5425803903295,4292.203559722497,2977.567855436139,567.4932517,4630.111430943126,3999.391563549601,4778.068715631871
2620,12.077591957672913,1,456.1590425071659,1910.065629133144,1366.2191778612219,1224.950105,1128.3904859431264,2717.3700325820196,989.8720099099482
2621,12.47897048595523,1,482.0083761940094,4050.1961229920325,958.4544386280045,4982.057525220117,2983.006776765629,4501.463060408859,648.1119589752816
2622,18.261560344223167,1,243.76337723320177,4513.424651648306,4600.042256263809,1309.9982747480908,1733.243933432965,2058.7969389328355,3235.807327145203
2623,14.058924265779648,0,269.05213723950664,2452.178388094383,4192.283769044491,2761.4642302491043,793.3676098311096,2161.9857596884012,4770.936900177919
2624,15.405155546778833,0,263.8780890054709,4594.744147344763,3920.1570581142823,4317.879769,724.6511854852059,4499.311052239815,4953.754096496217
2625,10.84120313823656,0,378.4048818668135,2197.931242834368,719.4484346591319,591.8072480969286,1020.0051447635245,2589.6664408191846,2678.739113264008
2626,5.436314278834615,0,649.4613618336165,4838.352874205487,4296.7795671961585,3220.2004201630675,821.1515625022103,2822.560629,2606.367294882943
2627,18.964593713642664,1,255.56667622079962,901.8028603650782,2471.198341574227,1746.6145199133096,3922.511519839653,1997.4367190105572,3402.336968353383
2628,19.236915213746094,1,295.86696046660074,3591.5866992645924,2040.7780548313683,4380.507123978792,2685.047910275431,1745.0147398058687,3000.356407422364
